Java HotSpot(TM) 64-Bit Server VM (25.231-b11) for bsd-amd64 JRE (1.8.0_231-b11), built on Oct  5 2019 03:15:25 by "java_re" with gcc 4.2.1 (Based on Apple Inc. build 5658) (LLVM build 2336.11.00)
Memory: 4k page, physical 16777216k(1592368k free)

/proc/meminfo:

CommandLine flags: -XX:InitialHeapSize=134217728 -XX:MaxHeapSize=134217728 -XX:MaxNewSize=44740608 -XX:MaxTenuringThreshold=6 -XX:NewSize=44740608 -XX:OldPLABSize=16 -XX:OldSize=89477120 -XX:+PrintGC -XX:+PrintGCDateStamps -XX:+PrintGCDetails -XX:+PrintGCTimeStamps -XX:+UseCompressedClassPointers -XX:+UseCompressedOops -XX:+UseConcMarkSweepGC -XX:+UseParNewGC 
2021-01-22T12:15:56.175-0800: 0.113: [GC (Allocation Failure) 2021-01-22T12:15:56.175-0800: 0.113: [ParNew: 34944K->4340K(39296K), 0.0098663 secs] 34944K->16245K(126720K), 0.0099883 secs] [Times: user=0.02 sys=0.01, real=0.01 secs] 
2021-01-22T12:15:56.196-0800: 0.134: [GC (Allocation Failure) 2021-01-22T12:15:56.196-0800: 0.134: [ParNew: 38657K->4352K(39296K), 0.0080253 secs] 50561K->28721K(126720K), 0.0081275 secs] [Times: user=0.01 sys=0.02, real=0.01 secs] 
2021-01-22T12:15:56.216-0800: 0.154: [GC (Allocation Failure) 2021-01-22T12:15:56.216-0800: 0.154: [ParNew: 39296K->4351K(39296K), 0.0103266 secs] 63665K->41219K(126720K), 0.0104350 secs] [Times: user=0.02 sys=0.01, real=0.01 secs] 
2021-01-22T12:15:56.234-0800: 0.172: [GC (Allocation Failure) 2021-01-22T12:15:56.234-0800: 0.172: [ParNew: 38822K->4348K(39296K), 0.0084536 secs] 75690K->52405K(126720K), 0.0085529 secs] [Times: user=0.03 sys=0.00, real=0.01 secs] 
2021-01-22T12:15:56.242-0800: 0.180: [GC (CMS Initial Mark) [1 CMS-initial-mark: 48056K(87424K)] 53124K(126720K), 0.0001673 secs] [Times: user=0.00 sys=0.00, real=0.00 secs] 
2021-01-22T12:15:56.243-0800: 0.181: [CMS-concurrent-mark-start]
2021-01-22T12:15:56.244-0800: 0.183: [CMS-concurrent-mark: 0.002/0.002 secs] [Times: user=0.00 sys=0.00, real=0.00 secs] 
2021-01-22T12:15:56.245-0800: 0.183: [CMS-concurrent-preclean-start]
2021-01-22T12:15:56.245-0800: 0.183: [CMS-concurrent-preclean: 0.000/0.000 secs] [Times: user=0.00 sys=0.00, real=0.00 secs] 
2021-01-22T12:15:56.245-0800: 0.183: [CMS-concurrent-abortable-preclean-start]
2021-01-22T12:15:56.248-0800: 0.186: [GC (Allocation Failure) 2021-01-22T12:15:56.248-0800: 0.186: [ParNew: 39252K->4351K(39296K), 0.0080525 secs] 87308K->63442K(126720K), 0.0081441 secs] [Times: user=0.02 sys=0.01, real=0.01 secs] 
2021-01-22T12:15:56.263-0800: 0.201: [GC (Allocation Failure) 2021-01-22T12:15:56.263-0800: 0.201: [ParNew: 39189K->4347K(39296K), 0.0112077 secs] 98280K->78490K(126720K), 0.0112973 secs] [Times: user=0.04 sys=0.00, real=0.01 secs] 
2021-01-22T12:15:56.281-0800: 0.219: [GC (Allocation Failure) 2021-01-22T12:15:56.281-0800: 0.219: [ParNew: 39254K->39254K(39296K), 0.0000224 secs]2021-01-22T12:15:56.281-0800: 0.219: [CMS2021-01-22T12:15:56.281-0800: 0.219: [CMS-concurrent-abortable-preclean: 0.001/0.036 secs] [Times: user=0.08 sys=0.01, real=0.04 secs] 
 (concurrent mode failure): 74142K->80742K(87424K), 0.0197632 secs] 113397K->80742K(126720K), [Metaspace: 2734K->2734K(1056768K)], 0.0198946 secs] [Times: user=0.02 sys=0.01, real=0.02 secs] 
2021-01-22T12:15:56.307-0800: 0.245: [GC (Allocation Failure) 2021-01-22T12:15:56.307-0800: 0.245: [ParNew: 34936K->34936K(39296K), 0.0000406 secs]2021-01-22T12:15:56.307-0800: 0.245: [CMS: 80742K->87401K(87424K), 0.0207976 secs] 115679K->94270K(126720K), [Metaspace: 2734K->2734K(1056768K)], 0.0210059 secs] [Times: user=0.02 sys=0.00, real=0.02 secs] 
2021-01-22T12:15:56.328-0800: 0.266: [GC (CMS Initial Mark) [1 CMS-initial-mark: 87401K(87424K)] 95895K(126720K), 0.0001800 secs] [Times: user=0.00 sys=0.00, real=0.00 secs] 
2021-01-22T12:15:56.328-0800: 0.266: [CMS-concurrent-mark-start]
2021-01-22T12:15:56.329-0800: 0.267: [CMS-concurrent-mark: 0.001/0.001 secs] [Times: user=0.00 sys=0.00, real=0.00 secs] 
2021-01-22T12:15:56.329-0800: 0.267: [CMS-concurrent-preclean-start]
2021-01-22T12:15:56.330-0800: 0.268: [CMS-concurrent-preclean: 0.001/0.001 secs] [Times: user=0.00 sys=0.00, real=0.01 secs] 
2021-01-22T12:15:56.330-0800: 0.268: [CMS-concurrent-abortable-preclean-start]
2021-01-22T12:15:56.330-0800: 0.268: [CMS-concurrent-abortable-preclean: 0.000/0.000 secs] [Times: user=0.00 sys=0.00, real=0.00 secs] 
2021-01-22T12:15:56.330-0800: 0.269: [GC (CMS Final Remark) [YG occupancy: 20643 K (39296 K)]2021-01-22T12:15:56.330-0800: 0.269: [Rescan (parallel) , 0.0001639 secs]2021-01-22T12:15:56.331-0800: 0.269: [weak refs processing, 0.0000124 secs]2021-01-22T12:15:56.331-0800: 0.269: [class unloading, 0.0002217 secs]2021-01-22T12:15:56.331-0800: 0.269: [scrub symbol table, 0.0004603 secs]2021-01-22T12:15:56.331-0800: 0.269: [scrub string table, 0.0001681 secs][1 CMS-remark: 87401K(87424K)] 108044K(126720K), 0.0011093 secs] [Times: user=0.00 sys=0.00, real=0.00 secs] 
2021-01-22T12:15:56.332-0800: 0.270: [CMS-concurrent-sweep-start]
2021-01-22T12:15:56.332-0800: 0.270: [CMS-concurrent-sweep: 0.000/0.000 secs] [Times: user=0.00 sys=0.00, real=0.00 secs] 
2021-01-22T12:15:56.332-0800: 0.270: [CMS-concurrent-reset-start]
2021-01-22T12:15:56.332-0800: 0.270: [CMS-concurrent-reset: 0.000/0.000 secs] [Times: user=0.00 sys=0.00, real=0.00 secs] 
2021-01-22T12:15:56.335-0800: 0.273: [GC (Allocation Failure) 2021-01-22T12:15:56.335-0800: 0.273: [ParNew: 39007K->39007K(39296K), 0.0000419 secs]2021-01-22T12:15:56.335-0800: 0.273: [CMS: 87401K->87343K(87424K), 0.0155175 secs] 126409K->103812K(126720K), [Metaspace: 2734K->2734K(1056768K)], 0.0156931 secs] [Times: user=0.01 sys=0.00, real=0.02 secs] 
2021-01-22T12:15:56.351-0800: 0.289: [GC (CMS Initial Mark) [1 CMS-initial-mark: 87343K(87424K)] 104152K(126720K), 0.0001801 secs] [Times: user=0.00 sys=0.00, real=0.00 secs] 
2021-01-22T12:15:56.351-0800: 0.289: [CMS-concurrent-mark-start]
2021-01-22T12:15:56.352-0800: 0.290: [CMS-concurrent-mark: 0.001/0.001 secs] [Times: user=0.00 sys=0.00, real=0.00 secs] 
2021-01-22T12:15:56.352-0800: 0.290: [CMS-concurrent-preclean-start]
2021-01-22T12:15:56.353-0800: 0.291: [CMS-concurrent-preclean: 0.001/0.001 secs] [Times: user=0.00 sys=0.00, real=0.00 secs] 
2021-01-22T12:15:56.353-0800: 0.291: [CMS-concurrent-abortable-preclean-start]
2021-01-22T12:15:56.353-0800: 0.291: [CMS-concurrent-abortable-preclean: 0.000/0.000 secs] [Times: user=0.00 sys=0.00, real=0.00 secs] 
2021-01-22T12:15:56.353-0800: 0.291: [GC (CMS Final Remark) [YG occupancy: 27233 K (39296 K)]2021-01-22T12:15:56.353-0800: 0.291: [Rescan (parallel) , 0.0001690 secs]2021-01-22T12:15:56.353-0800: 0.291: [weak refs processing, 0.0000134 secs]2021-01-22T12:15:56.353-0800: 0.291: [class unloading, 0.0003203 secs]2021-01-22T12:15:56.354-0800: 0.292: [scrub symbol table, 0.0004567 secs]2021-01-22T12:15:56.354-0800: 0.292: [scrub string table, 0.0001679 secs][1 CMS-remark: 87343K(87424K)] 114576K(126720K), 0.0012251 secs] [Times: user=0.00 sys=0.00, real=0.00 secs] 
2021-01-22T12:15:56.354-0800: 0.292: [CMS-concurrent-sweep-start]
2021-01-22T12:15:56.355-0800: 0.293: [CMS-concurrent-sweep: 0.000/0.000 secs] [Times: user=0.00 sys=0.00, real=0.00 secs] 
2021-01-22T12:15:56.355-0800: 0.293: [CMS-concurrent-reset-start]
2021-01-22T12:15:56.355-0800: 0.293: [CMS-concurrent-reset: 0.000/0.000 secs] [Times: user=0.00 sys=0.00, real=0.00 secs] 
2021-01-22T12:15:56.357-0800: 0.295: [GC (Allocation Failure) 2021-01-22T12:15:56.357-0800: 0.295: [ParNew: 39259K->39259K(39296K), 0.0000212 secs]2021-01-22T12:15:56.357-0800: 0.295: [CMS: 87343K->87063K(87424K), 0.0138499 secs] 126602K->108400K(126720K), [Metaspace: 2734K->2734K(1056768K)], 0.0139803 secs] [Times: user=0.01 sys=0.00, real=0.02 secs] 
2021-01-22T12:15:56.371-0800: 0.309: [GC (CMS Initial Mark) [1 CMS-initial-mark: 87063K(87424K)] 109070K(126720K), 0.0001653 secs] [Times: user=0.00 sys=0.00, real=0.00 secs] 
2021-01-22T12:15:56.371-0800: 0.309: [CMS-concurrent-mark-start]
2021-01-22T12:15:56.372-0800: 0.310: [CMS-concurrent-mark: 0.001/0.001 secs] [Times: user=0.01 sys=0.00, real=0.00 secs] 
2021-01-22T12:15:56.372-0800: 0.311: [CMS-concurrent-preclean-start]
2021-01-22T12:15:56.373-0800: 0.311: [CMS-concurrent-preclean: 0.001/0.001 secs] [Times: user=0.00 sys=0.00, real=0.00 secs] 
2021-01-22T12:15:56.373-0800: 0.311: [CMS-concurrent-abortable-preclean-start]
2021-01-22T12:15:56.373-0800: 0.311: [CMS-concurrent-abortable-preclean: 0.000/0.000 secs] [Times: user=0.00 sys=0.00, real=0.00 secs] 
2021-01-22T12:15:56.373-0800: 0.312: [GC (CMS Final Remark) [YG occupancy: 33296 K (39296 K)]2021-01-22T12:15:56.373-0800: 0.312: [Rescan (parallel) , 0.0001973 secs]2021-01-22T12:15:56.374-0800: 0.312: [weak refs processing, 0.0000836 secs]2021-01-22T12:15:56.374-0800: 0.312: [class unloading, 0.0002597 secs]2021-01-22T12:15:56.374-0800: 0.312: [scrub symbol table, 0.0004563 secs]2021-01-22T12:15:56.374-0800: 0.313: [scrub string table, 0.0001705 secs][1 CMS-remark: 87063K(87424K)] 120360K(126720K), 0.0012706 secs] [Times: user=0.00 sys=0.00, real=0.00 secs] 
2021-01-22T12:15:56.375-0800: 0.313: [CMS-concurrent-sweep-start]
2021-01-22T12:15:56.375-0800: 0.313: [CMS-concurrent-sweep: 0.000/0.000 secs] [Times: user=0.00 sys=0.00, real=0.00 secs] 
2021-01-22T12:15:56.375-0800: 0.313: [CMS-concurrent-reset-start]
2021-01-22T12:15:56.375-0800: 0.313: [CMS-concurrent-reset: 0.000/0.000 secs] [Times: user=0.00 sys=0.00, real=0.00 secs] 
2021-01-22T12:15:56.376-0800: 0.314: [GC (Allocation Failure) 2021-01-22T12:15:56.376-0800: 0.314: [ParNew: 39270K->39270K(39296K), 0.0000255 secs]2021-01-22T12:15:56.376-0800: 0.314: [CMS: 86969K->87422K(87424K), 0.0172549 secs] 126239K->111631K(126720K), [Metaspace: 2734K->2734K(1056768K)], 0.0173832 secs] [Times: user=0.02 sys=0.00, real=0.02 secs] 
2021-01-22T12:15:56.394-0800: 0.332: [GC (CMS Initial Mark) [1 CMS-initial-mark: 87422K(87424K)] 111667K(126720K), 0.0001899 secs] [Times: user=0.00 sys=0.00, real=0.00 secs] 
2021-01-22T12:15:56.394-0800: 0.332: [CMS-concurrent-mark-start]
2021-01-22T12:15:56.395-0800: 0.333: [CMS-concurrent-mark: 0.001/0.001 secs] [Times: user=0.00 sys=0.00, real=0.00 secs] 
2021-01-22T12:15:56.395-0800: 0.333: [CMS-concurrent-preclean-start]
2021-01-22T12:15:56.396-0800: 0.334: [CMS-concurrent-preclean: 0.001/0.001 secs] [Times: user=0.00 sys=0.00, real=0.00 secs] 
2021-01-22T12:15:56.396-0800: 0.334: [CMS-concurrent-abortable-preclean-start]
2021-01-22T12:15:56.396-0800: 0.334: [CMS-concurrent-abortable-preclean: 0.000/0.000 secs] [Times: user=0.00 sys=0.00, real=0.00 secs] 
2021-01-22T12:15:56.396-0800: 0.334: [GC (CMS Final Remark) [YG occupancy: 35220 K (39296 K)]2021-01-22T12:15:56.396-0800: 0.334: [Rescan (parallel) , 0.0001692 secs]2021-01-22T12:15:56.396-0800: 0.334: [weak refs processing, 0.0000118 secs]2021-01-22T12:15:56.396-0800: 0.334: [class unloading, 0.0002154 secs]2021-01-22T12:15:56.396-0800: 0.334: [scrub symbol table, 0.0004594 secs]2021-01-22T12:15:56.397-0800: 0.335: [scrub string table, 0.0001646 secs][1 CMS-remark: 87422K(87424K)] 122643K(126720K), 0.0010950 secs] [Times: user=0.00 sys=0.00, real=0.00 secs] 
2021-01-22T12:15:56.397-0800: 0.335: [CMS-concurrent-sweep-start]
2021-01-22T12:15:56.397-0800: 0.335: [CMS-concurrent-sweep: 0.000/0.000 secs] [Times: user=0.00 sys=0.00, real=0.00 secs] 
2021-01-22T12:15:56.397-0800: 0.336: [CMS-concurrent-reset-start]
2021-01-22T12:15:56.398-0800: 0.336: [CMS-concurrent-reset: 0.000/0.000 secs] [Times: user=0.00 sys=0.00, real=0.00 secs] 
2021-01-22T12:15:56.398-0800: 0.336: [GC (Allocation Failure) 2021-01-22T12:15:56.398-0800: 0.336: [ParNew: 39223K->39223K(39296K), 0.0000201 secs]2021-01-22T12:15:56.398-0800: 0.336: [CMS: 87422K->87388K(87424K), 0.0172173 secs] 126646K->116182K(126720K), [Metaspace: 2734K->2734K(1056768K)], 0.0173254 secs] [Times: user=0.01 sys=0.00, real=0.02 secs] 
2021-01-22T12:15:56.415-0800: 0.353: [GC (CMS Initial Mark) [1 CMS-initial-mark: 87388K(87424K)] 116335K(126720K), 0.0002248 secs] [Times: user=0.00 sys=0.00, real=0.00 secs] 
2021-01-22T12:15:56.416-0800: 0.354: [CMS-concurrent-mark-start]
2021-01-22T12:15:56.417-0800: 0.355: [CMS-concurrent-mark: 0.001/0.001 secs] [Times: user=0.00 sys=0.00, real=0.00 secs] 
2021-01-22T12:15:56.417-0800: 0.355: [CMS-concurrent-preclean-start]
2021-01-22T12:15:56.417-0800: 0.356: [CMS-concurrent-preclean: 0.001/0.001 secs] [Times: user=0.01 sys=0.00, real=0.00 secs] 
2021-01-22T12:15:56.418-0800: 0.356: [CMS-concurrent-abortable-preclean-start]
2021-01-22T12:15:56.418-0800: 0.356: [CMS-concurrent-abortable-preclean: 0.000/0.000 secs] [Times: user=0.00 sys=0.00, real=0.00 secs] 
2021-01-22T12:15:56.418-0800: 0.356: [Full GC (Allocation Failure) 2021-01-22T12:15:56.418-0800: 0.356: [CMS (concurrent mode failure): 87388K->87254K(87424K), 0.0171606 secs] 126483K->118619K(126720K), [Metaspace: 2734K->2734K(1056768K)], 0.0172382 secs] [Times: user=0.01 sys=0.00, real=0.02 secs] 
2021-01-22T12:15:56.437-0800: 0.375: [Full GC (Allocation Failure) 2021-01-22T12:15:56.437-0800: 0.375: [CMS: 87254K->87368K(87424K), 0.0133723 secs] 126083K->120399K(126720K), [Metaspace: 2734K->2734K(1056768K)], 0.0134748 secs] [Times: user=0.01 sys=0.00, real=0.02 secs] 
2021-01-22T12:15:56.450-0800: 0.388: [GC (CMS Initial Mark) [1 CMS-initial-mark: 87368K(87424K)] 120955K(126720K), 0.0001494 secs] [Times: user=0.00 sys=0.00, real=0.00 secs] 
2021-01-22T12:15:56.450-0800: 0.388: [CMS-concurrent-mark-start]
2021-01-22T12:15:56.452-0800: 0.390: [CMS-concurrent-mark: 0.001/0.001 secs] [Times: user=0.00 sys=0.00, real=0.00 secs] 
2021-01-22T12:15:56.452-0800: 0.390: [CMS-concurrent-preclean-start]
2021-01-22T12:15:56.452-0800: 0.390: [Full GC (Allocation Failure) 2021-01-22T12:15:56.452-0800: 0.390: [CMS2021-01-22T12:15:56.452-0800: 0.390: [CMS-concurrent-preclean: 0.001/0.001 secs] [Times: user=0.00 sys=0.00, real=0.00 secs] 
 (concurrent mode failure): 87368K->87280K(87424K), 0.0090046 secs] 126608K->122100K(126720K), [Metaspace: 2734K->2734K(1056768K)], 0.0091041 secs] [Times: user=0.01 sys=0.00, real=0.01 secs] 
2021-01-22T12:15:56.462-0800: 0.400: [Full GC (Allocation Failure) 2021-01-22T12:15:56.462-0800: 0.400: [CMS: 87406K->87371K(87424K), 0.0110084 secs] 126698K->124065K(126720K), [Metaspace: 2734K->2734K(1056768K)], 0.0111158 secs] [Times: user=0.01 sys=0.00, real=0.01 secs] 
2021-01-22T12:15:56.473-0800: 0.412: [GC (CMS Initial Mark) [1 CMS-initial-mark: 87371K(87424K)] 124137K(126720K), 0.0001854 secs] [Times: user=0.00 sys=0.00, real=0.00 secs] 
2021-01-22T12:15:56.474-0800: 0.412: [CMS-concurrent-mark-start]
2021-01-22T12:15:56.474-0800: 0.412: [Full GC (Allocation Failure) 2021-01-22T12:15:56.474-0800: 0.412: [CMS2021-01-22T12:15:56.475-0800: 0.413: [CMS-concurrent-mark: 0.001/0.001 secs] [Times: user=0.00 sys=0.00, real=0.00 secs] 
 (concurrent mode failure): 87389K->87395K(87424K), 0.0111047 secs] 126681K->124823K(126720K), [Metaspace: 2734K->2734K(1056768K)], 0.0112018 secs] [Times: user=0.02 sys=0.00, real=0.01 secs] 
2021-01-22T12:15:56.486-0800: 0.424: [Full GC (Allocation Failure) 2021-01-22T12:15:56.486-0800: 0.424: [CMS: 87395K->87377K(87424K), 0.0019911 secs] 126373K->125083K(126720K), [Metaspace: 2734K->2734K(1056768K)], 0.0020666 secs] [Times: user=0.00 sys=0.00, real=0.00 secs] 
2021-01-22T12:15:56.488-0800: 0.426: [GC (CMS Initial Mark) [1 CMS-initial-mark: 87377K(87424K)] 125453K(126720K), 0.0001351 secs] [Times: user=0.00 sys=0.00, real=0.00 secs] 
2021-01-22T12:15:56.488-0800: 0.426: [CMS-concurrent-mark-start]
2021-01-22T12:15:56.489-0800: 0.427: [Full GC (Allocation Failure) 2021-01-22T12:15:56.489-0800: 0.427: [CMS2021-01-22T12:15:56.489-0800: 0.427: [CMS-concurrent-mark: 0.001/0.001 secs] [Times: user=0.00 sys=0.00, real=0.00 secs] 
 (concurrent mode failure): 87413K->87360K(87424K), 0.0133382 secs] 126697K->125348K(126720K), [Metaspace: 2734K->2734K(1056768K)], 0.0134190 secs] [Times: user=0.01 sys=0.00, real=0.02 secs] 
2021-01-22T12:15:56.502-0800: 0.441: [Full GC (Allocation Failure) 2021-01-22T12:15:56.502-0800: 0.441: [CMS: 87360K->87324K(87424K), 0.0019005 secs] 126097K->125479K(126720K), [Metaspace: 2734K->2734K(1056768K)], 0.0019693 secs] [Times: user=0.00 sys=0.00, real=0.00 secs] 
2021-01-22T12:15:56.505-0800: 0.443: [GC (CMS Initial Mark) [1 CMS-initial-mark: 87324K(87424K)] 126107K(126720K), 0.0001082 secs] [Times: user=0.00 sys=0.00, real=0.00 secs] 
2021-01-22T12:15:56.505-0800: 0.443: [CMS-concurrent-mark-start]
2021-01-22T12:15:56.505-0800: 0.443: [Full GC (Allocation Failure) 2021-01-22T12:15:56.505-0800: 0.443: [CMS2021-01-22T12:15:56.506-0800: 0.444: [CMS-concurrent-mark: 0.001/0.001 secs] [Times: user=0.01 sys=0.00, real=0.00 secs] 
 (concurrent mode failure): 87324K->87324K(87424K), 0.0027098 secs] 126491K->125556K(126720K), [Metaspace: 2734K->2734K(1056768K)], 0.0028024 secs] [Times: user=0.01 sys=0.01, real=0.00 secs] 
2021-01-22T12:15:56.508-0800: 0.446: [Full GC (Allocation Failure) 2021-01-22T12:15:56.508-0800: 0.446: [CMS: 87324K->87324K(87424K), 0.0020280 secs] 126195K->126195K(126720K), [Metaspace: 2734K->2734K(1056768K)], 0.0021068 secs] [Times: user=0.00 sys=0.00, real=0.01 secs] 
2021-01-22T12:15:56.510-0800: 0.448: [Full GC (Allocation Failure) 2021-01-22T12:15:56.510-0800: 0.448: [CMS: 87324K->87305K(87424K), 0.0117998 secs] 126195K->126176K(126720K), [Metaspace: 2734K->2734K(1056768K)], 0.0118709 secs] [Times: user=0.01 sys=0.00, real=0.01 secs] 
2021-01-22T12:15:56.522-0800: 0.460: [GC (CMS Initial Mark) [1 CMS-initial-mark: 87305K(87424K)] 126176K(126720K), 0.0001296 secs] [Times: user=0.00 sys=0.00, real=0.00 secs] 
2021-01-22T12:15:56.522-0800: 0.460: [CMS-concurrent-mark-start]
2021-01-22T12:15:56.523-0800: 0.462: [CMS-concurrent-mark: 0.001/0.001 secs] [Times: user=0.00 sys=0.00, real=0.00 secs] 
2021-01-22T12:15:56.524-0800: 0.462: [CMS-concurrent-preclean-start]
Heap
 par new generation   total 39296K, used 39231K [0x00000007b8000000, 0x00000007baaa0000, 0x00000007baaa0000)
  eden space 34944K, 100% used [0x00000007b8000000, 0x00000007ba220000, 0x00000007ba220000)
  from space 4352K,  98% used [0x00000007ba220000, 0x00000007ba64fe70, 0x00000007ba660000)
  to   space 4352K,   0% used [0x00000007ba660000, 0x00000007ba660000, 0x00000007baaa0000)
 concurrent mark-sweep generation total 87424K, used 87305K [0x00000007baaa0000, 0x00000007c0000000, 0x00000007c0000000)
 Metaspace       used 2765K, capacity 4486K, committed 4864K, reserved 1056768K
  class space    used 299K, capacity 386K, committed 512K, reserved 1048576K
