Java HotSpot(TM) 64-Bit Server VM (25.231-b11) for bsd-amd64 JRE (1.8.0_231-b11), built on Oct  5 2019 03:15:25 by "java_re" with gcc 4.2.1 (Based on Apple Inc. build 5658) (LLVM build 2336.11.00)
Memory: 4k page, physical 16777216k(1596520k free)

/proc/meminfo:

CommandLine flags: -XX:InitialHeapSize=1073741824 -XX:MaxHeapSize=1073741824 -XX:MaxNewSize=348966912 -XX:MaxTenuringThreshold=6 -XX:NewSize=348966912 -XX:OldPLABSize=16 -XX:OldSize=697933824 -XX:+PrintGC -XX:+PrintGCDateStamps -XX:+PrintGCDetails -XX:+PrintGCTimeStamps -XX:+UseCompressedClassPointers -XX:+UseCompressedOops -XX:+UseConcMarkSweepGC -XX:+UseParNewGC 
2021-01-22T12:17:40.341-0800: 0.267: [GC (Allocation Failure) 2021-01-22T12:17:40.341-0800: 0.267: [ParNew: 272640K->34046K(306688K), 0.0412914 secs] 272640K->86277K(1014528K), 0.0414268 secs] [Times: user=0.05 sys=0.10, real=0.04 secs] 
2021-01-22T12:17:40.430-0800: 0.357: [GC (Allocation Failure) 2021-01-22T12:17:40.431-0800: 0.357: [ParNew: 306686K->34047K(306688K), 0.0504658 secs] 358917K->171660K(1014528K), 0.0505699 secs] [Times: user=0.07 sys=0.12, real=0.05 secs] 
2021-01-22T12:17:40.524-0800: 0.450: [GC (Allocation Failure) 2021-01-22T12:17:40.524-0800: 0.450: [ParNew: 306687K->34048K(306688K), 0.0556880 secs] 444300K->246159K(1014528K), 0.0557977 secs] [Times: user=0.18 sys=0.03, real=0.06 secs] 
2021-01-22T12:17:40.622-0800: 0.548: [GC (Allocation Failure) 2021-01-22T12:17:40.622-0800: 0.549: [ParNew: 306688K->34048K(306688K), 0.0565082 secs] 518799K->321134K(1014528K), 0.0566067 secs] [Times: user=0.18 sys=0.03, real=0.05 secs] 
2021-01-22T12:17:40.725-0800: 0.651: [GC (Allocation Failure) 2021-01-22T12:17:40.725-0800: 0.651: [ParNew: 306688K->34047K(306688K), 0.0605084 secs] 593774K->398846K(1014528K), 0.0606091 secs] [Times: user=0.15 sys=0.03, real=0.06 secs] 
2021-01-22T12:17:40.786-0800: 0.712: [GC (CMS Initial Mark) [1 CMS-initial-mark: 364798K(707840K)] 404756K(1014528K), 0.0001941 secs] [Times: user=0.00 sys=0.00, real=0.00 secs] 
2021-01-22T12:17:40.786-0800: 0.712: [CMS-concurrent-mark-start]
2021-01-22T12:17:40.797-0800: 0.723: [CMS-concurrent-mark: 0.011/0.011 secs] [Times: user=0.02 sys=0.01, real=0.01 secs] 
2021-01-22T12:17:40.797-0800: 0.723: [CMS-concurrent-preclean-start]
2021-01-22T12:17:40.798-0800: 0.724: [CMS-concurrent-preclean: 0.001/0.001 secs] [Times: user=0.00 sys=0.00, real=0.00 secs] 
2021-01-22T12:17:40.798-0800: 0.724: [CMS-concurrent-abortable-preclean-start]
2021-01-22T12:17:40.829-0800: 0.755: [GC (Allocation Failure) 2021-01-22T12:17:40.829-0800: 0.755: [ParNew: 306687K->34048K(306688K), 0.0593762 secs] 671486K->476895K(1014528K), 0.0594845 secs] [Times: user=0.17 sys=0.03, real=0.06 secs] 
2021-01-22T12:17:40.932-0800: 0.858: [GC (Allocation Failure) 2021-01-22T12:17:40.932-0800: 0.858: [ParNew: 306688K->34047K(306688K), 0.0543635 secs] 749535K->549194K(1014528K), 0.0544681 secs] [Times: user=0.17 sys=0.04, real=0.05 secs] 
2021-01-22T12:17:41.028-0800: 0.955: [GC (Allocation Failure) 2021-01-22T12:17:41.028-0800: 0.955: [ParNew: 306687K->34048K(306688K), 0.0559455 secs] 821834K->624177K(1014528K), 0.0560504 secs] [Times: user=0.17 sys=0.03, real=0.06 secs] 
2021-01-22T12:17:41.129-0800: 1.055: [GC (Allocation Failure) 2021-01-22T12:17:41.129-0800: 1.055: [ParNew: 306688K->34047K(306688K), 0.0567112 secs] 896817K->700206K(1014528K), 0.0568178 secs] [Times: user=0.17 sys=0.04, real=0.06 secs] 
Heap
 par new generation   total 306688K, used 45063K [0x0000000780000000, 0x0000000794cc0000, 0x0000000794cc0000)
  eden space 272640K,   4% used [0x0000000780000000, 0x0000000780ac2258, 0x0000000790a40000)
  from space 34048K,  99% used [0x0000000792b80000, 0x0000000794cbfc18, 0x0000000794cc0000)
  to   space 34048K,   0% used [0x0000000790a40000, 0x0000000790a40000, 0x0000000792b80000)
 concurrent mark-sweep generation total 707840K, used 666159K [0x0000000794cc0000, 0x00000007c0000000, 0x00000007c0000000)
 Metaspace       used 2741K, capacity 4486K, committed 4864K, reserved 1056768K
  class space    used 296K, capacity 386K, committed 512K, reserved 1048576K
2021-01-22T12:17:41.188-0800: 1.114: [CMS-concurrent-abortable-preclean: 0.011/0.390 secs] [Times: user=0.87 sys=0.14, real=0.39 secs] 
