Java HotSpot(TM) 64-Bit Server VM (25.231-b11) for bsd-amd64 JRE (1.8.0_231-b11), built on Oct  5 2019 03:15:25 by "java_re" with gcc 4.2.1 (Based on Apple Inc. build 5658) (LLVM build 2336.11.00)
Memory: 4k page, physical 16777216k(1583592k free)

/proc/meminfo:

CommandLine flags: -XX:InitialHeapSize=268435456 -XX:MaxHeapSize=268435456 -XX:MaxNewSize=89481216 -XX:MaxTenuringThreshold=6 -XX:NewSize=89481216 -XX:OldPLABSize=16 -XX:OldSize=178954240 -XX:+PrintGC -XX:+PrintGCDateStamps -XX:+PrintGCDetails -XX:+PrintGCTimeStamps -XX:+UseCompressedClassPointers -XX:+UseCompressedOops -XX:+UseConcMarkSweepGC -XX:+UseParNewGC 
2021-01-22T12:16:08.043-0800: 0.149: [GC (Allocation Failure) 2021-01-22T12:16:08.043-0800: 0.150: [ParNew: 69952K->8701K(78656K), 0.0108146 secs] 69952K->21766K(253440K), 0.0109542 secs] [Times: user=0.01 sys=0.02, real=0.01 secs] 
2021-01-22T12:16:08.073-0800: 0.180: [GC (Allocation Failure) 2021-01-22T12:16:08.073-0800: 0.180: [ParNew: 78653K->8704K(78656K), 0.0179657 secs] 91718K->51522K(253440K), 0.0180740 secs] [Times: user=0.03 sys=0.04, real=0.02 secs] 
2021-01-22T12:16:08.104-0800: 0.211: [GC (Allocation Failure) 2021-01-22T12:16:08.104-0800: 0.211: [ParNew: 78656K->8704K(78656K), 0.0162662 secs] 121474K->74083K(253440K), 0.0163749 secs] [Times: user=0.05 sys=0.01, real=0.02 secs] 
2021-01-22T12:16:08.133-0800: 0.240: [GC (Allocation Failure) 2021-01-22T12:16:08.133-0800: 0.240: [ParNew: 78082K->8703K(78656K), 0.0184900 secs] 143462K->99598K(253440K), 0.0185935 secs] [Times: user=0.04 sys=0.01, real=0.02 secs] 
2021-01-22T12:16:08.152-0800: 0.259: [GC (CMS Initial Mark) [1 CMS-initial-mark: 90895K(174784K)] 100341K(253440K), 0.0001996 secs] [Times: user=0.00 sys=0.00, real=0.00 secs] 
2021-01-22T12:16:08.152-0800: 0.259: [CMS-concurrent-mark-start]
2021-01-22T12:16:08.156-0800: 0.263: [CMS-concurrent-mark: 0.004/0.004 secs] [Times: user=0.01 sys=0.00, real=0.00 secs] 
2021-01-22T12:16:08.156-0800: 0.263: [CMS-concurrent-preclean-start]
2021-01-22T12:16:08.157-0800: 0.264: [CMS-concurrent-preclean: 0.000/0.000 secs] [Times: user=0.00 sys=0.00, real=0.00 secs] 
2021-01-22T12:16:08.157-0800: 0.264: [CMS-concurrent-abortable-preclean-start]
2021-01-22T12:16:08.164-0800: 0.271: [GC (Allocation Failure) 2021-01-22T12:16:08.164-0800: 0.271: [ParNew: 78655K->8700K(78656K), 0.0196173 secs] 169550K->124590K(253440K), 0.0197328 secs] [Times: user=0.06 sys=0.01, real=0.02 secs] 
2021-01-22T12:16:08.196-0800: 0.303: [GC (Allocation Failure) 2021-01-22T12:16:08.196-0800: 0.303: [ParNew: 78587K->8703K(78656K), 0.0172263 secs] 194477K->146697K(253440K), 0.0173280 secs] [Times: user=0.05 sys=0.01, real=0.02 secs] 
2021-01-22T12:16:08.227-0800: 0.333: [GC (Allocation Failure) 2021-01-22T12:16:08.227-0800: 0.334: [ParNew: 78655K->8700K(78656K), 0.0169414 secs] 216649K->169870K(253440K), 0.0170461 secs] [Times: user=0.06 sys=0.01, real=0.02 secs] 
2021-01-22T12:16:08.256-0800: 0.363: [GC (Allocation Failure) 2021-01-22T12:16:08.256-0800: 0.363: [ParNew: 78222K->78222K(78656K), 0.0000246 secs]2021-01-22T12:16:08.256-0800: 0.363: [CMS2021-01-22T12:16:08.256-0800: 0.363: [CMS-concurrent-abortable-preclean: 0.003/0.099 secs] [Times: user=0.21 sys=0.03, real=0.10 secs] 
 (concurrent mode failure): 161170K->152588K(174784K), 0.0316367 secs] 239393K->152588K(253440K), [Metaspace: 2734K->2734K(1056768K)], 0.0317822 secs] [Times: user=0.03 sys=0.00, real=0.03 secs] 
2021-01-22T12:16:08.299-0800: 0.406: [GC (Allocation Failure) 2021-01-22T12:16:08.299-0800: 0.406: [ParNew: 69829K->8701K(78656K), 0.0098332 secs] 222418K->179314K(253440K), 0.0099375 secs] [Times: user=0.03 sys=0.01, real=0.01 secs] 
2021-01-22T12:16:08.310-0800: 0.417: [GC (CMS Initial Mark) [1 CMS-initial-mark: 170612K(174784K)] 179458K(253440K), 0.0001272 secs] [Times: user=0.00 sys=0.00, real=0.00 secs] 
2021-01-22T12:16:08.310-0800: 0.417: [CMS-concurrent-mark-start]
2021-01-22T12:16:08.311-0800: 0.418: [CMS-concurrent-mark: 0.002/0.002 secs] [Times: user=0.00 sys=0.00, real=0.00 secs] 
2021-01-22T12:16:08.311-0800: 0.418: [CMS-concurrent-preclean-start]
2021-01-22T12:16:08.312-0800: 0.419: [CMS-concurrent-preclean: 0.000/0.000 secs] [Times: user=0.00 sys=0.00, real=0.00 secs] 
2021-01-22T12:16:08.312-0800: 0.419: [CMS-concurrent-abortable-preclean-start]
2021-01-22T12:16:08.312-0800: 0.419: [CMS-concurrent-abortable-preclean: 0.000/0.000 secs] [Times: user=0.00 sys=0.00, real=0.00 secs] 
2021-01-22T12:16:08.312-0800: 0.419: [GC (CMS Final Remark) [YG occupancy: 20411 K (78656 K)]2021-01-22T12:16:08.312-0800: 0.419: [Rescan (parallel) , 0.0002424 secs]2021-01-22T12:16:08.312-0800: 0.419: [weak refs processing, 0.0000141 secs]2021-01-22T12:16:08.312-0800: 0.419: [class unloading, 0.0002319 secs]2021-01-22T12:16:08.313-0800: 0.419: [scrub symbol table, 0.0003145 secs]2021-01-22T12:16:08.313-0800: 0.420: [scrub string table, 0.0001620 secs][1 CMS-remark: 170612K(174784K)] 191024K(253440K), 0.0010676 secs] [Times: user=0.00 sys=0.00, real=0.00 secs] 
2021-01-22T12:16:08.313-0800: 0.420: [CMS-concurrent-sweep-start]
2021-01-22T12:16:08.314-0800: 0.420: [CMS-concurrent-sweep: 0.000/0.000 secs] [Times: user=0.00 sys=0.00, real=0.00 secs] 
2021-01-22T12:16:08.314-0800: 0.421: [CMS-concurrent-reset-start]
2021-01-22T12:16:08.314-0800: 0.421: [CMS-concurrent-reset: 0.000/0.000 secs] [Times: user=0.00 sys=0.00, real=0.00 secs] 
2021-01-22T12:16:08.324-0800: 0.431: [GC (Allocation Failure) 2021-01-22T12:16:08.324-0800: 0.431: [ParNew: 78653K->78653K(78656K), 0.0000271 secs]2021-01-22T12:16:08.324-0800: 0.431: [CMS: 161499K->174561K(174784K), 0.0360695 secs] 240153K->187594K(253440K), [Metaspace: 2734K->2734K(1056768K)], 0.0362151 secs] [Times: user=0.04 sys=0.00, real=0.04 secs] 
2021-01-22T12:16:08.360-0800: 0.467: [GC (CMS Initial Mark) [1 CMS-initial-mark: 174561K(174784K)] 187672K(253440K), 0.0001226 secs] [Times: user=0.00 sys=0.00, real=0.00 secs] 
2021-01-22T12:16:08.361-0800: 0.468: [CMS-concurrent-mark-start]
2021-01-22T12:16:08.362-0800: 0.469: [CMS-concurrent-mark: 0.002/0.002 secs] [Times: user=0.00 sys=0.00, real=0.00 secs] 
2021-01-22T12:16:08.362-0800: 0.469: [CMS-concurrent-preclean-start]
2021-01-22T12:16:08.363-0800: 0.470: [CMS-concurrent-preclean: 0.001/0.001 secs] [Times: user=0.00 sys=0.00, real=0.00 secs] 
2021-01-22T12:16:08.364-0800: 0.470: [CMS-concurrent-abortable-preclean-start]
2021-01-22T12:16:08.364-0800: 0.470: [CMS-concurrent-abortable-preclean: 0.000/0.000 secs] [Times: user=0.00 sys=0.00, real=0.00 secs] 
2021-01-22T12:16:08.364-0800: 0.471: [GC (CMS Final Remark) [YG occupancy: 29070 K (78656 K)]2021-01-22T12:16:08.364-0800: 0.471: [Rescan (parallel) , 0.0002597 secs]2021-01-22T12:16:08.364-0800: 0.471: [weak refs processing, 0.0000118 secs]2021-01-22T12:16:08.364-0800: 0.471: [class unloading, 0.0002244 secs]2021-01-22T12:16:08.364-0800: 0.471: [scrub symbol table, 0.0003157 secs]2021-01-22T12:16:08.365-0800: 0.472: [scrub string table, 0.0001612 secs][1 CMS-remark: 174561K(174784K)] 203632K(253440K), 0.0010585 secs] [Times: user=0.00 sys=0.00, real=0.00 secs] 
2021-01-22T12:16:08.365-0800: 0.472: [CMS-concurrent-sweep-start]
2021-01-22T12:16:08.365-0800: 0.472: [CMS-concurrent-sweep: 0.000/0.000 secs] [Times: user=0.00 sys=0.00, real=0.00 secs] 
2021-01-22T12:16:08.365-0800: 0.472: [CMS-concurrent-reset-start]
2021-01-22T12:16:08.366-0800: 0.473: [CMS-concurrent-reset: 0.000/0.000 secs] [Times: user=0.00 sys=0.00, real=0.00 secs] 
2021-01-22T12:16:08.374-0800: 0.481: [GC (Allocation Failure) 2021-01-22T12:16:08.374-0800: 0.481: [ParNew: 78372K->78372K(78656K), 0.0000219 secs]2021-01-22T12:16:08.374-0800: 0.481: [CMS: 174561K->174759K(174784K), 0.0341841 secs] 252933K->195340K(253440K), [Metaspace: 2734K->2734K(1056768K)], 0.0343166 secs] [Times: user=0.03 sys=0.00, real=0.03 secs] 
2021-01-22T12:16:08.409-0800: 0.516: [GC (CMS Initial Mark) [1 CMS-initial-mark: 174759K(174784K)] 195721K(253440K), 0.0001364 secs] [Times: user=0.00 sys=0.00, real=0.00 secs] 
2021-01-22T12:16:08.409-0800: 0.516: [CMS-concurrent-mark-start]
2021-01-22T12:16:08.411-0800: 0.517: [CMS-concurrent-mark: 0.002/0.002 secs] [Times: user=0.00 sys=0.00, real=0.01 secs] 
2021-01-22T12:16:08.411-0800: 0.518: [CMS-concurrent-preclean-start]
2021-01-22T12:16:08.412-0800: 0.519: [CMS-concurrent-preclean: 0.001/0.001 secs] [Times: user=0.01 sys=0.00, real=0.00 secs] 
2021-01-22T12:16:08.412-0800: 0.519: [CMS-concurrent-abortable-preclean-start]
2021-01-22T12:16:08.412-0800: 0.519: [CMS-concurrent-abortable-preclean: 0.000/0.000 secs] [Times: user=0.00 sys=0.00, real=0.00 secs] 
2021-01-22T12:16:08.412-0800: 0.519: [GC (CMS Final Remark) [YG occupancy: 35658 K (78656 K)]2021-01-22T12:16:08.412-0800: 0.519: [Rescan (parallel) , 0.0002735 secs]2021-01-22T12:16:08.412-0800: 0.519: [weak refs processing, 0.0000277 secs]2021-01-22T12:16:08.412-0800: 0.519: [class unloading, 0.0002307 secs]2021-01-22T12:16:08.413-0800: 0.519: [scrub symbol table, 0.0003406 secs]2021-01-22T12:16:08.413-0800: 0.520: [scrub string table, 0.0001739 secs][1 CMS-remark: 174759K(174784K)] 210418K(253440K), 0.0011642 secs] [Times: user=0.00 sys=0.00, real=0.00 secs] 
2021-01-22T12:16:08.413-0800: 0.520: [CMS-concurrent-sweep-start]
2021-01-22T12:16:08.414-0800: 0.520: [CMS-concurrent-sweep: 0.000/0.000 secs] [Times: user=0.00 sys=0.00, real=0.00 secs] 
2021-01-22T12:16:08.414-0800: 0.521: [CMS-concurrent-reset-start]
2021-01-22T12:16:08.414-0800: 0.521: [CMS-concurrent-reset: 0.000/0.000 secs] [Times: user=0.00 sys=0.00, real=0.00 secs] 
2021-01-22T12:16:08.420-0800: 0.527: [GC (Allocation Failure) 2021-01-22T12:16:08.420-0800: 0.527: [ParNew: 78339K->78339K(78656K), 0.0000208 secs]2021-01-22T12:16:08.420-0800: 0.527: [CMS: 174759K->174697K(174784K), 0.0350986 secs] 253098K->203785K(253440K), [Metaspace: 2734K->2734K(1056768K)], 0.0352357 secs] [Times: user=0.03 sys=0.00, real=0.03 secs] 
2021-01-22T12:16:08.456-0800: 0.563: [GC (CMS Initial Mark) [1 CMS-initial-mark: 174697K(174784K)] 204166K(253440K), 0.0001634 secs] [Times: user=0.00 sys=0.00, real=0.00 secs] 
2021-01-22T12:16:08.456-0800: 0.563: [CMS-concurrent-mark-start]
2021-01-22T12:16:08.458-0800: 0.565: [CMS-concurrent-mark: 0.002/0.002 secs] [Times: user=0.01 sys=0.00, real=0.00 secs] 
2021-01-22T12:16:08.458-0800: 0.565: [CMS-concurrent-preclean-start]
2021-01-22T12:16:08.460-0800: 0.567: [CMS-concurrent-preclean: 0.002/0.002 secs] [Times: user=0.00 sys=0.00, real=0.01 secs] 
2021-01-22T12:16:08.460-0800: 0.567: [CMS-concurrent-abortable-preclean-start]
2021-01-22T12:16:08.460-0800: 0.567: [CMS-concurrent-abortable-preclean: 0.000/0.000 secs] [Times: user=0.00 sys=0.00, real=0.00 secs] 
2021-01-22T12:16:08.460-0800: 0.567: [GC (CMS Final Remark) [YG occupancy: 50877 K (78656 K)]2021-01-22T12:16:08.460-0800: 0.567: [Rescan (parallel) , 0.0003817 secs]2021-01-22T12:16:08.461-0800: 0.567: [weak refs processing, 0.0000174 secs]2021-01-22T12:16:08.461-0800: 0.567: [class unloading, 0.0002174 secs]2021-01-22T12:16:08.461-0800: 0.568: [scrub symbol table, 0.0003250 secs]2021-01-22T12:16:08.461-0800: 0.568: [scrub string table, 0.0001602 secs][1 CMS-remark: 174697K(174784K)] 225575K(253440K), 0.0011862 secs] [Times: user=0.00 sys=0.00, real=0.00 secs] 
2021-01-22T12:16:08.461-0800: 0.568: [CMS-concurrent-sweep-start]
2021-01-22T12:16:08.462-0800: 0.569: [CMS-concurrent-sweep: 0.000/0.000 secs] [Times: user=0.00 sys=0.00, real=0.00 secs] 
2021-01-22T12:16:08.462-0800: 0.569: [CMS-concurrent-reset-start]
2021-01-22T12:16:08.462-0800: 0.569: [CMS-concurrent-reset: 0.000/0.000 secs] [Times: user=0.00 sys=0.00, real=0.00 secs] 
2021-01-22T12:16:08.468-0800: 0.575: [GC (Allocation Failure) 2021-01-22T12:16:08.468-0800: 0.575: [ParNew: 78526K->78526K(78656K), 0.0000203 secs]2021-01-22T12:16:08.468-0800: 0.575: [CMS: 174697K->174769K(174784K), 0.0372109 secs] 253223K->210914K(253440K), [Metaspace: 2734K->2734K(1056768K)], 0.0373736 secs] [Times: user=0.04 sys=0.00, real=0.04 secs] 
2021-01-22T12:16:08.505-0800: 0.612: [GC (CMS Initial Mark) [1 CMS-initial-mark: 174769K(174784K)] 211058K(253440K), 0.0002189 secs] [Times: user=0.00 sys=0.00, real=0.00 secs] 
2021-01-22T12:16:08.506-0800: 0.612: [CMS-concurrent-mark-start]
2021-01-22T12:16:08.508-0800: 0.615: [CMS-concurrent-mark: 0.002/0.002 secs] [Times: user=0.00 sys=0.00, real=0.00 secs] 
2021-01-22T12:16:08.508-0800: 0.615: [CMS-concurrent-preclean-start]
2021-01-22T12:16:08.510-0800: 0.617: [CMS-concurrent-preclean: 0.002/0.002 secs] [Times: user=0.01 sys=0.00, real=0.01 secs] 
2021-01-22T12:16:08.510-0800: 0.617: [CMS-concurrent-abortable-preclean-start]
2021-01-22T12:16:08.510-0800: 0.617: [CMS-concurrent-abortable-preclean: 0.000/0.000 secs] [Times: user=0.00 sys=0.00, real=0.00 secs] 
2021-01-22T12:16:08.510-0800: 0.617: [GC (CMS Final Remark) [YG occupancy: 55925 K (78656 K)]2021-01-22T12:16:08.510-0800: 0.617: [Rescan (parallel) , 0.0003965 secs]2021-01-22T12:16:08.510-0800: 0.617: [weak refs processing, 0.0000341 secs]2021-01-22T12:16:08.510-0800: 0.617: [class unloading, 0.0002312 secs]2021-01-22T12:16:08.511-0800: 0.618: [scrub symbol table, 0.0003304 secs]2021-01-22T12:16:08.511-0800: 0.618: [scrub string table, 0.0001623 secs][1 CMS-remark: 174769K(174784K)] 230694K(253440K), 0.0012545 secs] [Times: user=0.00 sys=0.00, real=0.00 secs] 
2021-01-22T12:16:08.511-0800: 0.618: [CMS-concurrent-sweep-start]
2021-01-22T12:16:08.512-0800: 0.619: [CMS-concurrent-sweep: 0.000/0.000 secs] [Times: user=0.00 sys=0.00, real=0.00 secs] 
2021-01-22T12:16:08.512-0800: 0.619: [CMS-concurrent-reset-start]
2021-01-22T12:16:08.512-0800: 0.619: [CMS-concurrent-reset: 0.000/0.000 secs] [Times: user=0.00 sys=0.00, real=0.00 secs] 
2021-01-22T12:16:08.516-0800: 0.623: [GC (Allocation Failure) 2021-01-22T12:16:08.516-0800: 0.623: [ParNew: 78624K->78624K(78656K), 0.0000437 secs]2021-01-22T12:16:08.516-0800: 0.623: [CMS: 174769K->174762K(174784K), 0.0415317 secs] 253394K->217057K(253440K), [Metaspace: 2734K->2734K(1056768K)], 0.0417182 secs] [Times: user=0.04 sys=0.01, real=0.04 secs] 
2021-01-22T12:16:08.558-0800: 0.665: [GC (CMS Initial Mark) [1 CMS-initial-mark: 174762K(174784K)] 217201K(253440K), 0.0001679 secs] [Times: user=0.00 sys=0.00, real=0.00 secs] 
2021-01-22T12:16:08.558-0800: 0.665: [CMS-concurrent-mark-start]
2021-01-22T12:16:08.560-0800: 0.666: [CMS-concurrent-mark: 0.002/0.002 secs] [Times: user=0.00 sys=0.00, real=0.01 secs] 
2021-01-22T12:16:08.560-0800: 0.667: [CMS-concurrent-preclean-start]
2021-01-22T12:16:08.561-0800: 0.668: [CMS-concurrent-preclean: 0.001/0.001 secs] [Times: user=0.00 sys=0.00, real=0.00 secs] 
2021-01-22T12:16:08.561-0800: 0.668: [CMS-concurrent-abortable-preclean-start]
2021-01-22T12:16:08.561-0800: 0.668: [CMS-concurrent-abortable-preclean: 0.000/0.000 secs] [Times: user=0.00 sys=0.00, real=0.00 secs] 
2021-01-22T12:16:08.561-0800: 0.668: [GC (CMS Final Remark) [YG occupancy: 58012 K (78656 K)]2021-01-22T12:16:08.561-0800: 0.668: [Rescan (parallel) , 0.0002444 secs]2021-01-22T12:16:08.561-0800: 0.668: [weak refs processing, 0.0000121 secs]2021-01-22T12:16:08.561-0800: 0.668: [class unloading, 0.0002149 secs]2021-01-22T12:16:08.562-0800: 0.669: [scrub symbol table, 0.0004013 secs]2021-01-22T12:16:08.562-0800: 0.669: [scrub string table, 0.0001681 secs][1 CMS-remark: 174762K(174784K)] 232774K(253440K), 0.0011327 secs] [Times: user=0.00 sys=0.00, real=0.00 secs] 
2021-01-22T12:16:08.562-0800: 0.669: [CMS-concurrent-sweep-start]
2021-01-22T12:16:08.563-0800: 0.670: [CMS-concurrent-sweep: 0.000/0.000 secs] [Times: user=0.00 sys=0.00, real=0.00 secs] 
2021-01-22T12:16:08.563-0800: 0.670: [CMS-concurrent-reset-start]
2021-01-22T12:16:08.563-0800: 0.670: [CMS-concurrent-reset: 0.000/0.000 secs] [Times: user=0.00 sys=0.00, real=0.00 secs] 
2021-01-22T12:16:08.566-0800: 0.673: [GC (Allocation Failure) 2021-01-22T12:16:08.566-0800: 0.673: [ParNew: 78609K->78609K(78656K), 0.0000198 secs]2021-01-22T12:16:08.566-0800: 0.673: [CMS: 174762K->174700K(174784K), 0.0444444 secs] 253372K->223477K(253440K), [Metaspace: 2734K->2734K(1056768K)], 0.0445593 secs] [Times: user=0.04 sys=0.00, real=0.05 secs] 
2021-01-22T12:16:08.611-0800: 0.718: [GC (CMS Initial Mark) [1 CMS-initial-mark: 174700K(174784K)] 223555K(253440K), 0.0002285 secs] [Times: user=0.00 sys=0.00, real=0.00 secs] 
2021-01-22T12:16:08.611-0800: 0.718: [CMS-concurrent-mark-start]
2021-01-22T12:16:08.613-0800: 0.720: [CMS-concurrent-mark: 0.002/0.002 secs] [Times: user=0.01 sys=0.00, real=0.00 secs] 
2021-01-22T12:16:08.613-0800: 0.720: [CMS-concurrent-preclean-start]
2021-01-22T12:16:08.614-0800: 0.721: [CMS-concurrent-preclean: 0.001/0.001 secs] [Times: user=0.00 sys=0.00, real=0.00 secs] 
2021-01-22T12:16:08.614-0800: 0.721: [CMS-concurrent-abortable-preclean-start]
2021-01-22T12:16:08.614-0800: 0.721: [CMS-concurrent-abortable-preclean: 0.000/0.000 secs] [Times: user=0.00 sys=0.00, real=0.00 secs] 
2021-01-22T12:16:08.614-0800: 0.721: [GC (CMS Final Remark) [YG occupancy: 62297 K (78656 K)]2021-01-22T12:16:08.615-0800: 0.721: [Rescan (parallel) , 0.0002688 secs]2021-01-22T12:16:08.615-0800: 0.722: [weak refs processing, 0.0000156 secs]2021-01-22T12:16:08.615-0800: 0.722: [class unloading, 0.0002456 secs]2021-01-22T12:16:08.615-0800: 0.722: [scrub symbol table, 0.0003510 secs]2021-01-22T12:16:08.615-0800: 0.722: [scrub string table, 0.0001698 secs][1 CMS-remark: 174700K(174784K)] 236997K(253440K), 0.0011649 secs] [Times: user=0.00 sys=0.00, real=0.00 secs] 
2021-01-22T12:16:08.616-0800: 0.723: [CMS-concurrent-sweep-start]
2021-01-22T12:16:08.616-0800: 0.723: [CMS-concurrent-sweep: 0.000/0.000 secs] [Times: user=0.00 sys=0.00, real=0.00 secs] 
2021-01-22T12:16:08.616-0800: 0.723: [CMS-concurrent-reset-start]
2021-01-22T12:16:08.616-0800: 0.723: [CMS-concurrent-reset: 0.000/0.000 secs] [Times: user=0.00 sys=0.00, real=0.00 secs] 
2021-01-22T12:16:08.619-0800: 0.726: [GC (Allocation Failure) 2021-01-22T12:16:08.619-0800: 0.726: [ParNew: 78159K->78159K(78656K), 0.0000221 secs]2021-01-22T12:16:08.619-0800: 0.726: [CMS: 174571K->174518K(174784K), 0.0402442 secs] 252730K->223962K(253440K), [Metaspace: 2734K->2734K(1056768K)], 0.0403634 secs] [Times: user=0.04 sys=0.00, real=0.05 secs] 
2021-01-22T12:16:08.660-0800: 0.767: [GC (CMS Initial Mark) [1 CMS-initial-mark: 174518K(174784K)] 224698K(253440K), 0.0001765 secs] [Times: user=0.00 sys=0.00, real=0.00 secs] 
2021-01-22T12:16:08.660-0800: 0.767: [CMS-concurrent-mark-start]
2021-01-22T12:16:08.661-0800: 0.768: [CMS-concurrent-mark: 0.001/0.001 secs] [Times: user=0.01 sys=0.00, real=0.00 secs] 
2021-01-22T12:16:08.661-0800: 0.768: [CMS-concurrent-preclean-start]
2021-01-22T12:16:08.662-0800: 0.769: [CMS-concurrent-preclean: 0.001/0.001 secs] [Times: user=0.00 sys=0.00, real=0.00 secs] 
2021-01-22T12:16:08.663-0800: 0.769: [CMS-concurrent-abortable-preclean-start]
2021-01-22T12:16:08.663-0800: 0.769: [CMS-concurrent-abortable-preclean: 0.000/0.000 secs] [Times: user=0.00 sys=0.00, real=0.00 secs] 
2021-01-22T12:16:08.663-0800: 0.770: [GC (CMS Final Remark) [YG occupancy: 61970 K (78656 K)]2021-01-22T12:16:08.663-0800: 0.770: [Rescan (parallel) , 0.0002470 secs]2021-01-22T12:16:08.663-0800: 0.770: [weak refs processing, 0.0000131 secs]2021-01-22T12:16:08.663-0800: 0.770: [class unloading, 0.0002381 secs]2021-01-22T12:16:08.663-0800: 0.770: [scrub symbol table, 0.0003236 secs]2021-01-22T12:16:08.664-0800: 0.771: [scrub string table, 0.0001629 secs][1 CMS-remark: 174518K(174784K)] 236488K(253440K), 0.0010729 secs] [Times: user=0.00 sys=0.00, real=0.00 secs] 
2021-01-22T12:16:08.664-0800: 0.771: [CMS-concurrent-sweep-start]
2021-01-22T12:16:08.664-0800: 0.771: [CMS-concurrent-sweep: 0.000/0.000 secs] [Times: user=0.00 sys=0.00, real=0.00 secs] 
2021-01-22T12:16:08.664-0800: 0.771: [CMS-concurrent-reset-start]
2021-01-22T12:16:08.665-0800: 0.772: [CMS-concurrent-reset: 0.000/0.000 secs] [Times: user=0.00 sys=0.00, real=0.00 secs] 
2021-01-22T12:16:08.667-0800: 0.774: [GC (Allocation Failure) 2021-01-22T12:16:08.667-0800: 0.774: [ParNew: 78572K->78572K(78656K), 0.0000224 secs]2021-01-22T12:16:08.667-0800: 0.774: [CMS: 174424K->174621K(174784K), 0.0397763 secs] 252996K->227432K(253440K), [Metaspace: 2734K->2734K(1056768K)], 0.0399086 secs] [Times: user=0.03 sys=0.00, real=0.04 secs] 
2021-01-22T12:16:08.707-0800: 0.814: [GC (CMS Initial Mark) [1 CMS-initial-mark: 174621K(174784K)] 227599K(253440K), 0.0002249 secs] [Times: user=0.01 sys=0.00, real=0.00 secs] 
2021-01-22T12:16:08.708-0800: 0.815: [CMS-concurrent-mark-start]
2021-01-22T12:16:08.710-0800: 0.817: [CMS-concurrent-mark: 0.002/0.002 secs] [Times: user=0.00 sys=0.00, real=0.01 secs] 
2021-01-22T12:16:08.710-0800: 0.817: [CMS-concurrent-preclean-start]
2021-01-22T12:16:08.711-0800: 0.818: [CMS-concurrent-preclean: 0.002/0.002 secs] [Times: user=0.00 sys=0.00, real=0.00 secs] 
2021-01-22T12:16:08.712-0800: 0.818: [CMS-concurrent-abortable-preclean-start]
2021-01-22T12:16:08.712-0800: 0.818: [CMS-concurrent-abortable-preclean: 0.000/0.000 secs] [Times: user=0.00 sys=0.00, real=0.00 secs] 
2021-01-22T12:16:08.712-0800: 0.819: [GC (CMS Final Remark) [YG occupancy: 70507 K (78656 K)]2021-01-22T12:16:08.712-0800: 0.819: [Rescan (parallel) , 0.0002593 secs]2021-01-22T12:16:08.712-0800: 0.819: [weak refs processing, 0.0000125 secs]2021-01-22T12:16:08.712-0800: 0.819: [class unloading, 0.0002247 secs]2021-01-22T12:16:08.712-0800: 0.819: [scrub symbol table, 0.0003240 secs]2021-01-22T12:16:08.713-0800: 0.820: [scrub string table, 0.0001625 secs][1 CMS-remark: 174621K(174784K)] 245128K(253440K), 0.0010664 secs] [Times: user=0.00 sys=0.00, real=0.00 secs] 
2021-01-22T12:16:08.713-0800: 0.820: [CMS-concurrent-sweep-start]
2021-01-22T12:16:08.713-0800: 0.820: [CMS-concurrent-sweep: 0.001/0.001 secs] [Times: user=0.01 sys=0.00, real=0.00 secs] 
2021-01-22T12:16:08.713-0800: 0.820: [CMS-concurrent-reset-start]
2021-01-22T12:16:08.714-0800: 0.821: [CMS-concurrent-reset: 0.000/0.000 secs] [Times: user=0.00 sys=0.00, real=0.00 secs] 
2021-01-22T12:16:08.715-0800: 0.822: [GC (Allocation Failure) 2021-01-22T12:16:08.715-0800: 0.822: [ParNew: 78444K->78444K(78656K), 0.0000223 secs]2021-01-22T12:16:08.715-0800: 0.822: [CMS: 174621K->174265K(174784K), 0.0387346 secs] 253065K->228392K(253440K), [Metaspace: 2734K->2734K(1056768K)], 0.0388924 secs] [Times: user=0.04 sys=0.00, real=0.04 secs] 
2021-01-22T12:16:08.754-0800: 0.861: [GC (CMS Initial Mark) [1 CMS-initial-mark: 174265K(174784K)] 229135K(253440K), 0.0002058 secs] [Times: user=0.00 sys=0.00, real=0.00 secs] 
2021-01-22T12:16:08.754-0800: 0.861: [CMS-concurrent-mark-start]
2021-01-22T12:16:08.757-0800: 0.864: [CMS-concurrent-mark: 0.002/0.002 secs] [Times: user=0.00 sys=0.00, real=0.00 secs] 
2021-01-22T12:16:08.757-0800: 0.864: [CMS-concurrent-preclean-start]
2021-01-22T12:16:08.758-0800: 0.865: [CMS-concurrent-preclean: 0.002/0.002 secs] [Times: user=0.00 sys=0.00, real=0.00 secs] 
2021-01-22T12:16:08.758-0800: 0.865: [CMS-concurrent-abortable-preclean-start]
2021-01-22T12:16:08.758-0800: 0.865: [CMS-concurrent-abortable-preclean: 0.000/0.000 secs] [Times: user=0.00 sys=0.00, real=0.00 secs] 
2021-01-22T12:16:08.759-0800: 0.865: [GC (CMS Final Remark) [YG occupancy: 71937 K (78656 K)]2021-01-22T12:16:08.759-0800: 0.866: [Rescan (parallel) , 0.0002471 secs]2021-01-22T12:16:08.759-0800: 0.866: [weak refs processing, 0.0000199 secs]2021-01-22T12:16:08.759-0800: 0.866: [class unloading, 0.0003019 secs]2021-01-22T12:16:08.759-0800: 0.866: [scrub symbol table, 0.0004759 secs]2021-01-22T12:16:08.760-0800: 0.867: [scrub string table, 0.0001878 secs][1 CMS-remark: 174265K(174784K)] 246203K(253440K), 0.0013432 secs] [Times: user=0.01 sys=0.00, real=0.01 secs] 
2021-01-22T12:16:08.760-0800: 0.867: [CMS-concurrent-sweep-start]
2021-01-22T12:16:08.760-0800: 0.867: [CMS-concurrent-sweep: 0.000/0.000 secs] [Times: user=0.00 sys=0.00, real=0.00 secs] 
2021-01-22T12:16:08.761-0800: 0.867: [CMS-concurrent-reset-start]
2021-01-22T12:16:08.761-0800: 0.868: [CMS-concurrent-reset: 0.000/0.000 secs] [Times: user=0.00 sys=0.00, real=0.00 secs] 
2021-01-22T12:16:08.762-0800: 0.869: [GC (Allocation Failure) 2021-01-22T12:16:08.762-0800: 0.869: [ParNew: 78648K->78648K(78656K), 0.0000335 secs]2021-01-22T12:16:08.762-0800: 0.869: [CMS: 174265K->174731K(174784K), 0.0388705 secs] 252914K->231715K(253440K), [Metaspace: 2734K->2734K(1056768K)], 0.0390183 secs] [Times: user=0.04 sys=0.00, real=0.04 secs] 
2021-01-22T12:16:08.801-0800: 0.908: [GC (CMS Initial Mark) [1 CMS-initial-mark: 174731K(174784K)] 231751K(253440K), 0.0001848 secs] [Times: user=0.00 sys=0.00, real=0.00 secs] 
2021-01-22T12:16:08.802-0800: 0.909: [CMS-concurrent-mark-start]
2021-01-22T12:16:08.805-0800: 0.912: [CMS-concurrent-mark: 0.004/0.004 secs] [Times: user=0.00 sys=0.00, real=0.00 secs] 
2021-01-22T12:16:08.805-0800: 0.912: [CMS-concurrent-preclean-start]
2021-01-22T12:16:08.807-0800: 0.914: [CMS-concurrent-preclean: 0.002/0.002 secs] [Times: user=0.01 sys=0.00, real=0.00 secs] 
2021-01-22T12:16:08.807-0800: 0.914: [CMS-concurrent-abortable-preclean-start]
2021-01-22T12:16:08.807-0800: 0.914: [CMS-concurrent-abortable-preclean: 0.000/0.000 secs] [Times: user=0.00 sys=0.00, real=0.00 secs] 
2021-01-22T12:16:08.807-0800: 0.914: [GC (CMS Final Remark) [YG occupancy: 78507 K (78656 K)]2021-01-22T12:16:08.807-0800: 0.914: [Rescan (parallel) , 0.0003965 secs]2021-01-22T12:16:08.808-0800: 0.915: [weak refs processing, 0.0000133 secs]2021-01-22T12:16:08.808-0800: 0.915: [class unloading, 0.0002250 secs]2021-01-22T12:16:08.808-0800: 0.915: [scrub symbol table, 0.0003197 secs]2021-01-22T12:16:08.808-0800: 0.915: [scrub string table, 0.0001760 secs][1 CMS-remark: 174731K(174784K)] 253239K(253440K), 0.0012146 secs] [Times: user=0.00 sys=0.00, real=0.00 secs] 
2021-01-22T12:16:08.809-0800: 0.915: [CMS-concurrent-sweep-start]
2021-01-22T12:16:08.809-0800: 0.916: [Full GC (Allocation Failure) 2021-01-22T12:16:08.809-0800: 0.916: [CMS2021-01-22T12:16:08.809-0800: 0.916: [CMS-concurrent-sweep: 0.000/0.000 secs] [Times: user=0.00 sys=0.00, real=0.00 secs] 
 (concurrent mode failure): 174731K->174369K(174784K), 0.0437818 secs] 253239K->232588K(253440K), [Metaspace: 2734K->2734K(1056768K)], 0.0438753 secs] [Times: user=0.04 sys=0.00, real=0.05 secs] 
2021-01-22T12:16:08.858-0800: 0.965: [Full GC (Allocation Failure) 2021-01-22T12:16:08.858-0800: 0.965: [CMS: 174585K->174752K(174784K), 0.0406445 secs] 253207K->236295K(253440K), [Metaspace: 2734K->2734K(1056768K)], 0.0407449 secs] [Times: user=0.04 sys=0.00, real=0.04 secs] 
2021-01-22T12:16:08.899-0800: 1.006: [GC (CMS Initial Mark) [1 CMS-initial-mark: 174752K(174784K)] 236583K(253440K), 0.0001946 secs] [Times: user=0.00 sys=0.00, real=0.00 secs] 
2021-01-22T12:16:08.899-0800: 1.006: [CMS-concurrent-mark-start]
2021-01-22T12:16:08.901-0800: 1.008: [CMS-concurrent-mark: 0.002/0.002 secs] [Times: user=0.00 sys=0.00, real=0.01 secs] 
2021-01-22T12:16:08.901-0800: 1.008: [CMS-concurrent-preclean-start]
2021-01-22T12:16:08.902-0800: 1.009: [CMS-concurrent-preclean: 0.001/0.001 secs] [Times: user=0.00 sys=0.00, real=0.00 secs] 
2021-01-22T12:16:08.903-0800: 1.009: [CMS-concurrent-abortable-preclean-start]
2021-01-22T12:16:08.903-0800: 1.009: [CMS-concurrent-abortable-preclean: 0.000/0.000 secs] [Times: user=0.00 sys=0.00, real=0.00 secs] 
2021-01-22T12:16:08.903-0800: 1.010: [GC (CMS Final Remark) [YG occupancy: 78532 K (78656 K)]2021-01-22T12:16:08.903-0800: 1.010: [Rescan (parallel) , 0.0002668 secs]2021-01-22T12:16:08.903-0800: 1.010: [weak refs processing, 0.0000159 secs]2021-01-22T12:16:08.903-0800: 1.010: [class unloading, 0.0002472 secs]2021-01-22T12:16:08.903-0800: 1.010: [scrub symbol table, 0.0003391 secs]2021-01-22T12:16:08.904-0800: 1.011: [scrub string table, 0.0001646 secs][1 CMS-remark: 174752K(174784K)] 253285K(253440K), 0.0011330 secs] [Times: user=0.00 sys=0.00, real=0.00 secs] 
2021-01-22T12:16:08.904-0800: 1.011: [CMS-concurrent-sweep-start]
2021-01-22T12:16:08.904-0800: 1.011: [Full GC (Allocation Failure) 2021-01-22T12:16:08.904-0800: 1.011: [CMS2021-01-22T12:16:08.904-0800: 1.011: [CMS-concurrent-sweep: 0.000/0.000 secs] [Times: user=0.00 sys=0.00, real=0.00 secs] 
 (concurrent mode failure): 174752K->174667K(174784K), 0.0368454 secs] 253285K->236450K(253440K), [Metaspace: 2734K->2734K(1056768K)], 0.0369360 secs] [Times: user=0.03 sys=0.00, real=0.04 secs] 
2021-01-22T12:16:08.945-0800: 1.052: [Full GC (Allocation Failure) 2021-01-22T12:16:08.945-0800: 1.052: [CMS: 174667K->174657K(174784K), 0.0448964 secs] 253010K->236128K(253440K), [Metaspace: 2734K->2734K(1056768K)], 0.0449937 secs] [Times: user=0.04 sys=0.00, real=0.05 secs] 
2021-01-22T12:16:08.990-0800: 1.097: [GC (CMS Initial Mark) [1 CMS-initial-mark: 174657K(174784K)] 236526K(253440K), 0.0002150 secs] [Times: user=0.00 sys=0.00, real=0.00 secs] 
2021-01-22T12:16:08.990-0800: 1.097: [CMS-concurrent-mark-start]
Heap
 par new generation   total 78656K, used 63670K [0x00000007b0000000, 0x00000007b5550000, 0x00000007b5550000)
  eden space 69952K,  91% used [0x00000007b0000000, 0x00000007b3e2db80, 0x00000007b4450000)
  from space 8704K,   0% used [0x00000007b4450000, 0x00000007b4450000, 0x00000007b4cd0000)
  to   space 8704K,   0% used [0x00000007b4cd0000, 0x00000007b4cd0000, 0x00000007b5550000)
 concurrent mark-sweep generation total 174784K, used 174657K [0x00000007b5550000, 0x00000007c0000000, 0x00000007c0000000)
 Metaspace       used 2741K, capacity 4486K, committed 4864K, reserved 1056768K
  class space    used 296K, capacity 386K, committed 512K, reserved 1048576K
