Java HotSpot(TM) 64-Bit Server VM (25.231-b11) for bsd-amd64 JRE (1.8.0_231-b11), built on Oct  5 2019 03:15:25 by "java_re" with gcc 4.2.1 (Based on Apple Inc. build 5658) (LLVM build 2336.11.00)
Memory: 4k page, physical 16777216k(1594804k free)

/proc/meminfo:

CommandLine flags: -XX:InitialHeapSize=536870912 -XX:MaxHeapSize=536870912 -XX:MaxNewSize=178958336 -XX:MaxTenuringThreshold=6 -XX:NewSize=178958336 -XX:OldPLABSize=16 -XX:OldSize=357912576 -XX:+PrintGC -XX:+PrintGCDateStamps -XX:+PrintGCDetails -XX:+PrintGCTimeStamps -XX:+UseCompressedClassPointers -XX:+UseCompressedOops -XX:+UseConcMarkSweepGC -XX:+UseParNewGC 
2021-01-22T12:16:56.167-0800: 0.190: [GC (Allocation Failure) 2021-01-22T12:16:56.167-0800: 0.190: [ParNew: 139776K->17469K(157248K), 0.0212065 secs] 139776K->46122K(506816K), 0.0213643 secs] [Times: user=0.02 sys=0.05, real=0.02 secs] 
2021-01-22T12:16:56.215-0800: 0.238: [GC (Allocation Failure) 2021-01-22T12:16:56.215-0800: 0.238: [ParNew: 157245K->17470K(157248K), 0.0271312 secs] 185898K->92842K(506816K), 0.0272361 secs] [Times: user=0.03 sys=0.06, real=0.03 secs] 
2021-01-22T12:16:56.266-0800: 0.289: [GC (Allocation Failure) 2021-01-22T12:16:56.266-0800: 0.289: [ParNew: 157246K->17472K(157248K), 0.0316031 secs] 232618K->135402K(506816K), 0.0317089 secs] [Times: user=0.10 sys=0.02, real=0.03 secs] 
2021-01-22T12:16:56.322-0800: 0.345: [GC (Allocation Failure) 2021-01-22T12:16:56.322-0800: 0.345: [ParNew: 157125K->17470K(157248K), 0.0315614 secs] 275055K->176287K(506816K), 0.0316683 secs] [Times: user=0.09 sys=0.02, real=0.03 secs] 
2021-01-22T12:16:56.378-0800: 0.401: [GC (Allocation Failure) 2021-01-22T12:16:56.378-0800: 0.401: [ParNew: 157246K->17470K(157248K), 0.0305762 secs] 316063K->217881K(506816K), 0.0306879 secs] [Times: user=0.09 sys=0.02, real=0.03 secs] 
2021-01-22T12:16:56.409-0800: 0.432: [GC (CMS Initial Mark) [1 CMS-initial-mark: 200410K(349568K)] 218313K(506816K), 0.0002166 secs] [Times: user=0.00 sys=0.00, real=0.00 secs] 
2021-01-22T12:16:56.409-0800: 0.432: [CMS-concurrent-mark-start]
2021-01-22T12:16:56.415-0800: 0.438: [CMS-concurrent-mark: 0.006/0.006 secs] [Times: user=0.01 sys=0.00, real=0.01 secs] 
2021-01-22T12:16:56.416-0800: 0.439: [CMS-concurrent-preclean-start]
2021-01-22T12:16:56.416-0800: 0.439: [CMS-concurrent-preclean: 0.001/0.001 secs] [Times: user=0.00 sys=0.00, real=0.00 secs] 
2021-01-22T12:16:56.416-0800: 0.439: [CMS-concurrent-abortable-preclean-start]
2021-01-22T12:16:56.434-0800: 0.457: [GC (Allocation Failure) 2021-01-22T12:16:56.434-0800: 0.457: [ParNew: 157246K->17471K(157248K), 0.0315540 secs] 357657K->260987K(506816K), 0.0316562 secs] [Times: user=0.10 sys=0.02, real=0.03 secs] 
2021-01-22T12:16:56.488-0800: 0.511: [GC (Allocation Failure) 2021-01-22T12:16:56.488-0800: 0.511: [ParNew: 157247K->17469K(157248K), 0.0345455 secs] 400763K->304851K(506816K), 0.0346512 secs] [Times: user=0.11 sys=0.02, real=0.04 secs] 
2021-01-22T12:16:56.545-0800: 0.568: [GC (Allocation Failure) 2021-01-22T12:16:56.545-0800: 0.568: [ParNew: 157245K->17469K(157248K), 0.0363977 secs] 444627K->350462K(506816K), 0.0365008 secs] [Times: user=0.10 sys=0.02, real=0.04 secs] 
2021-01-22T12:16:56.582-0800: 0.604: [CMS-concurrent-abortable-preclean: 0.003/0.165 secs] [Times: user=0.37 sys=0.06, real=0.17 secs] 
2021-01-22T12:16:56.582-0800: 0.605: [GC (CMS Final Remark) [YG occupancy: 20877 K (157248 K)]2021-01-22T12:16:56.582-0800: 0.605: [Rescan (parallel) , 0.0006907 secs]2021-01-22T12:16:56.582-0800: 0.605: [weak refs processing, 0.0000427 secs]2021-01-22T12:16:56.583-0800: 0.605: [class unloading, 0.0003403 secs]2021-01-22T12:16:56.583-0800: 0.606: [scrub symbol table, 0.0008127 secs]2021-01-22T12:16:56.584-0800: 0.607: [scrub string table, 0.0001965 secs][1 CMS-remark: 332992K(349568K)] 353870K(506816K), 0.0022670 secs] [Times: user=0.00 sys=0.00, real=0.00 secs] 
2021-01-22T12:16:56.584-0800: 0.607: [CMS-concurrent-sweep-start]
2021-01-22T12:16:56.585-0800: 0.608: [CMS-concurrent-sweep: 0.001/0.001 secs] [Times: user=0.00 sys=0.00, real=0.00 secs] 
2021-01-22T12:16:56.585-0800: 0.608: [CMS-concurrent-reset-start]
2021-01-22T12:16:56.586-0800: 0.609: [CMS-concurrent-reset: 0.001/0.001 secs] [Times: user=0.00 sys=0.00, real=0.00 secs] 
2021-01-22T12:16:56.612-0800: 0.634: [GC (Allocation Failure) 2021-01-22T12:16:56.612-0800: 0.634: [ParNew: 157245K->17471K(157248K), 0.0115647 secs] 449232K->349227K(506816K), 0.0116568 secs] [Times: user=0.04 sys=0.00, real=0.01 secs] 
2021-01-22T12:16:56.623-0800: 0.646: [GC (CMS Initial Mark) [1 CMS-initial-mark: 331755K(349568K)] 349811K(506816K), 0.0001766 secs] [Times: user=0.00 sys=0.00, real=0.00 secs] 
2021-01-22T12:16:56.624-0800: 0.647: [CMS-concurrent-mark-start]
2021-01-22T12:16:56.626-0800: 0.649: [CMS-concurrent-mark: 0.003/0.003 secs] [Times: user=0.01 sys=0.00, real=0.00 secs] 
2021-01-22T12:16:56.626-0800: 0.649: [CMS-concurrent-preclean-start]
2021-01-22T12:16:56.627-0800: 0.650: [CMS-concurrent-preclean: 0.001/0.001 secs] [Times: user=0.00 sys=0.00, real=0.00 secs] 
2021-01-22T12:16:56.627-0800: 0.650: [CMS-concurrent-abortable-preclean-start]
2021-01-22T12:16:56.627-0800: 0.650: [CMS-concurrent-abortable-preclean: 0.000/0.000 secs] [Times: user=0.00 sys=0.00, real=0.00 secs] 
2021-01-22T12:16:56.627-0800: 0.650: [GC (CMS Final Remark) [YG occupancy: 39857 K (157248 K)]2021-01-22T12:16:56.627-0800: 0.650: [Rescan (parallel) , 0.0004192 secs]2021-01-22T12:16:56.628-0800: 0.651: [weak refs processing, 0.0000139 secs]2021-01-22T12:16:56.628-0800: 0.651: [class unloading, 0.0002156 secs]2021-01-22T12:16:56.628-0800: 0.651: [scrub symbol table, 0.0004403 secs]2021-01-22T12:16:56.628-0800: 0.651: [scrub string table, 0.0001688 secs][1 CMS-remark: 331755K(349568K)] 371613K(506816K), 0.0013788 secs] [Times: user=0.00 sys=0.00, real=0.00 secs] 
2021-01-22T12:16:56.629-0800: 0.652: [CMS-concurrent-sweep-start]
2021-01-22T12:16:56.630-0800: 0.653: [CMS-concurrent-sweep: 0.001/0.001 secs] [Times: user=0.00 sys=0.00, real=0.01 secs] 
2021-01-22T12:16:56.630-0800: 0.653: [CMS-concurrent-reset-start]
2021-01-22T12:16:56.630-0800: 0.653: [CMS-concurrent-reset: 0.000/0.000 secs] [Times: user=0.00 sys=0.00, real=0.00 secs] 
2021-01-22T12:16:56.649-0800: 0.672: [GC (Allocation Failure) 2021-01-22T12:16:56.649-0800: 0.672: [ParNew: 157247K->17471K(157248K), 0.0122700 secs] 395805K->298730K(506816K), 0.0123650 secs] [Times: user=0.05 sys=0.00, real=0.02 secs] 
2021-01-22T12:16:56.661-0800: 0.684: [GC (CMS Initial Mark) [1 CMS-initial-mark: 281258K(349568K)] 299288K(506816K), 0.0001248 secs] [Times: user=0.00 sys=0.00, real=0.00 secs] 
2021-01-22T12:16:56.661-0800: 0.684: [CMS-concurrent-mark-start]
2021-01-22T12:16:56.664-0800: 0.687: [CMS-concurrent-mark: 0.003/0.003 secs] [Times: user=0.00 sys=0.00, real=0.00 secs] 
2021-01-22T12:16:56.664-0800: 0.687: [CMS-concurrent-preclean-start]
2021-01-22T12:16:56.665-0800: 0.688: [CMS-concurrent-preclean: 0.001/0.001 secs] [Times: user=0.00 sys=0.00, real=0.00 secs] 
2021-01-22T12:16:56.665-0800: 0.688: [CMS-concurrent-abortable-preclean-start]
2021-01-22T12:16:56.684-0800: 0.707: [GC (Allocation Failure) 2021-01-22T12:16:56.684-0800: 0.707: [ParNew: 157247K->17470K(157248K), 0.0115583 secs] 438506K->338391K(506816K), 0.0116720 secs] [Times: user=0.04 sys=0.00, real=0.01 secs] 
2021-01-22T12:16:56.719-0800: 0.742: [GC (Allocation Failure) 2021-01-22T12:16:56.719-0800: 0.742: [ParNew: 157246K->157246K(157248K), 0.0000292 secs]2021-01-22T12:16:56.719-0800: 0.742: [CMS2021-01-22T12:16:56.719-0800: 0.742: [CMS-concurrent-abortable-preclean: 0.002/0.054 secs] [Times: user=0.09 sys=0.00, real=0.05 secs] 
 (concurrent mode failure): 320921K->291820K(349568K), 0.0575311 secs] 478167K->291820K(506816K), [Metaspace: 2734K->2734K(1056768K)], 0.0576967 secs] [Times: user=0.06 sys=0.00, real=0.06 secs] 
2021-01-22T12:16:56.799-0800: 0.822: [GC (Allocation Failure) 2021-01-22T12:16:56.799-0800: 0.822: [ParNew: 139776K->17471K(157248K), 0.0100799 secs] 431596K->344900K(506816K), 0.0101759 secs] [Times: user=0.04 sys=0.00, real=0.01 secs] 
2021-01-22T12:16:56.809-0800: 0.832: [GC (CMS Initial Mark) [1 CMS-initial-mark: 327428K(349568K)] 347886K(506816K), 0.0001199 secs] [Times: user=0.00 sys=0.00, real=0.01 secs] 
2021-01-22T12:16:56.810-0800: 0.832: [CMS-concurrent-mark-start]
2021-01-22T12:16:56.812-0800: 0.835: [CMS-concurrent-mark: 0.003/0.003 secs] [Times: user=0.01 sys=0.00, real=0.00 secs] 
2021-01-22T12:16:56.812-0800: 0.835: [CMS-concurrent-preclean-start]
2021-01-22T12:16:56.813-0800: 0.836: [CMS-concurrent-preclean: 0.001/0.001 secs] [Times: user=0.00 sys=0.00, real=0.00 secs] 
2021-01-22T12:16:56.813-0800: 0.836: [CMS-concurrent-abortable-preclean-start]
2021-01-22T12:16:56.813-0800: 0.836: [CMS-concurrent-abortable-preclean: 0.000/0.000 secs] [Times: user=0.00 sys=0.00, real=0.00 secs] 
2021-01-22T12:16:56.813-0800: 0.836: [GC (CMS Final Remark) [YG occupancy: 40651 K (157248 K)]2021-01-22T12:16:56.813-0800: 0.836: [Rescan (parallel) , 0.0004402 secs]2021-01-22T12:16:56.814-0800: 0.837: [weak refs processing, 0.0000144 secs]2021-01-22T12:16:56.814-0800: 0.837: [class unloading, 0.0002187 secs]2021-01-22T12:16:56.814-0800: 0.837: [scrub symbol table, 0.0003097 secs]2021-01-22T12:16:56.814-0800: 0.837: [scrub string table, 0.0001614 secs][1 CMS-remark: 327428K(349568K)] 368080K(506816K), 0.0012260 secs] [Times: user=0.00 sys=0.00, real=0.00 secs] 
2021-01-22T12:16:56.815-0800: 0.837: [CMS-concurrent-sweep-start]
2021-01-22T12:16:56.815-0800: 0.838: [CMS-concurrent-sweep: 0.001/0.001 secs] [Times: user=0.00 sys=0.00, real=0.00 secs] 
2021-01-22T12:16:56.815-0800: 0.838: [CMS-concurrent-reset-start]
2021-01-22T12:16:56.816-0800: 0.839: [CMS-concurrent-reset: 0.000/0.000 secs] [Times: user=0.00 sys=0.00, real=0.00 secs] 
2021-01-22T12:16:56.834-0800: 0.857: [GC (Allocation Failure) 2021-01-22T12:16:56.834-0800: 0.857: [ParNew: 157247K->17469K(157248K), 0.0113521 secs] 443718K->343456K(506816K), 0.0114500 secs] [Times: user=0.04 sys=0.00, real=0.01 secs] 
2021-01-22T12:16:56.846-0800: 0.869: [GC (CMS Initial Mark) [1 CMS-initial-mark: 325986K(349568K)] 346722K(506816K), 0.0001387 secs] [Times: user=0.00 sys=0.00, real=0.00 secs] 
2021-01-22T12:16:56.846-0800: 0.869: [CMS-concurrent-mark-start]
2021-01-22T12:16:56.849-0800: 0.872: [CMS-concurrent-mark: 0.003/0.003 secs] [Times: user=0.01 sys=0.00, real=0.00 secs] 
2021-01-22T12:16:56.849-0800: 0.872: [CMS-concurrent-preclean-start]
2021-01-22T12:16:56.849-0800: 0.872: [CMS-concurrent-preclean: 0.001/0.001 secs] [Times: user=0.00 sys=0.00, real=0.00 secs] 
2021-01-22T12:16:56.849-0800: 0.872: [CMS-concurrent-abortable-preclean-start]
2021-01-22T12:16:56.849-0800: 0.872: [CMS-concurrent-abortable-preclean: 0.000/0.000 secs] [Times: user=0.00 sys=0.00, real=0.00 secs] 
2021-01-22T12:16:56.850-0800: 0.872: [GC (CMS Final Remark) [YG occupancy: 39538 K (157248 K)]2021-01-22T12:16:56.850-0800: 0.873: [Rescan (parallel) , 0.0005391 secs]2021-01-22T12:16:56.850-0800: 0.873: [weak refs processing, 0.0000134 secs]2021-01-22T12:16:56.850-0800: 0.873: [class unloading, 0.0002269 secs]2021-01-22T12:16:56.850-0800: 0.873: [scrub symbol table, 0.0004465 secs]2021-01-22T12:16:56.851-0800: 0.874: [scrub string table, 0.0001685 secs][1 CMS-remark: 325986K(349568K)] 365525K(506816K), 0.0014696 secs] [Times: user=0.00 sys=0.00, real=0.00 secs] 
2021-01-22T12:16:56.851-0800: 0.874: [CMS-concurrent-sweep-start]
2021-01-22T12:16:56.852-0800: 0.875: [CMS-concurrent-sweep: 0.001/0.001 secs] [Times: user=0.00 sys=0.00, real=0.00 secs] 
2021-01-22T12:16:56.852-0800: 0.875: [CMS-concurrent-reset-start]
2021-01-22T12:16:56.853-0800: 0.875: [CMS-concurrent-reset: 0.000/0.000 secs] [Times: user=0.00 sys=0.00, real=0.00 secs] 
2021-01-22T12:16:56.871-0800: 0.894: [GC (Allocation Failure) 2021-01-22T12:16:56.871-0800: 0.894: [ParNew: 157245K->17471K(157248K), 0.0166116 secs] 448559K->356856K(506816K), 0.0167112 secs] [Times: user=0.06 sys=0.01, real=0.01 secs] 
2021-01-22T12:16:56.888-0800: 0.911: [GC (CMS Initial Mark) [1 CMS-initial-mark: 339384K(349568K)] 360185K(506816K), 0.0001395 secs] [Times: user=0.00 sys=0.00, real=0.00 secs] 
2021-01-22T12:16:56.888-0800: 0.911: [CMS-concurrent-mark-start]
2021-01-22T12:16:56.891-0800: 0.914: [CMS-concurrent-mark: 0.003/0.003 secs] [Times: user=0.01 sys=0.00, real=0.01 secs] 
2021-01-22T12:16:56.891-0800: 0.914: [CMS-concurrent-preclean-start]
2021-01-22T12:16:56.891-0800: 0.914: [CMS-concurrent-preclean: 0.001/0.001 secs] [Times: user=0.00 sys=0.00, real=0.00 secs] 
2021-01-22T12:16:56.892-0800: 0.914: [CMS-concurrent-abortable-preclean-start]
2021-01-22T12:16:56.892-0800: 0.914: [CMS-concurrent-abortable-preclean: 0.000/0.000 secs] [Times: user=0.00 sys=0.00, real=0.00 secs] 
2021-01-22T12:16:56.892-0800: 0.915: [GC (CMS Final Remark) [YG occupancy: 41662 K (157248 K)]2021-01-22T12:16:56.892-0800: 0.915: [Rescan (parallel) , 0.0004037 secs]2021-01-22T12:16:56.892-0800: 0.915: [weak refs processing, 0.0000143 secs]2021-01-22T12:16:56.892-0800: 0.915: [class unloading, 0.0002113 secs]2021-01-22T12:16:56.892-0800: 0.915: [scrub symbol table, 0.0003195 secs]2021-01-22T12:16:56.893-0800: 0.916: [scrub string table, 0.0001626 secs][1 CMS-remark: 339384K(349568K)] 381046K(506816K), 0.0011883 secs] [Times: user=0.00 sys=0.00, real=0.00 secs] 
2021-01-22T12:16:56.893-0800: 0.916: [CMS-concurrent-sweep-start]
2021-01-22T12:16:56.894-0800: 0.917: [CMS-concurrent-sweep: 0.001/0.001 secs] [Times: user=0.00 sys=0.00, real=0.00 secs] 
2021-01-22T12:16:56.894-0800: 0.917: [CMS-concurrent-reset-start]
2021-01-22T12:16:56.894-0800: 0.917: [CMS-concurrent-reset: 0.000/0.000 secs] [Times: user=0.00 sys=0.00, real=0.00 secs] 
2021-01-22T12:16:56.911-0800: 0.934: [GC (Allocation Failure) 2021-01-22T12:16:56.911-0800: 0.934: [ParNew: 157067K->157067K(157248K), 0.0000288 secs]2021-01-22T12:16:56.911-0800: 0.934: [CMS: 307295K->331505K(349568K), 0.0586673 secs] 464363K->331505K(506816K), [Metaspace: 2734K->2734K(1056768K)], 0.0588152 secs] [Times: user=0.06 sys=0.00, real=0.06 secs] 
2021-01-22T12:16:56.970-0800: 0.993: [GC (CMS Initial Mark) [1 CMS-initial-mark: 331505K(349568K)] 331910K(506816K), 0.0001774 secs] [Times: user=0.00 sys=0.00, real=0.00 secs] 
2021-01-22T12:16:56.971-0800: 0.993: [CMS-concurrent-mark-start]
2021-01-22T12:16:56.973-0800: 0.996: [CMS-concurrent-mark: 0.003/0.003 secs] [Times: user=0.00 sys=0.00, real=0.00 secs] 
2021-01-22T12:16:56.973-0800: 0.996: [CMS-concurrent-preclean-start]
2021-01-22T12:16:56.974-0800: 0.997: [CMS-concurrent-preclean: 0.001/0.001 secs] [Times: user=0.00 sys=0.00, real=0.00 secs] 
2021-01-22T12:16:56.974-0800: 0.997: [CMS-concurrent-abortable-preclean-start]
2021-01-22T12:16:56.974-0800: 0.997: [CMS-concurrent-abortable-preclean: 0.000/0.000 secs] [Times: user=0.00 sys=0.00, real=0.00 secs] 
2021-01-22T12:16:56.974-0800: 0.997: [GC (CMS Final Remark) [YG occupancy: 24259 K (157248 K)]2021-01-22T12:16:56.974-0800: 0.997: [Rescan (parallel) , 0.0004167 secs]2021-01-22T12:16:56.975-0800: 0.998: [weak refs processing, 0.0000165 secs]2021-01-22T12:16:56.975-0800: 0.998: [class unloading, 0.0002075 secs]2021-01-22T12:16:56.975-0800: 0.998: [scrub symbol table, 0.0003071 secs]2021-01-22T12:16:56.975-0800: 0.998: [scrub string table, 0.0001624 secs][1 CMS-remark: 331505K(349568K)] 355764K(506816K), 0.0011984 secs] [Times: user=0.00 sys=0.00, real=0.00 secs] 
2021-01-22T12:16:56.976-0800: 0.998: [CMS-concurrent-sweep-start]
2021-01-22T12:16:56.976-0800: 0.999: [CMS-concurrent-sweep: 0.001/0.001 secs] [Times: user=0.00 sys=0.00, real=0.00 secs] 
2021-01-22T12:16:56.976-0800: 0.999: [CMS-concurrent-reset-start]
2021-01-22T12:16:56.977-0800: 1.000: [CMS-concurrent-reset: 0.000/0.000 secs] [Times: user=0.00 sys=0.00, real=0.00 secs] 
2021-01-22T12:16:56.994-0800: 1.017: [GC (Allocation Failure) 2021-01-22T12:16:56.994-0800: 1.017: [ParNew: 139454K->139454K(157248K), 0.0000304 secs]2021-01-22T12:16:56.994-0800: 1.017: [CMS: 329986K->333897K(349568K), 0.0596103 secs] 469440K->333897K(506816K), [Metaspace: 2734K->2734K(1056768K)], 0.0597500 secs] [Times: user=0.06 sys=0.00, real=0.06 secs] 
2021-01-22T12:16:57.054-0800: 1.077: [GC (CMS Initial Mark) [1 CMS-initial-mark: 333897K(349568K)] 334262K(506816K), 0.0001688 secs] [Times: user=0.00 sys=0.00, real=0.00 secs] 
2021-01-22T12:16:57.054-0800: 1.077: [CMS-concurrent-mark-start]
Heap
 par new generation   total 157248K, used 8703K [0x00000007a0000000, 0x00000007aaaa0000, 0x00000007aaaa0000)
  eden space 139776K,   6% used [0x00000007a0000000, 0x00000007a087ff10, 0x00000007a8880000)
  from space 17472K,   0% used [0x00000007a8880000, 0x00000007a8880000, 0x00000007a9990000)
  to   space 17472K,   0% used [0x00000007a9990000, 0x00000007a9990000, 0x00000007aaaa0000)
 concurrent mark-sweep generation total 349568K, used 333897K [0x00000007aaaa0000, 0x00000007c0000000, 0x00000007c0000000)
 Metaspace       used 2741K, capacity 4486K, committed 4864K, reserved 1056768K
  class space    used 296K, capacity 386K, committed 512K, reserved 1048576K
