Java HotSpot(TM) 64-Bit Server VM (25.231-b11) for bsd-amd64 JRE (1.8.0_231-b11), built on Oct  5 2019 03:15:25 by "java_re" with gcc 4.2.1 (Based on Apple Inc. build 5658) (LLVM build 2336.11.00)
Memory: 4k page, physical 16777216k(1603468k free)

/proc/meminfo:

CommandLine flags: -XX:InitialHeapSize=536870912 -XX:MaxHeapSize=536870912 -XX:+PrintGC -XX:+PrintGCDateStamps -XX:+PrintGCDetails -XX:+PrintGCTimeStamps -XX:+UseCompressedClassPointers -XX:+UseCompressedOops -XX:+UseG1GC 
2021-01-22T12:22:39.157-0800: 0.134: [GC pause (G1 Evacuation Pause) (young), 0.0043157 secs]
   [Parallel Time: 3.9 ms, GC Workers: 4]
      [GC Worker Start (ms): Min: 134.5, Avg: 134.8, Max: 135.4, Diff: 0.9]
      [Ext Root Scanning (ms): Min: 0.0, Avg: 0.2, Max: 0.4, Diff: 0.4, Sum: 0.8]
      [Update RS (ms): Min: 0.0, Avg: 0.0, Max: 0.0, Diff: 0.0, Sum: 0.0]
         [Processed Buffers: Min: 0, Avg: 0.0, Max: 0, Diff: 0, Sum: 0]
      [Scan RS (ms): Min: 0.0, Avg: 0.0, Max: 0.0, Diff: 0.0, Sum: 0.0]
      [Code Root Scanning (ms): Min: 0.0, Avg: 0.0, Max: 0.0, Diff: 0.0, Sum: 0.0]
      [Object Copy (ms): Min: 2.5, Avg: 3.0, Max: 3.3, Diff: 0.8, Sum: 12.1]
      [Termination (ms): Min: 0.0, Avg: 0.1, Max: 0.2, Diff: 0.2, Sum: 0.5]
         [Termination Attempts: Min: 1, Avg: 1.0, Max: 1, Diff: 0, Sum: 4]
      [GC Worker Other (ms): Min: 0.0, Avg: 0.1, Max: 0.2, Diff: 0.1, Sum: 0.2]
      [GC Worker Total (ms): Min: 2.8, Avg: 3.4, Max: 3.8, Diff: 1.0, Sum: 13.7]
      [GC Worker End (ms): Min: 138.2, Avg: 138.2, Max: 138.3, Diff: 0.1]
   [Code Root Fixup: 0.0 ms]
   [Code Root Purge: 0.0 ms]
   [Clear CT: 0.0 ms]
   [Other: 0.4 ms]
      [Choose CSet: 0.0 ms]
      [Ref Proc: 0.2 ms]
      [Ref Enq: 0.0 ms]
      [Redirty Cards: 0.0 ms]
      [Humongous Register: 0.0 ms]
      [Humongous Reclaim: 0.0 ms]
      [Free CSet: 0.0 ms]
   [Eden: 25.0M(25.0M)->0.0B(21.0M) Survivors: 0.0B->4096.0K Heap: 29.5M(512.0M)->10.2M(512.0M)]
 [Times: user=0.01 sys=0.01, real=0.01 secs] 
2021-01-22T12:22:39.169-0800: 0.146: [GC pause (G1 Evacuation Pause) (young), 0.0041528 secs]
   [Parallel Time: 3.7 ms, GC Workers: 4]
      [GC Worker Start (ms): Min: 146.5, Avg: 146.5, Max: 146.6, Diff: 0.0]
      [Ext Root Scanning (ms): Min: 0.1, Avg: 0.2, Max: 0.3, Diff: 0.1, Sum: 0.7]
      [Update RS (ms): Min: 0.0, Avg: 0.0, Max: 0.0, Diff: 0.0, Sum: 0.0]
         [Processed Buffers: Min: 0, Avg: 0.8, Max: 2, Diff: 2, Sum: 3]
      [Scan RS (ms): Min: 0.0, Avg: 0.0, Max: 0.0, Diff: 0.0, Sum: 0.0]
      [Code Root Scanning (ms): Min: 0.0, Avg: 0.0, Max: 0.0, Diff: 0.0, Sum: 0.0]
      [Object Copy (ms): Min: 3.3, Avg: 3.4, Max: 3.5, Diff: 0.1, Sum: 13.5]
      [Termination (ms): Min: 0.0, Avg: 0.1, Max: 0.2, Diff: 0.2, Sum: 0.2]
         [Termination Attempts: Min: 1, Avg: 1.0, Max: 1, Diff: 0, Sum: 4]
      [GC Worker Other (ms): Min: 0.0, Avg: 0.0, Max: 0.0, Diff: 0.0, Sum: 0.1]
      [GC Worker Total (ms): Min: 3.6, Avg: 3.7, Max: 3.7, Diff: 0.0, Sum: 14.6]
      [GC Worker End (ms): Min: 150.2, Avg: 150.2, Max: 150.2, Diff: 0.0]
   [Code Root Fixup: 0.0 ms]
   [Code Root Purge: 0.0 ms]
   [Clear CT: 0.1 ms]
   [Other: 0.3 ms]
      [Choose CSet: 0.0 ms]
      [Ref Proc: 0.2 ms]
      [Ref Enq: 0.0 ms]
      [Redirty Cards: 0.0 ms]
      [Humongous Register: 0.0 ms]
      [Humongous Reclaim: 0.0 ms]
      [Free CSet: 0.0 ms]
   [Eden: 21.0M(21.0M)->0.0B(23.0M) Survivors: 4096.0K->4096.0K Heap: 34.8M(512.0M)->17.7M(512.0M)]
 [Times: user=0.01 sys=0.01, real=0.01 secs] 
2021-01-22T12:22:39.187-0800: 0.164: [GC pause (G1 Evacuation Pause) (young), 0.0043019 secs]
   [Parallel Time: 3.7 ms, GC Workers: 4]
      [GC Worker Start (ms): Min: 164.6, Avg: 164.7, Max: 164.9, Diff: 0.3]
      [Ext Root Scanning (ms): Min: 0.0, Avg: 0.1, Max: 0.2, Diff: 0.2, Sum: 0.4]
      [Update RS (ms): Min: 0.0, Avg: 0.2, Max: 0.3, Diff: 0.3, Sum: 0.6]
         [Processed Buffers: Min: 1, Avg: 1.5, Max: 2, Diff: 1, Sum: 6]
      [Scan RS (ms): Min: 0.0, Avg: 0.0, Max: 0.0, Diff: 0.0, Sum: 0.0]
      [Code Root Scanning (ms): Min: 0.0, Avg: 0.0, Max: 0.0, Diff: 0.0, Sum: 0.0]
      [Object Copy (ms): Min: 3.1, Avg: 3.1, Max: 3.2, Diff: 0.2, Sum: 12.5]
      [Termination (ms): Min: 0.0, Avg: 0.1, Max: 0.2, Diff: 0.2, Sum: 0.3]
         [Termination Attempts: Min: 1, Avg: 1.0, Max: 1, Diff: 0, Sum: 4]
      [GC Worker Other (ms): Min: 0.0, Avg: 0.0, Max: 0.0, Diff: 0.0, Sum: 0.0]
      [GC Worker Total (ms): Min: 3.3, Avg: 3.5, Max: 3.6, Diff: 0.3, Sum: 13.9]
      [GC Worker End (ms): Min: 168.2, Avg: 168.2, Max: 168.2, Diff: 0.0]
   [Code Root Fixup: 0.0 ms]
   [Code Root Purge: 0.0 ms]
   [Clear CT: 0.3 ms]
   [Other: 0.3 ms]
      [Choose CSet: 0.0 ms]
      [Ref Proc: 0.1 ms]
      [Ref Enq: 0.0 ms]
      [Redirty Cards: 0.0 ms]
      [Humongous Register: 0.0 ms]
      [Humongous Reclaim: 0.0 ms]
      [Free CSet: 0.0 ms]
   [Eden: 23.0M(23.0M)->0.0B(39.0M) Survivors: 4096.0K->4096.0K Heap: 44.5M(512.0M)->27.5M(512.0M)]
 [Times: user=0.01 sys=0.01, real=0.01 secs] 
2021-01-22T12:22:39.214-0800: 0.192: [GC pause (G1 Evacuation Pause) (young), 0.0071047 secs]
   [Parallel Time: 6.7 ms, GC Workers: 4]
      [GC Worker Start (ms): Min: 192.2, Avg: 192.3, Max: 192.5, Diff: 0.3]
      [Ext Root Scanning (ms): Min: 0.0, Avg: 0.1, Max: 0.2, Diff: 0.2, Sum: 0.4]
      [Update RS (ms): Min: 0.2, Avg: 0.3, Max: 0.3, Diff: 0.1, Sum: 1.1]
         [Processed Buffers: Min: 4, Avg: 4.0, Max: 4, Diff: 0, Sum: 16]
      [Scan RS (ms): Min: 0.0, Avg: 0.0, Max: 0.0, Diff: 0.0, Sum: 0.0]
      [Code Root Scanning (ms): Min: 0.0, Avg: 0.0, Max: 0.0, Diff: 0.0, Sum: 0.0]
      [Object Copy (ms): Min: 5.6, Avg: 5.9, Max: 6.1, Diff: 0.5, Sum: 23.7]
      [Termination (ms): Min: 0.0, Avg: 0.2, Max: 0.5, Diff: 0.5, Sum: 0.6]
         [Termination Attempts: Min: 1, Avg: 1.0, Max: 1, Diff: 0, Sum: 4]
      [GC Worker Other (ms): Min: 0.0, Avg: 0.0, Max: 0.0, Diff: 0.0, Sum: 0.1]
      [GC Worker Total (ms): Min: 6.4, Avg: 6.5, Max: 6.6, Diff: 0.3, Sum: 25.9]
      [GC Worker End (ms): Min: 198.8, Avg: 198.8, Max: 198.8, Diff: 0.0]
   [Code Root Fixup: 0.0 ms]
   [Code Root Purge: 0.0 ms]
   [Clear CT: 0.1 ms]
   [Other: 0.4 ms]
      [Choose CSet: 0.0 ms]
      [Ref Proc: 0.1 ms]
      [Ref Enq: 0.0 ms]
      [Redirty Cards: 0.0 ms]
      [Humongous Register: 0.0 ms]
      [Humongous Reclaim: 0.1 ms]
      [Free CSet: 0.0 ms]
   [Eden: 39.0M(39.0M)->0.0B(45.0M) Survivors: 4096.0K->6144.0K Heap: 74.9M(512.0M)->42.3M(512.0M)]
 [Times: user=0.01 sys=0.02, real=0.01 secs] 
2021-01-22T12:22:39.242-0800: 0.220: [GC pause (G1 Evacuation Pause) (young), 0.0087768 secs]
   [Parallel Time: 8.4 ms, GC Workers: 4]
      [GC Worker Start (ms): Min: 220.0, Avg: 220.0, Max: 220.1, Diff: 0.1]
      [Ext Root Scanning (ms): Min: 0.1, Avg: 0.1, Max: 0.2, Diff: 0.1, Sum: 0.5]
      [Update RS (ms): Min: 0.1, Avg: 0.2, Max: 0.2, Diff: 0.0, Sum: 0.6]
         [Processed Buffers: Min: 2, Avg: 2.2, Max: 3, Diff: 1, Sum: 9]
      [Scan RS (ms): Min: 0.0, Avg: 0.0, Max: 0.0, Diff: 0.0, Sum: 0.1]
      [Code Root Scanning (ms): Min: 0.0, Avg: 0.0, Max: 0.0, Diff: 0.0, Sum: 0.0]
      [Object Copy (ms): Min: 7.9, Avg: 7.9, Max: 8.0, Diff: 0.1, Sum: 31.8]
      [Termination (ms): Min: 0.0, Avg: 0.0, Max: 0.1, Diff: 0.1, Sum: 0.1]
         [Termination Attempts: Min: 1, Avg: 1.0, Max: 1, Diff: 0, Sum: 4]
      [GC Worker Other (ms): Min: 0.0, Avg: 0.0, Max: 0.0, Diff: 0.0, Sum: 0.0]
      [GC Worker Total (ms): Min: 8.3, Avg: 8.3, Max: 8.3, Diff: 0.1, Sum: 33.2]
      [GC Worker End (ms): Min: 228.3, Avg: 228.3, Max: 228.3, Diff: 0.0]
   [Code Root Fixup: 0.0 ms]
   [Code Root Purge: 0.0 ms]
   [Clear CT: 0.1 ms]
   [Other: 0.3 ms]
      [Choose CSet: 0.0 ms]
      [Ref Proc: 0.1 ms]
      [Ref Enq: 0.0 ms]
      [Redirty Cards: 0.1 ms]
      [Humongous Register: 0.0 ms]
      [Humongous Reclaim: 0.0 ms]
      [Free CSet: 0.0 ms]
   [Eden: 45.0M(45.0M)->0.0B(60.0M) Survivors: 6144.0K->7168.0K Heap: 102.8M(512.0M)->63.2M(512.0M)]
 [Times: user=0.00 sys=0.01, real=0.01 secs] 
2021-01-22T12:22:39.281-0800: 0.259: [GC pause (G1 Evacuation Pause) (young), 0.0110729 secs]
   [Parallel Time: 10.6 ms, GC Workers: 4]
      [GC Worker Start (ms): Min: 259.2, Avg: 259.4, Max: 259.8, Diff: 0.6]
      [Ext Root Scanning (ms): Min: 0.0, Avg: 0.1, Max: 0.2, Diff: 0.2, Sum: 0.5]
      [Update RS (ms): Min: 0.0, Avg: 0.2, Max: 0.3, Diff: 0.3, Sum: 0.7]
         [Processed Buffers: Min: 0, Avg: 2.2, Max: 4, Diff: 4, Sum: 9]
      [Scan RS (ms): Min: 0.0, Avg: 0.0, Max: 0.0, Diff: 0.0, Sum: 0.1]
      [Code Root Scanning (ms): Min: 0.0, Avg: 0.0, Max: 0.0, Diff: 0.0, Sum: 0.0]
      [Object Copy (ms): Min: 9.7, Avg: 9.9, Max: 10.1, Diff: 0.4, Sum: 39.6]
      [Termination (ms): Min: 0.0, Avg: 0.2, Max: 0.3, Diff: 0.3, Sum: 0.8]
         [Termination Attempts: Min: 1, Avg: 1.0, Max: 1, Diff: 0, Sum: 4]
      [GC Worker Other (ms): Min: 0.0, Avg: 0.0, Max: 0.0, Diff: 0.0, Sum: 0.0]
      [GC Worker Total (ms): Min: 10.0, Avg: 10.4, Max: 10.6, Diff: 0.6, Sum: 41.6]
      [GC Worker End (ms): Min: 269.8, Avg: 269.8, Max: 269.8, Diff: 0.0]
   [Code Root Fixup: 0.0 ms]
   [Code Root Purge: 0.0 ms]
   [Clear CT: 0.0 ms]
   [Other: 0.4 ms]
      [Choose CSet: 0.0 ms]
      [Ref Proc: 0.1 ms]
      [Ref Enq: 0.0 ms]
      [Redirty Cards: 0.1 ms]
      [Humongous Register: 0.0 ms]
      [Humongous Reclaim: 0.0 ms]
      [Free CSet: 0.0 ms]
   [Eden: 60.0M(60.0M)->0.0B(298.0M) Survivors: 7168.0K->9216.0K Heap: 138.9M(512.0M)->88.7M(512.0M)]
 [Times: user=0.01 sys=0.02, real=0.01 secs] 
2021-01-22T12:22:39.475-0800: 0.453: [GC pause (G1 Humongous Allocation) (young) (to-space exhausted), 0.0044009 secs]
   [Parallel Time: 1.2 ms, GC Workers: 4]
      [GC Worker Start (ms): Min: 453.2, Avg: 453.2, Max: 453.2, Diff: 0.0]
      [Ext Root Scanning (ms): Min: 0.1, Avg: 0.1, Max: 0.2, Diff: 0.0, Sum: 0.6]
      [Update RS (ms): Min: 0.3, Avg: 0.3, Max: 0.3, Diff: 0.0, Sum: 1.2]
         [Processed Buffers: Min: 2, Avg: 3.5, Max: 4, Diff: 2, Sum: 14]
      [Scan RS (ms): Min: 0.0, Avg: 0.0, Max: 0.1, Diff: 0.0, Sum: 0.2]
      [Code Root Scanning (ms): Min: 0.0, Avg: 0.0, Max: 0.0, Diff: 0.0, Sum: 0.0]
      [Object Copy (ms): Min: 0.7, Avg: 0.7, Max: 0.7, Diff: 0.0, Sum: 2.6]
      [Termination (ms): Min: 0.0, Avg: 0.0, Max: 0.0, Diff: 0.0, Sum: 0.0]
         [Termination Attempts: Min: 1, Avg: 1.0, Max: 1, Diff: 0, Sum: 4]
      [GC Worker Other (ms): Min: 0.0, Avg: 0.0, Max: 0.0, Diff: 0.0, Sum: 0.1]
      [GC Worker Total (ms): Min: 1.2, Avg: 1.2, Max: 1.2, Diff: 0.0, Sum: 4.6]
      [GC Worker End (ms): Min: 454.4, Avg: 454.4, Max: 454.4, Diff: 0.0]
   [Code Root Fixup: 0.0 ms]
   [Code Root Purge: 0.0 ms]
   [Clear CT: 0.1 ms]
   [Other: 3.1 ms]
      [Evacuation Failure: 2.5 ms]
      [Choose CSet: 0.0 ms]
      [Ref Proc: 0.1 ms]
      [Ref Enq: 0.0 ms]
      [Redirty Cards: 0.0 ms]
      [Humongous Register: 0.0 ms]
      [Humongous Reclaim: 0.3 ms]
      [Free CSet: 0.1 ms]
   [Eden: 292.0M(298.0M)->0.0B(49.0M) Survivors: 9216.0K->0.0B Heap: 455.1M(512.0M)->368.3M(512.0M)]
 [Times: user=0.00 sys=0.01, real=0.01 secs] 
2021-01-22T12:22:39.480-0800: 0.458: [GC pause (G1 Humongous Allocation) (young) (initial-mark), 0.0009432 secs]
   [Parallel Time: 0.6 ms, GC Workers: 4]
      [GC Worker Start (ms): Min: 457.9, Avg: 457.9, Max: 458.1, Diff: 0.2]
      [Ext Root Scanning (ms): Min: 0.0, Avg: 0.2, Max: 0.2, Diff: 0.2, Sum: 0.6]
      [Update RS (ms): Min: 0.2, Avg: 0.3, Max: 0.3, Diff: 0.1, Sum: 1.1]
         [Processed Buffers: Min: 1, Avg: 3.5, Max: 5, Diff: 4, Sum: 14]
      [Scan RS (ms): Min: 0.0, Avg: 0.0, Max: 0.0, Diff: 0.0, Sum: 0.0]
      [Code Root Scanning (ms): Min: 0.0, Avg: 0.0, Max: 0.0, Diff: 0.0, Sum: 0.0]
      [Object Copy (ms): Min: 0.0, Avg: 0.0, Max: 0.0, Diff: 0.0, Sum: 0.1]
      [Termination (ms): Min: 0.0, Avg: 0.1, Max: 0.1, Diff: 0.1, Sum: 0.3]
         [Termination Attempts: Min: 1, Avg: 1.0, Max: 1, Diff: 0, Sum: 4]
      [GC Worker Other (ms): Min: 0.0, Avg: 0.0, Max: 0.0, Diff: 0.0, Sum: 0.0]
      [GC Worker Total (ms): Min: 0.4, Avg: 0.5, Max: 0.6, Diff: 0.2, Sum: 2.1]
      [GC Worker End (ms): Min: 458.5, Avg: 458.5, Max: 458.5, Diff: 0.0]
   [Code Root Fixup: 0.0 ms]
   [Code Root Purge: 0.0 ms]
   [Clear CT: 0.0 ms]
   [Other: 0.3 ms]
      [Choose CSet: 0.0 ms]
      [Ref Proc: 0.1 ms]
      [Ref Enq: 0.0 ms]
      [Redirty Cards: 0.0 ms]
      [Humongous Register: 0.0 ms]
      [Humongous Reclaim: 0.0 ms]
      [Free CSet: 0.0 ms]
   [Eden: 1024.0K(49.0M)->0.0B(48.0M) Survivors: 0.0B->1024.0K Heap: 369.3M(512.0M)->369.0M(512.0M)]
 [Times: user=0.00 sys=0.00, real=0.00 secs] 
2021-01-22T12:22:39.481-0800: 0.459: [GC concurrent-root-region-scan-start]
2021-01-22T12:22:39.481-0800: 0.459: [GC concurrent-root-region-scan-end, 0.0000487 secs]
2021-01-22T12:22:39.481-0800: 0.459: [GC concurrent-mark-start]
2021-01-22T12:22:39.488-0800: 0.466: [GC concurrent-mark-end, 0.0066217 secs]
2021-01-22T12:22:39.488-0800: 0.466: [GC remark 2021-01-22T12:22:39.488-0800: 0.466: [Finalize Marking, 0.0001591 secs] 2021-01-22T12:22:39.488-0800: 0.466: [GC ref-proc, 0.0000565 secs] 2021-01-22T12:22:39.488-0800: 0.466: [Unloading, 0.0006229 secs], 0.0016145 secs]
 [Times: user=0.00 sys=0.00, real=0.01 secs] 
2021-01-22T12:22:39.490-0800: 0.467: [GC cleanup 393M->393M(512M), 0.0006675 secs]
 [Times: user=0.00 sys=0.00, real=0.00 secs] 
2021-01-22T12:22:39.501-0800: 0.479: [GC pause (G1 Evacuation Pause) (young), 0.0039417 secs]
   [Parallel Time: 3.6 ms, GC Workers: 4]
      [GC Worker Start (ms): Min: 479.0, Avg: 479.1, Max: 479.3, Diff: 0.3]
      [Ext Root Scanning (ms): Min: 0.0, Avg: 0.1, Max: 0.2, Diff: 0.2, Sum: 0.6]
      [Update RS (ms): Min: 0.3, Avg: 0.3, Max: 0.3, Diff: 0.0, Sum: 1.3]
         [Processed Buffers: Min: 2, Avg: 3.2, Max: 5, Diff: 3, Sum: 13]
      [Scan RS (ms): Min: 0.0, Avg: 0.0, Max: 0.0, Diff: 0.0, Sum: 0.0]
      [Code Root Scanning (ms): Min: 0.0, Avg: 0.0, Max: 0.0, Diff: 0.0, Sum: 0.0]
      [Object Copy (ms): Min: 2.8, Avg: 2.9, Max: 3.0, Diff: 0.1, Sum: 11.6]
      [Termination (ms): Min: 0.0, Avg: 0.1, Max: 0.1, Diff: 0.1, Sum: 0.3]
         [Termination Attempts: Min: 1, Avg: 1.0, Max: 1, Diff: 0, Sum: 4]
      [GC Worker Other (ms): Min: 0.0, Avg: 0.0, Max: 0.0, Diff: 0.0, Sum: 0.0]
      [GC Worker Total (ms): Min: 3.3, Avg: 3.4, Max: 3.5, Diff: 0.3, Sum: 13.8]
      [GC Worker End (ms): Min: 482.6, Avg: 482.6, Max: 482.6, Diff: 0.0]
   [Code Root Fixup: 0.0 ms]
   [Code Root Purge: 0.0 ms]
   [Clear CT: 0.1 ms]
   [Other: 0.3 ms]
      [Choose CSet: 0.0 ms]
      [Ref Proc: 0.1 ms]
      [Ref Enq: 0.0 ms]
      [Redirty Cards: 0.0 ms]
      [Humongous Register: 0.1 ms]
      [Humongous Reclaim: 0.0 ms]
      [Free CSet: 0.0 ms]
   [Eden: 48.0M(48.0M)->0.0B(18.0M) Survivors: 1024.0K->7168.0K Heap: 428.8M(512.0M)->390.0M(512.0M)]
 [Times: user=0.01 sys=0.00, real=0.00 secs] 
2021-01-22T12:22:39.510-0800: 0.487: [GC pause (G1 Evacuation Pause) (mixed), 0.0040263 secs]
   [Parallel Time: 3.6 ms, GC Workers: 4]
      [GC Worker Start (ms): Min: 487.5, Avg: 487.5, Max: 487.5, Diff: 0.0]
      [Ext Root Scanning (ms): Min: 0.1, Avg: 0.1, Max: 0.2, Diff: 0.0, Sum: 0.6]
      [Update RS (ms): Min: 0.3, Avg: 0.3, Max: 0.3, Diff: 0.0, Sum: 1.3]
         [Processed Buffers: Min: 1, Avg: 3.5, Max: 5, Diff: 4, Sum: 14]
      [Scan RS (ms): Min: 0.0, Avg: 0.0, Max: 0.1, Diff: 0.1, Sum: 0.1]
      [Code Root Scanning (ms): Min: 0.0, Avg: 0.0, Max: 0.0, Diff: 0.0, Sum: 0.0]
      [Object Copy (ms): Min: 2.9, Avg: 3.0, Max: 3.0, Diff: 0.1, Sum: 11.9]
      [Termination (ms): Min: 0.0, Avg: 0.1, Max: 0.1, Diff: 0.1, Sum: 0.3]
         [Termination Attempts: Min: 1, Avg: 1.0, Max: 1, Diff: 0, Sum: 4]
      [GC Worker Other (ms): Min: 0.0, Avg: 0.0, Max: 0.0, Diff: 0.0, Sum: 0.0]
      [GC Worker Total (ms): Min: 3.5, Avg: 3.5, Max: 3.6, Diff: 0.1, Sum: 14.2]
      [GC Worker End (ms): Min: 491.1, Avg: 491.1, Max: 491.1, Diff: 0.0]
   [Code Root Fixup: 0.0 ms]
   [Code Root Purge: 0.0 ms]
   [Clear CT: 0.1 ms]
   [Other: 0.3 ms]
      [Choose CSet: 0.0 ms]
      [Ref Proc: 0.1 ms]
      [Ref Enq: 0.0 ms]
      [Redirty Cards: 0.0 ms]
      [Humongous Register: 0.1 ms]
      [Humongous Reclaim: 0.0 ms]
      [Free CSet: 0.1 ms]
   [Eden: 18.0M(18.0M)->0.0B(21.0M) Survivors: 7168.0K->4096.0K Heap: 415.6M(512.0M)->351.4M(512.0M)]
 [Times: user=0.01 sys=0.01, real=0.00 secs] 
2021-01-22T12:22:39.519-0800: 0.496: [GC pause (G1 Evacuation Pause) (mixed), 0.0041573 secs]
   [Parallel Time: 3.8 ms, GC Workers: 4]
      [GC Worker Start (ms): Min: 496.5, Avg: 496.6, Max: 496.6, Diff: 0.0]
      [Ext Root Scanning (ms): Min: 0.1, Avg: 0.1, Max: 0.2, Diff: 0.0, Sum: 0.6]
      [Update RS (ms): Min: 0.4, Avg: 0.4, Max: 0.5, Diff: 0.1, Sum: 1.7]
         [Processed Buffers: Min: 2, Avg: 4.8, Max: 6, Diff: 4, Sum: 19]
      [Scan RS (ms): Min: 0.0, Avg: 0.0, Max: 0.0, Diff: 0.0, Sum: 0.1]
      [Code Root Scanning (ms): Min: 0.0, Avg: 0.0, Max: 0.0, Diff: 0.0, Sum: 0.0]
      [Object Copy (ms): Min: 3.0, Avg: 3.0, Max: 3.0, Diff: 0.1, Sum: 12.0]
      [Termination (ms): Min: 0.0, Avg: 0.1, Max: 0.1, Diff: 0.1, Sum: 0.2]
         [Termination Attempts: Min: 1, Avg: 1.0, Max: 1, Diff: 0, Sum: 4]
      [GC Worker Other (ms): Min: 0.0, Avg: 0.0, Max: 0.0, Diff: 0.0, Sum: 0.0]
      [GC Worker Total (ms): Min: 3.6, Avg: 3.7, Max: 3.7, Diff: 0.1, Sum: 14.7]
      [GC Worker End (ms): Min: 500.2, Avg: 500.2, Max: 500.3, Diff: 0.0]
   [Code Root Fixup: 0.0 ms]
   [Code Root Purge: 0.0 ms]
   [Clear CT: 0.1 ms]
   [Other: 0.3 ms]
      [Choose CSet: 0.0 ms]
      [Ref Proc: 0.1 ms]
      [Ref Enq: 0.0 ms]
      [Redirty Cards: 0.0 ms]
      [Humongous Register: 0.1 ms]
      [Humongous Reclaim: 0.0 ms]
      [Free CSet: 0.1 ms]
   [Eden: 21.0M(21.0M)->0.0B(21.0M) Survivors: 4096.0K->4096.0K Heap: 374.9M(512.0M)->313.4M(512.0M)]
 [Times: user=0.01 sys=0.00, real=0.01 secs] 
2021-01-22T12:22:39.528-0800: 0.506: [GC pause (G1 Evacuation Pause) (mixed), 0.0045095 secs]
   [Parallel Time: 4.0 ms, GC Workers: 4]
      [GC Worker Start (ms): Min: 505.8, Avg: 505.8, Max: 505.8, Diff: 0.0]
      [Ext Root Scanning (ms): Min: 0.1, Avg: 0.1, Max: 0.2, Diff: 0.0, Sum: 0.6]
      [Update RS (ms): Min: 0.4, Avg: 0.4, Max: 0.4, Diff: 0.0, Sum: 1.7]
         [Processed Buffers: Min: 3, Avg: 5.0, Max: 7, Diff: 4, Sum: 20]
      [Scan RS (ms): Min: 0.0, Avg: 0.0, Max: 0.0, Diff: 0.0, Sum: 0.1]
      [Code Root Scanning (ms): Min: 0.0, Avg: 0.0, Max: 0.0, Diff: 0.0, Sum: 0.0]
      [Object Copy (ms): Min: 3.1, Avg: 3.2, Max: 3.3, Diff: 0.2, Sum: 12.6]
      [Termination (ms): Min: 0.0, Avg: 0.2, Max: 0.2, Diff: 0.2, Sum: 0.6]
         [Termination Attempts: Min: 1, Avg: 1.0, Max: 1, Diff: 0, Sum: 4]
      [GC Worker Other (ms): Min: 0.0, Avg: 0.0, Max: 0.0, Diff: 0.0, Sum: 0.0]
      [GC Worker Total (ms): Min: 3.9, Avg: 3.9, Max: 3.9, Diff: 0.0, Sum: 15.7]
      [GC Worker End (ms): Min: 509.7, Avg: 509.7, Max: 509.8, Diff: 0.0]
   [Code Root Fixup: 0.0 ms]
   [Code Root Purge: 0.0 ms]
   [Clear CT: 0.0 ms]
   [Other: 0.5 ms]
      [Choose CSet: 0.0 ms]
      [Ref Proc: 0.2 ms]
      [Ref Enq: 0.0 ms]
      [Redirty Cards: 0.0 ms]
      [Humongous Register: 0.1 ms]
      [Humongous Reclaim: 0.0 ms]
      [Free CSet: 0.1 ms]
   [Eden: 21.0M(21.0M)->0.0B(21.0M) Survivors: 4096.0K->4096.0K Heap: 339.6M(512.0M)->281.3M(512.0M)]
 [Times: user=0.02 sys=0.00, real=0.01 secs] 
2021-01-22T12:22:39.538-0800: 0.515: [GC pause (G1 Evacuation Pause) (mixed), 0.0050834 secs]
   [Parallel Time: 4.6 ms, GC Workers: 4]
      [GC Worker Start (ms): Min: 515.5, Avg: 515.6, Max: 515.6, Diff: 0.0]
      [Ext Root Scanning (ms): Min: 0.1, Avg: 0.2, Max: 0.2, Diff: 0.0, Sum: 0.6]
      [Update RS (ms): Min: 0.5, Avg: 0.5, Max: 0.5, Diff: 0.0, Sum: 1.9]
         [Processed Buffers: Min: 4, Avg: 5.8, Max: 7, Diff: 3, Sum: 23]
      [Scan RS (ms): Min: 0.0, Avg: 0.0, Max: 0.0, Diff: 0.0, Sum: 0.1]
      [Code Root Scanning (ms): Min: 0.0, Avg: 0.0, Max: 0.0, Diff: 0.0, Sum: 0.0]
      [Object Copy (ms): Min: 3.8, Avg: 3.8, Max: 3.9, Diff: 0.1, Sum: 15.3]
      [Termination (ms): Min: 0.0, Avg: 0.1, Max: 0.1, Diff: 0.1, Sum: 0.3]
         [Termination Attempts: Min: 1, Avg: 1.0, Max: 1, Diff: 0, Sum: 4]
      [GC Worker Other (ms): Min: 0.0, Avg: 0.0, Max: 0.0, Diff: 0.0, Sum: 0.0]
      [GC Worker Total (ms): Min: 4.6, Avg: 4.6, Max: 4.6, Diff: 0.0, Sum: 18.3]
      [GC Worker End (ms): Min: 520.1, Avg: 520.1, Max: 520.1, Diff: 0.0]
   [Code Root Fixup: 0.0 ms]
   [Code Root Purge: 0.0 ms]
   [Clear CT: 0.0 ms]
   [Other: 0.4 ms]
      [Choose CSet: 0.0 ms]
      [Ref Proc: 0.1 ms]
      [Ref Enq: 0.0 ms]
      [Redirty Cards: 0.1 ms]
      [Humongous Register: 0.1 ms]
      [Humongous Reclaim: 0.0 ms]
      [Free CSet: 0.0 ms]
   [Eden: 21.0M(21.0M)->0.0B(21.0M) Survivors: 4096.0K->4096.0K Heap: 308.9M(512.0M)->251.1M(512.0M)]
 [Times: user=0.02 sys=0.01, real=0.01 secs] 
2021-01-22T12:22:39.548-0800: 0.526: [GC pause (G1 Evacuation Pause) (mixed), 0.0043984 secs]
   [Parallel Time: 3.9 ms, GC Workers: 4]
      [GC Worker Start (ms): Min: 526.2, Avg: 526.2, Max: 526.2, Diff: 0.0]
      [Ext Root Scanning (ms): Min: 0.1, Avg: 0.1, Max: 0.2, Diff: 0.0, Sum: 0.6]
      [Update RS (ms): Min: 0.4, Avg: 0.5, Max: 0.5, Diff: 0.1, Sum: 1.8]
         [Processed Buffers: Min: 3, Avg: 5.2, Max: 6, Diff: 3, Sum: 21]
      [Scan RS (ms): Min: 0.0, Avg: 0.0, Max: 0.1, Diff: 0.1, Sum: 0.1]
      [Code Root Scanning (ms): Min: 0.0, Avg: 0.0, Max: 0.0, Diff: 0.0, Sum: 0.0]
      [Object Copy (ms): Min: 3.2, Avg: 3.2, Max: 3.2, Diff: 0.0, Sum: 12.7]
      [Termination (ms): Min: 0.0, Avg: 0.0, Max: 0.0, Diff: 0.0, Sum: 0.1]
         [Termination Attempts: Min: 1, Avg: 1.0, Max: 1, Diff: 0, Sum: 4]
      [GC Worker Other (ms): Min: 0.0, Avg: 0.0, Max: 0.0, Diff: 0.0, Sum: 0.0]
      [GC Worker Total (ms): Min: 3.8, Avg: 3.9, Max: 3.9, Diff: 0.0, Sum: 15.4]
      [GC Worker End (ms): Min: 530.1, Avg: 530.1, Max: 530.1, Diff: 0.0]
   [Code Root Fixup: 0.0 ms]
   [Code Root Purge: 0.0 ms]
   [Clear CT: 0.0 ms]
   [Other: 0.4 ms]
      [Choose CSet: 0.0 ms]
      [Ref Proc: 0.1 ms]
      [Ref Enq: 0.0 ms]
      [Redirty Cards: 0.1 ms]
      [Humongous Register: 0.1 ms]
      [Humongous Reclaim: 0.0 ms]
      [Free CSet: 0.0 ms]
   [Eden: 21.0M(21.0M)->0.0B(143.0M) Survivors: 4096.0K->4096.0K Heap: 281.4M(512.0M)->240.8M(512.0M)]
 [Times: user=0.01 sys=0.00, real=0.01 secs] 
2021-01-22T12:22:39.553-0800: 0.531: [GC pause (G1 Humongous Allocation) (young) (initial-mark), 0.0013279 secs]
   [Parallel Time: 0.9 ms, GC Workers: 4]
      [GC Worker Start (ms): Min: 531.2, Avg: 531.2, Max: 531.2, Diff: 0.0]
      [Ext Root Scanning (ms): Min: 0.1, Avg: 0.2, Max: 0.2, Diff: 0.0, Sum: 0.6]
      [Update RS (ms): Min: 0.1, Avg: 0.1, Max: 0.1, Diff: 0.1, Sum: 0.3]
         [Processed Buffers: Min: 1, Avg: 1.2, Max: 2, Diff: 1, Sum: 5]
      [Scan RS (ms): Min: 0.0, Avg: 0.0, Max: 0.0, Diff: 0.0, Sum: 0.0]
      [Code Root Scanning (ms): Min: 0.0, Avg: 0.0, Max: 0.0, Diff: 0.0, Sum: 0.0]
      [Object Copy (ms): Min: 0.4, Avg: 0.5, Max: 0.6, Diff: 0.1, Sum: 2.1]
      [Termination (ms): Min: 0.0, Avg: 0.0, Max: 0.1, Diff: 0.1, Sum: 0.2]
         [Termination Attempts: Min: 1, Avg: 1.0, Max: 1, Diff: 0, Sum: 4]
      [GC Worker Other (ms): Min: 0.0, Avg: 0.0, Max: 0.0, Diff: 0.0, Sum: 0.0]
      [GC Worker Total (ms): Min: 0.8, Avg: 0.8, Max: 0.8, Diff: 0.0, Sum: 3.3]
      [GC Worker End (ms): Min: 532.0, Avg: 532.0, Max: 532.0, Diff: 0.0]
   [Code Root Fixup: 0.0 ms]
   [Code Root Purge: 0.0 ms]
   [Clear CT: 0.0 ms]
   [Other: 0.4 ms]
      [Choose CSet: 0.0 ms]
      [Ref Proc: 0.1 ms]
      [Ref Enq: 0.0 ms]
      [Redirty Cards: 0.1 ms]
      [Humongous Register: 0.0 ms]
      [Humongous Reclaim: 0.0 ms]
      [Free CSet: 0.0 ms]
   [Eden: 2048.0K(143.0M)->0.0B(147.0M) Survivors: 4096.0K->4096.0K Heap: 242.3M(512.0M)->240.8M(512.0M)]
 [Times: user=0.01 sys=0.00, real=0.00 secs] 
2021-01-22T12:22:39.555-0800: 0.533: [GC concurrent-root-region-scan-start]
2021-01-22T12:22:39.555-0800: 0.533: [GC concurrent-root-region-scan-end, 0.0001118 secs]
2021-01-22T12:22:39.555-0800: 0.533: [GC concurrent-mark-start]
2021-01-22T12:22:39.557-0800: 0.535: [GC concurrent-mark-end, 0.0019954 secs]
2021-01-22T12:22:39.557-0800: 0.535: [GC remark 2021-01-22T12:22:39.557-0800: 0.535: [Finalize Marking, 0.0000688 secs] 2021-01-22T12:22:39.557-0800: 0.535: [GC ref-proc, 0.0000352 secs] 2021-01-22T12:22:39.557-0800: 0.535: [Unloading, 0.0005588 secs], 0.0015412 secs]
 [Times: user=0.01 sys=0.00, real=0.00 secs] 
2021-01-22T12:22:39.559-0800: 0.536: [GC cleanup 251M->251M(512M), 0.0005506 secs]
 [Times: user=0.00 sys=0.00, real=0.00 secs] 
2021-01-22T12:22:39.600-0800: 0.577: [GC pause (G1 Evacuation Pause) (young) (to-space exhausted), 0.0029587 secs]
   [Parallel Time: 2.1 ms, GC Workers: 4]
      [GC Worker Start (ms): Min: 577.4, Avg: 577.4, Max: 577.4, Diff: 0.0]
      [Ext Root Scanning (ms): Min: 0.1, Avg: 0.1, Max: 0.2, Diff: 0.0, Sum: 0.6]
      [Update RS (ms): Min: 0.6, Avg: 0.6, Max: 0.6, Diff: 0.0, Sum: 2.5]
         [Processed Buffers: Min: 4, Avg: 7.2, Max: 9, Diff: 5, Sum: 29]
      [Scan RS (ms): Min: 0.0, Avg: 0.0, Max: 0.0, Diff: 0.0, Sum: 0.1]
      [Code Root Scanning (ms): Min: 0.0, Avg: 0.0, Max: 0.0, Diff: 0.0, Sum: 0.0]
      [Object Copy (ms): Min: 1.3, Avg: 1.3, Max: 1.3, Diff: 0.0, Sum: 5.1]
      [Termination (ms): Min: 0.0, Avg: 0.0, Max: 0.0, Diff: 0.0, Sum: 0.0]
         [Termination Attempts: Min: 1, Avg: 1.0, Max: 1, Diff: 0, Sum: 4]
      [GC Worker Other (ms): Min: 0.0, Avg: 0.0, Max: 0.0, Diff: 0.0, Sum: 0.1]
      [GC Worker Total (ms): Min: 2.1, Avg: 2.1, Max: 2.1, Diff: 0.0, Sum: 8.4]
      [GC Worker End (ms): Min: 579.5, Avg: 579.5, Max: 579.5, Diff: 0.0]
   [Code Root Fixup: 0.0 ms]
   [Code Root Purge: 0.0 ms]
   [Clear CT: 0.1 ms]
   [Other: 0.8 ms]
      [Evacuation Failure: 0.3 ms]
      [Choose CSet: 0.0 ms]
      [Ref Proc: 0.1 ms]
      [Ref Enq: 0.0 ms]
      [Redirty Cards: 0.1 ms]
      [Humongous Register: 0.1 ms]
      [Humongous Reclaim: 0.1 ms]
      [Free CSet: 0.0 ms]
   [Eden: 147.0M(147.0M)->0.0B(19.0M) Survivors: 4096.0K->6144.0K Heap: 440.2M(512.0M)->388.2M(512.0M)]
 [Times: user=0.01 sys=0.00, real=0.00 secs] 
2021-01-22T12:22:39.607-0800: 0.585: [GC pause (G1 Evacuation Pause) (mixed), 0.0054670 secs]
   [Parallel Time: 4.8 ms, GC Workers: 4]
      [GC Worker Start (ms): Min: 585.2, Avg: 585.2, Max: 585.2, Diff: 0.0]
      [Ext Root Scanning (ms): Min: 0.1, Avg: 0.1, Max: 0.2, Diff: 0.0, Sum: 0.6]
      [Update RS (ms): Min: 0.5, Avg: 0.5, Max: 0.6, Diff: 0.1, Sum: 2.1]
         [Processed Buffers: Min: 3, Avg: 6.0, Max: 7, Diff: 4, Sum: 24]
      [Scan RS (ms): Min: 0.0, Avg: 0.0, Max: 0.1, Diff: 0.0, Sum: 0.1]
      [Code Root Scanning (ms): Min: 0.0, Avg: 0.0, Max: 0.0, Diff: 0.0, Sum: 0.0]
      [Object Copy (ms): Min: 3.7, Avg: 3.8, Max: 4.0, Diff: 0.3, Sum: 15.3]
      [Termination (ms): Min: 0.0, Avg: 0.2, Max: 0.3, Diff: 0.3, Sum: 0.9]
         [Termination Attempts: Min: 1, Avg: 1.0, Max: 1, Diff: 0, Sum: 4]
      [GC Worker Other (ms): Min: 0.0, Avg: 0.0, Max: 0.0, Diff: 0.0, Sum: 0.0]
      [GC Worker Total (ms): Min: 4.7, Avg: 4.8, Max: 4.8, Diff: 0.1, Sum: 19.1]
      [GC Worker End (ms): Min: 589.9, Avg: 590.0, Max: 590.0, Diff: 0.1]
   [Code Root Fixup: 0.0 ms]
   [Code Root Purge: 0.0 ms]
   [Clear CT: 0.1 ms]
   [Other: 0.5 ms]
      [Choose CSet: 0.0 ms]
      [Ref Proc: 0.3 ms]
      [Ref Enq: 0.0 ms]
      [Redirty Cards: 0.0 ms]
      [Humongous Register: 0.1 ms]
      [Humongous Reclaim: 0.0 ms]
      [Free CSet: 0.1 ms]
   [Eden: 19.0M(19.0M)->0.0B(36.0M) Survivors: 6144.0K->4096.0K Heap: 410.4M(512.0M)->371.4M(512.0M)]
 [Times: user=0.02 sys=0.01, real=0.01 secs] 
2021-01-22T12:22:39.614-0800: 0.591: [GC pause (G1 Humongous Allocation) (young) (initial-mark), 0.0022422 secs]
   [Parallel Time: 1.8 ms, GC Workers: 4]
      [GC Worker Start (ms): Min: 591.4, Avg: 591.6, Max: 591.8, Diff: 0.4]
      [Ext Root Scanning (ms): Min: 0.0, Avg: 0.8, Max: 1.7, Diff: 1.7, Sum: 3.4]
      [Update RS (ms): Min: 0.0, Avg: 0.1, Max: 0.2, Diff: 0.2, Sum: 0.3]
         [Processed Buffers: Min: 0, Avg: 1.2, Max: 3, Diff: 3, Sum: 5]
      [Scan RS (ms): Min: 0.0, Avg: 0.0, Max: 0.0, Diff: 0.0, Sum: 0.0]
      [Code Root Scanning (ms): Min: 0.0, Avg: 0.0, Max: 0.0, Diff: 0.0, Sum: 0.0]
      [Object Copy (ms): Min: 0.0, Avg: 0.5, Max: 1.0, Diff: 1.0, Sum: 2.1]
      [Termination (ms): Min: 0.0, Avg: 0.1, Max: 0.2, Diff: 0.2, Sum: 0.3]
         [Termination Attempts: Min: 1, Avg: 1.0, Max: 1, Diff: 0, Sum: 4]
      [GC Worker Other (ms): Min: 0.0, Avg: 0.0, Max: 0.0, Diff: 0.0, Sum: 0.0]
      [GC Worker Total (ms): Min: 1.4, Avg: 1.5, Max: 1.7, Diff: 0.4, Sum: 6.1]
      [GC Worker End (ms): Min: 593.1, Avg: 593.1, Max: 593.1, Diff: 0.0]
   [Code Root Fixup: 0.0 ms]
   [Code Root Purge: 0.0 ms]
   [Clear CT: 0.0 ms]
   [Other: 0.4 ms]
      [Choose CSet: 0.0 ms]
      [Ref Proc: 0.2 ms]
      [Ref Enq: 0.0 ms]
      [Redirty Cards: 0.0 ms]
      [Humongous Register: 0.1 ms]
      [Humongous Reclaim: 0.0 ms]
      [Free CSet: 0.0 ms]
   [Eden: 1024.0K(36.0M)->0.0B(35.0M) Survivors: 4096.0K->1024.0K Heap: 372.3M(512.0M)->371.9M(512.0M)]
 [Times: user=0.00 sys=0.00, real=0.00 secs] 
2021-01-22T12:22:39.616-0800: 0.594: [GC concurrent-root-region-scan-start]
2021-01-22T12:22:39.616-0800: 0.594: [GC concurrent-root-region-scan-end, 0.0001015 secs]
2021-01-22T12:22:39.616-0800: 0.594: [GC concurrent-mark-start]
2021-01-22T12:22:39.618-0800: 0.596: [GC concurrent-mark-end, 0.0020120 secs]
2021-01-22T12:22:39.618-0800: 0.596: [GC remark 2021-01-22T12:22:39.618-0800: 0.596: [Finalize Marking, 0.0000830 secs] 2021-01-22T12:22:39.618-0800: 0.596: [GC ref-proc, 0.0000342 secs] 2021-01-22T12:22:39.618-0800: 0.596: [Unloading, 0.0005356 secs], 0.0016861 secs]
 [Times: user=0.01 sys=0.00, real=0.01 secs] 
2021-01-22T12:22:39.620-0800: 0.598: [GC cleanup 383M->383M(512M), 0.0005300 secs]
 [Times: user=0.00 sys=0.00, real=0.00 secs] 
2021-01-22T12:22:39.630-0800: 0.608: [GC pause (G1 Evacuation Pause) (young), 0.0041534 secs]
   [Parallel Time: 3.6 ms, GC Workers: 4]
      [GC Worker Start (ms): Min: 607.8, Avg: 608.7, Max: 610.0, Diff: 2.2]
      [Ext Root Scanning (ms): Min: 0.0, Avg: 0.1, Max: 0.2, Diff: 0.2, Sum: 0.4]
      [Update RS (ms): Min: 0.0, Avg: 0.6, Max: 1.3, Diff: 1.3, Sum: 2.5]
         [Processed Buffers: Min: 0, Avg: 6.8, Max: 15, Diff: 15, Sum: 27]
      [Scan RS (ms): Min: 0.0, Avg: 0.0, Max: 0.0, Diff: 0.0, Sum: 0.0]
      [Code Root Scanning (ms): Min: 0.0, Avg: 0.0, Max: 0.0, Diff: 0.0, Sum: 0.0]
      [Object Copy (ms): Min: 1.3, Avg: 1.8, Max: 2.1, Diff: 0.7, Sum: 7.4]
      [Termination (ms): Min: 0.0, Avg: 0.1, Max: 0.2, Diff: 0.1, Sum: 0.3]
         [Termination Attempts: Min: 1, Avg: 1.0, Max: 1, Diff: 0, Sum: 4]
      [GC Worker Other (ms): Min: 0.0, Avg: 0.0, Max: 0.0, Diff: 0.0, Sum: 0.1]
      [GC Worker Total (ms): Min: 1.4, Avg: 2.7, Max: 3.6, Diff: 2.2, Sum: 10.7]
      [GC Worker End (ms): Min: 611.4, Avg: 611.4, Max: 611.4, Diff: 0.0]
   [Code Root Fixup: 0.0 ms]
   [Code Root Purge: 0.0 ms]
   [Clear CT: 0.0 ms]
   [Other: 0.5 ms]
      [Choose CSet: 0.0 ms]
      [Ref Proc: 0.1 ms]
      [Ref Enq: 0.0 ms]
      [Redirty Cards: 0.1 ms]
      [Humongous Register: 0.1 ms]
      [Humongous Reclaim: 0.1 ms]
      [Free CSet: 0.0 ms]
   [Eden: 35.0M(35.0M)->0.0B(20.0M) Survivors: 1024.0K->5120.0K Heap: 417.6M(512.0M)->386.9M(512.0M)]
 [Times: user=0.01 sys=0.00, real=0.00 secs] 
2021-01-22T12:22:39.639-0800: 0.617: [GC pause (G1 Evacuation Pause) (mixed), 0.0082007 secs]
   [Parallel Time: 7.6 ms, GC Workers: 4]
      [GC Worker Start (ms): Min: 617.0, Avg: 617.1, Max: 617.4, Diff: 0.4]
      [Ext Root Scanning (ms): Min: 0.0, Avg: 0.1, Max: 0.2, Diff: 0.2, Sum: 0.5]
      [Update RS (ms): Min: 0.6, Avg: 1.5, Max: 3.0, Diff: 2.4, Sum: 6.0]
         [Processed Buffers: Min: 0, Avg: 6.2, Max: 12, Diff: 12, Sum: 25]
      [Scan RS (ms): Min: 0.0, Avg: 0.0, Max: 0.1, Diff: 0.0, Sum: 0.2]
      [Code Root Scanning (ms): Min: 0.0, Avg: 0.0, Max: 0.0, Diff: 0.0, Sum: 0.0]
      [Object Copy (ms): Min: 4.3, Avg: 5.6, Max: 6.3, Diff: 2.0, Sum: 22.5]
      [Termination (ms): Min: 0.0, Avg: 0.1, Max: 0.2, Diff: 0.2, Sum: 0.6]
         [Termination Attempts: Min: 1, Avg: 1.0, Max: 1, Diff: 0, Sum: 4]
      [GC Worker Other (ms): Min: 0.0, Avg: 0.0, Max: 0.0, Diff: 0.0, Sum: 0.1]
      [GC Worker Total (ms): Min: 7.2, Avg: 7.4, Max: 7.6, Diff: 0.4, Sum: 29.8]
      [GC Worker End (ms): Min: 624.5, Avg: 624.6, Max: 624.6, Diff: 0.1]
   [Code Root Fixup: 0.0 ms]
   [Code Root Purge: 0.0 ms]
   [Clear CT: 0.0 ms]
   [Other: 0.5 ms]
      [Choose CSet: 0.0 ms]
      [Ref Proc: 0.2 ms]
      [Ref Enq: 0.0 ms]
      [Redirty Cards: 0.0 ms]
      [Humongous Register: 0.1 ms]
      [Humongous Reclaim: 0.0 ms]
      [Free CSet: 0.1 ms]
   [Eden: 20.0M(20.0M)->0.0B(21.0M) Survivors: 5120.0K->4096.0K Heap: 414.5M(512.0M)->348.8M(512.0M)]
 [Times: user=0.02 sys=0.01, real=0.01 secs] 
2021-01-22T12:22:39.653-0800: 0.631: [GC pause (G1 Evacuation Pause) (mixed), 0.0057508 secs]
   [Parallel Time: 5.3 ms, GC Workers: 4]
      [GC Worker Start (ms): Min: 630.7, Avg: 631.0, Max: 632.0, Diff: 1.3]
      [Ext Root Scanning (ms): Min: 0.0, Avg: 0.1, Max: 0.2, Diff: 0.2, Sum: 0.5]
      [Update RS (ms): Min: 0.0, Avg: 0.8, Max: 1.0, Diff: 1.0, Sum: 3.0]
         [Processed Buffers: Min: 0, Avg: 9.0, Max: 13, Diff: 13, Sum: 36]
      [Scan RS (ms): Min: 0.0, Avg: 0.0, Max: 0.0, Diff: 0.0, Sum: 0.1]
      [Code Root Scanning (ms): Min: 0.0, Avg: 0.0, Max: 0.0, Diff: 0.0, Sum: 0.0]
      [Object Copy (ms): Min: 3.8, Avg: 3.9, Max: 4.0, Diff: 0.2, Sum: 15.6]
      [Termination (ms): Min: 0.0, Avg: 0.1, Max: 0.1, Diff: 0.1, Sum: 0.3]
         [Termination Attempts: Min: 1, Avg: 1.0, Max: 1, Diff: 0, Sum: 4]
      [GC Worker Other (ms): Min: 0.0, Avg: 0.0, Max: 0.0, Diff: 0.0, Sum: 0.0]
      [GC Worker Total (ms): Min: 3.9, Avg: 4.9, Max: 5.2, Diff: 1.3, Sum: 19.6]
      [GC Worker End (ms): Min: 635.9, Avg: 635.9, Max: 635.9, Diff: 0.0]
   [Code Root Fixup: 0.0 ms]
   [Code Root Purge: 0.0 ms]
   [Clear CT: 0.0 ms]
   [Other: 0.4 ms]
      [Choose CSet: 0.0 ms]
      [Ref Proc: 0.1 ms]
      [Ref Enq: 0.0 ms]
      [Redirty Cards: 0.0 ms]
      [Humongous Register: 0.1 ms]
      [Humongous Reclaim: 0.0 ms]
      [Free CSet: 0.1 ms]
   [Eden: 21.0M(21.0M)->0.0B(21.0M) Survivors: 4096.0K->4096.0K Heap: 376.6M(512.0M)->319.7M(512.0M)]
 [Times: user=0.02 sys=0.00, real=0.00 secs] 
2021-01-22T12:22:39.664-0800: 0.642: [GC pause (G1 Evacuation Pause) (mixed), 0.0059555 secs]
   [Parallel Time: 5.5 ms, GC Workers: 4]
      [GC Worker Start (ms): Min: 642.1, Avg: 642.1, Max: 642.1, Diff: 0.0]
      [Ext Root Scanning (ms): Min: 0.1, Avg: 0.1, Max: 0.2, Diff: 0.0, Sum: 0.6]
      [Update RS (ms): Min: 0.7, Avg: 0.7, Max: 0.7, Diff: 0.0, Sum: 2.9]
         [Processed Buffers: Min: 6, Avg: 8.5, Max: 10, Diff: 4, Sum: 34]
      [Scan RS (ms): Min: 0.0, Avg: 0.0, Max: 0.0, Diff: 0.0, Sum: 0.1]
      [Code Root Scanning (ms): Min: 0.0, Avg: 0.0, Max: 0.0, Diff: 0.0, Sum: 0.0]
      [Object Copy (ms): Min: 4.5, Avg: 4.5, Max: 4.5, Diff: 0.0, Sum: 18.0]
      [Termination (ms): Min: 0.0, Avg: 0.0, Max: 0.1, Diff: 0.1, Sum: 0.2]
         [Termination Attempts: Min: 1, Avg: 1.0, Max: 1, Diff: 0, Sum: 4]
      [GC Worker Other (ms): Min: 0.0, Avg: 0.0, Max: 0.0, Diff: 0.0, Sum: 0.1]
      [GC Worker Total (ms): Min: 5.4, Avg: 5.4, Max: 5.5, Diff: 0.0, Sum: 21.8]
      [GC Worker End (ms): Min: 647.5, Avg: 647.5, Max: 647.6, Diff: 0.0]
   [Code Root Fixup: 0.0 ms]
   [Code Root Purge: 0.0 ms]
   [Clear CT: 0.1 ms]
   [Other: 0.3 ms]
      [Choose CSet: 0.0 ms]
      [Ref Proc: 0.1 ms]
      [Ref Enq: 0.0 ms]
      [Redirty Cards: 0.0 ms]
      [Humongous Register: 0.1 ms]
      [Humongous Reclaim: 0.0 ms]
      [Free CSet: 0.1 ms]
   [Eden: 21.0M(21.0M)->0.0B(21.0M) Survivors: 4096.0K->4096.0K Heap: 346.1M(512.0M)->295.4M(512.0M)]
 [Times: user=0.02 sys=0.00, real=0.01 secs] 
2021-01-22T12:22:39.675-0800: 0.653: [GC pause (G1 Evacuation Pause) (mixed), 0.0043096 secs]
   [Parallel Time: 3.8 ms, GC Workers: 4]
      [GC Worker Start (ms): Min: 652.8, Avg: 652.8, Max: 652.9, Diff: 0.0]
      [Ext Root Scanning (ms): Min: 0.1, Avg: 0.2, Max: 0.2, Diff: 0.1, Sum: 0.7]
      [Update RS (ms): Min: 0.4, Avg: 0.5, Max: 0.5, Diff: 0.0, Sum: 1.8]
         [Processed Buffers: Min: 6, Avg: 6.8, Max: 7, Diff: 1, Sum: 27]
      [Scan RS (ms): Min: 0.0, Avg: 0.1, Max: 0.2, Diff: 0.1, Sum: 0.2]
      [Code Root Scanning (ms): Min: 0.0, Avg: 0.0, Max: 0.0, Diff: 0.0, Sum: 0.0]
      [Object Copy (ms): Min: 2.7, Avg: 2.9, Max: 3.0, Diff: 0.3, Sum: 11.6]
      [Termination (ms): Min: 0.0, Avg: 0.1, Max: 0.2, Diff: 0.2, Sum: 0.6]
         [Termination Attempts: Min: 1, Avg: 1.0, Max: 1, Diff: 0, Sum: 4]
      [GC Worker Other (ms): Min: 0.0, Avg: 0.0, Max: 0.0, Diff: 0.0, Sum: 0.1]
      [GC Worker Total (ms): Min: 3.7, Avg: 3.7, Max: 3.8, Diff: 0.1, Sum: 15.0]
      [GC Worker End (ms): Min: 656.6, Avg: 656.6, Max: 656.6, Diff: 0.0]
   [Code Root Fixup: 0.0 ms]
   [Code Root Purge: 0.0 ms]
   [Clear CT: 0.1 ms]
   [Other: 0.4 ms]
      [Choose CSet: 0.0 ms]
      [Ref Proc: 0.1 ms]
      [Ref Enq: 0.0 ms]
      [Redirty Cards: 0.0 ms]
      [Humongous Register: 0.1 ms]
      [Humongous Reclaim: 0.0 ms]
      [Free CSet: 0.0 ms]
   [Eden: 21.0M(21.0M)->0.0B(87.0M) Survivors: 4096.0K->4096.0K Heap: 319.0M(512.0M)->299.1M(512.0M)]
 [Times: user=0.01 sys=0.00, real=0.01 secs] 
2021-01-22T12:22:39.680-0800: 0.658: [GC pause (G1 Humongous Allocation) (young) (initial-mark), 0.0013333 secs]
   [Parallel Time: 0.9 ms, GC Workers: 4]
      [GC Worker Start (ms): Min: 657.9, Avg: 657.9, Max: 657.9, Diff: 0.0]
      [Ext Root Scanning (ms): Min: 0.1, Avg: 0.1, Max: 0.2, Diff: 0.0, Sum: 0.6]
      [Update RS (ms): Min: 0.2, Avg: 0.3, Max: 0.5, Diff: 0.3, Sum: 1.0]
         [Processed Buffers: Min: 1, Avg: 1.2, Max: 2, Diff: 1, Sum: 5]
      [Scan RS (ms): Min: 0.0, Avg: 0.0, Max: 0.0, Diff: 0.0, Sum: 0.0]
      [Code Root Scanning (ms): Min: 0.0, Avg: 0.0, Max: 0.0, Diff: 0.0, Sum: 0.0]
      [Object Copy (ms): Min: 0.2, Avg: 0.4, Max: 0.5, Diff: 0.3, Sum: 1.7]
      [Termination (ms): Min: 0.0, Avg: 0.0, Max: 0.1, Diff: 0.1, Sum: 0.1]
         [Termination Attempts: Min: 1, Avg: 1.0, Max: 1, Diff: 0, Sum: 4]
      [GC Worker Other (ms): Min: 0.0, Avg: 0.0, Max: 0.0, Diff: 0.0, Sum: 0.0]
      [GC Worker Total (ms): Min: 0.8, Avg: 0.9, Max: 0.9, Diff: 0.0, Sum: 3.4]
      [GC Worker End (ms): Min: 658.8, Avg: 658.8, Max: 658.8, Diff: 0.0]
   [Code Root Fixup: 0.0 ms]
   [Code Root Purge: 0.0 ms]
   [Clear CT: 0.0 ms]
   [Other: 0.4 ms]
      [Choose CSet: 0.0 ms]
      [Ref Proc: 0.1 ms]
      [Ref Enq: 0.0 ms]
      [Redirty Cards: 0.0 ms]
      [Humongous Register: 0.0 ms]
      [Humongous Reclaim: 0.0 ms]
      [Free CSet: 0.0 ms]
   [Eden: 2048.0K(87.0M)->0.0B(86.0M) Survivors: 4096.0K->4096.0K Heap: 300.6M(512.0M)->298.2M(512.0M)]
 [Times: user=0.01 sys=0.00, real=0.00 secs] 
2021-01-22T12:22:39.682-0800: 0.659: [GC concurrent-root-region-scan-start]
2021-01-22T12:22:39.682-0800: 0.659: [GC concurrent-root-region-scan-end, 0.0001421 secs]
2021-01-22T12:22:39.682-0800: 0.659: [GC concurrent-mark-start]
2021-01-22T12:22:39.684-0800: 0.661: [GC concurrent-mark-end, 0.0017298 secs]
2021-01-22T12:22:39.684-0800: 0.661: [GC remark 2021-01-22T12:22:39.684-0800: 0.661: [Finalize Marking, 0.0001025 secs] 2021-01-22T12:22:39.684-0800: 0.661: [GC ref-proc, 0.0000299 secs] 2021-01-22T12:22:39.684-0800: 0.661: [Unloading, 0.0005578 secs], 0.0018140 secs]
 [Times: user=0.01 sys=0.00, real=0.00 secs] 
2021-01-22T12:22:39.686-0800: 0.663: [GC cleanup 309M->308M(512M), 0.0004949 secs]
 [Times: user=0.00 sys=0.00, real=0.00 secs] 
2021-01-22T12:22:39.686-0800: 0.664: [GC concurrent-cleanup-start]
2021-01-22T12:22:39.686-0800: 0.664: [GC concurrent-cleanup-end, 0.0000305 secs]
2021-01-22T12:22:39.705-0800: 0.683: [GC pause (G1 Evacuation Pause) (young), 0.0063201 secs]
   [Parallel Time: 5.8 ms, GC Workers: 4]
      [GC Worker Start (ms): Min: 683.0, Avg: 683.0, Max: 683.1, Diff: 0.0]
      [Ext Root Scanning (ms): Min: 0.1, Avg: 0.1, Max: 0.2, Diff: 0.0, Sum: 0.6]
      [Update RS (ms): Min: 0.9, Avg: 0.9, Max: 0.9, Diff: 0.0, Sum: 3.7]
         [Processed Buffers: Min: 9, Avg: 11.0, Max: 13, Diff: 4, Sum: 44]
      [Scan RS (ms): Min: 0.0, Avg: 0.0, Max: 0.0, Diff: 0.0, Sum: 0.1]
      [Code Root Scanning (ms): Min: 0.0, Avg: 0.0, Max: 0.0, Diff: 0.0, Sum: 0.0]
      [Object Copy (ms): Min: 4.6, Avg: 4.6, Max: 4.6, Diff: 0.0, Sum: 18.3]
      [Termination (ms): Min: 0.0, Avg: 0.0, Max: 0.0, Diff: 0.0, Sum: 0.1]
         [Termination Attempts: Min: 1, Avg: 1.0, Max: 1, Diff: 0, Sum: 4]
      [GC Worker Other (ms): Min: 0.0, Avg: 0.0, Max: 0.0, Diff: 0.0, Sum: 0.1]
      [GC Worker Total (ms): Min: 5.7, Avg: 5.7, Max: 5.7, Diff: 0.0, Sum: 22.8]
      [GC Worker End (ms): Min: 688.7, Avg: 688.7, Max: 688.8, Diff: 0.0]
   [Code Root Fixup: 0.0 ms]
   [Code Root Purge: 0.0 ms]
   [Clear CT: 0.1 ms]
   [Other: 0.5 ms]
      [Choose CSet: 0.0 ms]
      [Ref Proc: 0.2 ms]
      [Ref Enq: 0.0 ms]
      [Redirty Cards: 0.1 ms]
      [Humongous Register: 0.1 ms]
      [Humongous Reclaim: 0.0 ms]
      [Free CSet: 0.1 ms]
   [Eden: 86.0M(86.0M)->0.0B(13.0M) Survivors: 4096.0K->12.0M Heap: 408.3M(512.0M)->330.2M(512.0M)]
 [Times: user=0.02 sys=0.00, real=0.01 secs] 
2021-01-22T12:22:39.715-0800: 0.692: [GC pause (G1 Evacuation Pause) (mixed), 0.0076942 secs]
   [Parallel Time: 7.2 ms, GC Workers: 4]
      [GC Worker Start (ms): Min: 692.5, Avg: 692.5, Max: 692.5, Diff: 0.1]
      [Ext Root Scanning (ms): Min: 0.2, Avg: 0.4, Max: 1.2, Diff: 1.1, Sum: 1.8]
      [Update RS (ms): Min: 0.0, Avg: 0.4, Max: 0.6, Diff: 0.6, Sum: 1.6]
         [Processed Buffers: Min: 0, Avg: 5.0, Max: 7, Diff: 7, Sum: 20]
      [Scan RS (ms): Min: 0.1, Avg: 0.2, Max: 0.4, Diff: 0.3, Sum: 0.9]
      [Code Root Scanning (ms): Min: 0.0, Avg: 0.0, Max: 0.0, Diff: 0.0, Sum: 0.0]
      [Object Copy (ms): Min: 5.6, Avg: 6.0, Max: 6.3, Diff: 0.7, Sum: 24.2]
      [Termination (ms): Min: 0.0, Avg: 0.0, Max: 0.1, Diff: 0.1, Sum: 0.1]
         [Termination Attempts: Min: 1, Avg: 1.0, Max: 1, Diff: 0, Sum: 4]
      [GC Worker Other (ms): Min: 0.0, Avg: 0.0, Max: 0.0, Diff: 0.0, Sum: 0.1]
      [GC Worker Total (ms): Min: 7.1, Avg: 7.2, Max: 7.2, Diff: 0.0, Sum: 28.6]
      [GC Worker End (ms): Min: 699.7, Avg: 699.7, Max: 699.7, Diff: 0.0]
   [Code Root Fixup: 0.0 ms]
   [Code Root Purge: 0.0 ms]
   [Clear CT: 0.1 ms]
   [Other: 0.4 ms]
      [Choose CSet: 0.0 ms]
      [Ref Proc: 0.1 ms]
      [Ref Enq: 0.0 ms]
      [Redirty Cards: 0.1 ms]
      [Humongous Register: 0.1 ms]
      [Humongous Reclaim: 0.0 ms]
      [Free CSet: 0.1 ms]
   [Eden: 13.0M(13.0M)->0.0B(74.0M) Survivors: 12.0M->4096.0K Heap: 345.1M(512.0M)->309.5M(512.0M)]
 [Times: user=0.02 sys=0.01, real=0.01 secs] 
2021-01-22T12:22:39.723-0800: 0.701: [GC pause (G1 Humongous Allocation) (young) (initial-mark), 0.0011906 secs]
   [Parallel Time: 0.8 ms, GC Workers: 4]
      [GC Worker Start (ms): Min: 700.6, Avg: 700.6, Max: 700.7, Diff: 0.0]
      [Ext Root Scanning (ms): Min: 0.1, Avg: 0.2, Max: 0.3, Diff: 0.2, Sum: 0.8]
      [Update RS (ms): Min: 0.0, Avg: 0.2, Max: 0.6, Diff: 0.6, Sum: 0.8]
         [Processed Buffers: Min: 0, Avg: 1.2, Max: 2, Diff: 2, Sum: 5]
      [Scan RS (ms): Min: 0.0, Avg: 0.0, Max: 0.0, Diff: 0.0, Sum: 0.0]
      [Code Root Scanning (ms): Min: 0.0, Avg: 0.0, Max: 0.0, Diff: 0.0, Sum: 0.0]
      [Object Copy (ms): Min: 0.0, Avg: 0.3, Max: 0.4, Diff: 0.4, Sum: 1.3]
      [Termination (ms): Min: 0.0, Avg: 0.0, Max: 0.1, Diff: 0.1, Sum: 0.2]
         [Termination Attempts: Min: 1, Avg: 1.0, Max: 1, Diff: 0, Sum: 4]
      [GC Worker Other (ms): Min: 0.0, Avg: 0.0, Max: 0.0, Diff: 0.0, Sum: 0.0]
      [GC Worker Total (ms): Min: 0.8, Avg: 0.8, Max: 0.8, Diff: 0.0, Sum: 3.1]
      [GC Worker End (ms): Min: 701.4, Avg: 701.4, Max: 701.4, Diff: 0.0]
   [Code Root Fixup: 0.0 ms]
   [Code Root Purge: 0.0 ms]
   [Clear CT: 0.0 ms]
   [Other: 0.3 ms]
      [Choose CSet: 0.0 ms]
      [Ref Proc: 0.1 ms]
      [Ref Enq: 0.0 ms]
      [Redirty Cards: 0.0 ms]
      [Humongous Register: 0.1 ms]
      [Humongous Reclaim: 0.0 ms]
      [Free CSet: 0.0 ms]
   [Eden: 2048.0K(74.0M)->0.0B(77.0M) Survivors: 4096.0K->4096.0K Heap: 310.7M(512.0M)->309.4M(512.0M)]
 [Times: user=0.01 sys=0.00, real=0.00 secs] 
2021-01-22T12:22:39.724-0800: 0.702: [GC concurrent-root-region-scan-start]
2021-01-22T12:22:39.724-0800: 0.702: [GC concurrent-root-region-scan-end, 0.0001520 secs]
2021-01-22T12:22:39.724-0800: 0.702: [GC concurrent-mark-start]
2021-01-22T12:22:39.726-0800: 0.704: [GC concurrent-mark-end, 0.0016827 secs]
2021-01-22T12:22:39.726-0800: 0.704: [GC remark 2021-01-22T12:22:39.726-0800: 0.704: [Finalize Marking, 0.0001390 secs] 2021-01-22T12:22:39.726-0800: 0.704: [GC ref-proc, 0.0000350 secs] 2021-01-22T12:22:39.726-0800: 0.704: [Unloading, 0.0005212 secs], 0.0017987 secs]
 [Times: user=0.01 sys=0.00, real=0.00 secs] 
2021-01-22T12:22:39.728-0800: 0.706: [GC cleanup 319M->319M(512M), 0.0005261 secs]
 [Times: user=0.00 sys=0.00, real=0.00 secs] 
2021-01-22T12:22:39.746-0800: 0.723: [GC pause (G1 Evacuation Pause) (young), 0.0054958 secs]
   [Parallel Time: 5.1 ms, GC Workers: 4]
      [GC Worker Start (ms): Min: 723.6, Avg: 723.6, Max: 723.6, Diff: 0.0]
      [Ext Root Scanning (ms): Min: 0.1, Avg: 0.1, Max: 0.2, Diff: 0.0, Sum: 0.6]
      [Update RS (ms): Min: 0.8, Avg: 0.9, Max: 0.9, Diff: 0.0, Sum: 3.5]
         [Processed Buffers: Min: 7, Avg: 10.0, Max: 12, Diff: 5, Sum: 40]
      [Scan RS (ms): Min: 0.0, Avg: 0.0, Max: 0.0, Diff: 0.0, Sum: 0.1]
      [Code Root Scanning (ms): Min: 0.0, Avg: 0.0, Max: 0.0, Diff: 0.0, Sum: 0.0]
      [Object Copy (ms): Min: 3.9, Avg: 3.9, Max: 4.0, Diff: 0.1, Sum: 15.7]
      [Termination (ms): Min: 0.0, Avg: 0.0, Max: 0.1, Diff: 0.1, Sum: 0.1]
         [Termination Attempts: Min: 1, Avg: 1.0, Max: 1, Diff: 0, Sum: 4]
      [GC Worker Other (ms): Min: 0.0, Avg: 0.0, Max: 0.0, Diff: 0.0, Sum: 0.1]
      [GC Worker Total (ms): Min: 5.0, Avg: 5.0, Max: 5.0, Diff: 0.0, Sum: 20.1]
      [GC Worker End (ms): Min: 728.6, Avg: 728.6, Max: 728.6, Diff: 0.0]
   [Code Root Fixup: 0.0 ms]
   [Code Root Purge: 0.0 ms]
   [Clear CT: 0.0 ms]
   [Other: 0.4 ms]
      [Choose CSet: 0.0 ms]
      [Ref Proc: 0.1 ms]
      [Ref Enq: 0.0 ms]
      [Redirty Cards: 0.0 ms]
      [Humongous Register: 0.1 ms]
      [Humongous Reclaim: 0.0 ms]
      [Free CSet: 0.0 ms]
   [Eden: 77.0M(77.0M)->0.0B(14.0M) Survivors: 4096.0K->11.0M Heap: 409.4M(512.0M)->342.1M(512.0M)]
 [Times: user=0.02 sys=0.00, real=0.01 secs] 
2021-01-22T12:22:39.755-0800: 0.732: [GC pause (G1 Evacuation Pause) (mixed), 0.0065200 secs]
   [Parallel Time: 6.0 ms, GC Workers: 4]
      [GC Worker Start (ms): Min: 732.3, Avg: 732.4, Max: 732.4, Diff: 0.0]
      [Ext Root Scanning (ms): Min: 0.1, Avg: 0.2, Max: 0.2, Diff: 0.0, Sum: 0.6]
      [Update RS (ms): Min: 0.5, Avg: 0.6, Max: 0.6, Diff: 0.1, Sum: 2.3]
         [Processed Buffers: Min: 7, Avg: 7.2, Max: 8, Diff: 1, Sum: 29]
      [Scan RS (ms): Min: 0.0, Avg: 0.1, Max: 0.1, Diff: 0.1, Sum: 0.3]
      [Code Root Scanning (ms): Min: 0.0, Avg: 0.0, Max: 0.0, Diff: 0.0, Sum: 0.0]
      [Object Copy (ms): Min: 5.0, Avg: 5.0, Max: 5.1, Diff: 0.1, Sum: 20.2]
      [Termination (ms): Min: 0.0, Avg: 0.0, Max: 0.1, Diff: 0.1, Sum: 0.2]
         [Termination Attempts: Min: 1, Avg: 1.0, Max: 1, Diff: 0, Sum: 4]
      [GC Worker Other (ms): Min: 0.0, Avg: 0.0, Max: 0.0, Diff: 0.0, Sum: 0.0]
      [GC Worker Total (ms): Min: 5.9, Avg: 5.9, Max: 5.9, Diff: 0.0, Sum: 23.6]
      [GC Worker End (ms): Min: 738.2, Avg: 738.2, Max: 738.2, Diff: 0.0]
   [Code Root Fixup: 0.0 ms]
   [Code Root Purge: 0.0 ms]
   [Clear CT: 0.1 ms]
   [Other: 0.5 ms]
      [Choose CSet: 0.0 ms]
      [Ref Proc: 0.1 ms]
      [Ref Enq: 0.0 ms]
      [Redirty Cards: 0.1 ms]
      [Humongous Register: 0.1 ms]
      [Humongous Reclaim: 0.0 ms]
      [Free CSet: 0.1 ms]
   [Eden: 14.0M(14.0M)->0.0B(65.0M) Survivors: 11.0M->4096.0K Heap: 359.0M(512.0M)->322.6M(512.0M)]
 [Times: user=0.02 sys=0.00, real=0.01 secs] 
2021-01-22T12:22:39.762-0800: 0.740: [GC pause (G1 Humongous Allocation) (young) (initial-mark), 0.0014950 secs]
   [Parallel Time: 1.1 ms, GC Workers: 4]
      [GC Worker Start (ms): Min: 740.0, Avg: 740.0, Max: 740.0, Diff: 0.0]
      [Ext Root Scanning (ms): Min: 0.1, Avg: 0.2, Max: 0.2, Diff: 0.0, Sum: 0.6]
      [Update RS (ms): Min: 0.1, Avg: 0.2, Max: 0.5, Diff: 0.3, Sum: 0.9]
         [Processed Buffers: Min: 1, Avg: 1.2, Max: 2, Diff: 1, Sum: 5]
      [Scan RS (ms): Min: 0.0, Avg: 0.0, Max: 0.0, Diff: 0.0, Sum: 0.0]
      [Code Root Scanning (ms): Min: 0.0, Avg: 0.0, Max: 0.0, Diff: 0.0, Sum: 0.0]
      [Object Copy (ms): Min: 0.4, Avg: 0.6, Max: 0.8, Diff: 0.3, Sum: 2.6]
      [Termination (ms): Min: 0.0, Avg: 0.0, Max: 0.0, Diff: 0.0, Sum: 0.0]
         [Termination Attempts: Min: 1, Avg: 1.0, Max: 1, Diff: 0, Sum: 4]
      [GC Worker Other (ms): Min: 0.0, Avg: 0.0, Max: 0.0, Diff: 0.0, Sum: 0.0]
      [GC Worker Total (ms): Min: 1.0, Avg: 1.0, Max: 1.1, Diff: 0.0, Sum: 4.2]
      [GC Worker End (ms): Min: 741.1, Avg: 741.1, Max: 741.1, Diff: 0.0]
   [Code Root Fixup: 0.0 ms]
   [Code Root Purge: 0.0 ms]
   [Clear CT: 0.0 ms]
   [Other: 0.3 ms]
      [Choose CSet: 0.0 ms]
      [Ref Proc: 0.1 ms]
      [Ref Enq: 0.0 ms]
      [Redirty Cards: 0.0 ms]
      [Humongous Register: 0.1 ms]
      [Humongous Reclaim: 0.0 ms]
      [Free CSet: 0.0 ms]
   [Eden: 5120.0K(65.0M)->0.0B(58.0M) Survivors: 4096.0K->6144.0K Heap: 327.0M(512.0M)->323.4M(512.0M)]
 [Times: user=0.00 sys=0.00, real=0.00 secs] 
2021-01-22T12:22:39.764-0800: 0.742: [GC concurrent-root-region-scan-start]
2021-01-22T12:22:39.764-0800: 0.742: [GC concurrent-root-region-scan-end, 0.0001359 secs]
2021-01-22T12:22:39.764-0800: 0.742: [GC concurrent-mark-start]
2021-01-22T12:22:39.766-0800: 0.744: [GC concurrent-mark-end, 0.0018557 secs]
2021-01-22T12:22:39.766-0800: 0.744: [GC remark 2021-01-22T12:22:39.766-0800: 0.744: [Finalize Marking, 0.0000906 secs] 2021-01-22T12:22:39.766-0800: 0.744: [GC ref-proc, 0.0000288 secs] 2021-01-22T12:22:39.766-0800: 0.744: [Unloading, 0.0006022 secs], 0.0018790 secs]
 [Times: user=0.00 sys=0.00, real=0.00 secs] 
2021-01-22T12:22:39.768-0800: 0.746: [GC cleanup 333M->333M(512M), 0.0005906 secs]
 [Times: user=0.00 sys=0.00, real=0.00 secs] 
2021-01-22T12:22:39.781-0800: 0.758: [GC pause (G1 Evacuation Pause) (young), 0.0048912 secs]
   [Parallel Time: 4.4 ms, GC Workers: 4]
      [GC Worker Start (ms): Min: 758.3, Avg: 758.3, Max: 758.3, Diff: 0.0]
      [Ext Root Scanning (ms): Min: 0.1, Avg: 0.1, Max: 0.2, Diff: 0.0, Sum: 0.6]
      [Update RS (ms): Min: 1.2, Avg: 1.3, Max: 1.4, Diff: 0.2, Sum: 5.0]
         [Processed Buffers: Min: 7, Avg: 11.2, Max: 15, Diff: 8, Sum: 45]
      [Scan RS (ms): Min: 0.0, Avg: 0.0, Max: 0.0, Diff: 0.0, Sum: 0.1]
      [Code Root Scanning (ms): Min: 0.0, Avg: 0.0, Max: 0.0, Diff: 0.0, Sum: 0.0]
      [Object Copy (ms): Min: 2.7, Avg: 2.8, Max: 2.9, Diff: 0.2, Sum: 11.2]
      [Termination (ms): Min: 0.0, Avg: 0.0, Max: 0.1, Diff: 0.1, Sum: 0.1]
         [Termination Attempts: Min: 1, Avg: 1.0, Max: 1, Diff: 0, Sum: 4]
      [GC Worker Other (ms): Min: 0.0, Avg: 0.0, Max: 0.1, Diff: 0.0, Sum: 0.1]
      [GC Worker Total (ms): Min: 4.3, Avg: 4.3, Max: 4.3, Diff: 0.1, Sum: 17.2]
      [GC Worker End (ms): Min: 762.6, Avg: 762.6, Max: 762.6, Diff: 0.0]
   [Code Root Fixup: 0.0 ms]
   [Code Root Purge: 0.0 ms]
   [Clear CT: 0.1 ms]
   [Other: 0.4 ms]
      [Choose CSet: 0.0 ms]
      [Ref Proc: 0.1 ms]
      [Ref Enq: 0.0 ms]
      [Redirty Cards: 0.1 ms]
      [Humongous Register: 0.1 ms]
      [Humongous Reclaim: 0.1 ms]
      [Free CSet: 0.0 ms]
   [Eden: 58.0M(58.0M)->0.0B(17.0M) Survivors: 6144.0K->8192.0K Heap: 396.5M(512.0M)->342.7M(512.0M)]
 [Times: user=0.02 sys=0.00, real=0.00 secs] 
2021-01-22T12:22:39.790-0800: 0.767: [GC pause (G1 Evacuation Pause) (mixed), 0.0077106 secs]
   [Parallel Time: 7.2 ms, GC Workers: 4]
      [GC Worker Start (ms): Min: 767.3, Avg: 767.3, Max: 767.4, Diff: 0.0]
      [Ext Root Scanning (ms): Min: 0.1, Avg: 0.1, Max: 0.2, Diff: 0.0, Sum: 0.6]
      [Update RS (ms): Min: 1.0, Avg: 1.1, Max: 1.1, Diff: 0.0, Sum: 4.2]
         [Processed Buffers: Min: 9, Avg: 12.2, Max: 14, Diff: 5, Sum: 49]
      [Scan RS (ms): Min: 0.1, Avg: 0.1, Max: 0.1, Diff: 0.0, Sum: 0.3]
      [Code Root Scanning (ms): Min: 0.0, Avg: 0.0, Max: 0.0, Diff: 0.0, Sum: 0.0]
      [Object Copy (ms): Min: 5.8, Avg: 5.8, Max: 5.8, Diff: 0.1, Sum: 23.2]
      [Termination (ms): Min: 0.0, Avg: 0.0, Max: 0.1, Diff: 0.1, Sum: 0.2]
         [Termination Attempts: Min: 1, Avg: 1.0, Max: 1, Diff: 0, Sum: 4]
      [GC Worker Other (ms): Min: 0.0, Avg: 0.0, Max: 0.0, Diff: 0.0, Sum: 0.1]
      [GC Worker Total (ms): Min: 7.1, Avg: 7.1, Max: 7.1, Diff: 0.0, Sum: 28.5]
      [GC Worker End (ms): Min: 774.5, Avg: 774.5, Max: 774.5, Diff: 0.0]
   [Code Root Fixup: 0.0 ms]
   [Code Root Purge: 0.0 ms]
   [Clear CT: 0.1 ms]
   [Other: 0.5 ms]
      [Choose CSet: 0.0 ms]
      [Ref Proc: 0.1 ms]
      [Ref Enq: 0.0 ms]
      [Redirty Cards: 0.1 ms]
      [Humongous Register: 0.1 ms]
      [Humongous Reclaim: 0.0 ms]
      [Free CSet: 0.1 ms]
   [Eden: 17.0M(17.0M)->0.0B(21.0M) Survivors: 8192.0K->4096.0K Heap: 365.9M(512.0M)->325.3M(512.0M)]
 [Times: user=0.03 sys=0.01, real=0.00 secs] 
2021-01-22T12:22:39.802-0800: 0.779: [GC pause (G1 Evacuation Pause) (mixed), 0.0030812 secs]
   [Parallel Time: 2.7 ms, GC Workers: 4]
      [GC Worker Start (ms): Min: 779.4, Avg: 779.6, Max: 780.3, Diff: 0.8]
      [Ext Root Scanning (ms): Min: 0.0, Avg: 0.1, Max: 0.2, Diff: 0.2, Sum: 0.5]
      [Update RS (ms): Min: 0.2, Avg: 0.6, Max: 0.8, Diff: 0.6, Sum: 2.5]
         [Processed Buffers: Min: 1, Avg: 7.2, Max: 10, Diff: 9, Sum: 29]
      [Scan RS (ms): Min: 0.0, Avg: 0.0, Max: 0.0, Diff: 0.0, Sum: 0.0]
      [Code Root Scanning (ms): Min: 0.0, Avg: 0.0, Max: 0.0, Diff: 0.0, Sum: 0.0]
      [Object Copy (ms): Min: 1.5, Avg: 1.5, Max: 1.7, Diff: 0.2, Sum: 6.2]
      [Termination (ms): Min: 0.0, Avg: 0.1, Max: 0.2, Diff: 0.2, Sum: 0.4]
         [Termination Attempts: Min: 1, Avg: 1.0, Max: 1, Diff: 0, Sum: 4]
      [GC Worker Other (ms): Min: 0.0, Avg: 0.0, Max: 0.0, Diff: 0.0, Sum: 0.0]
      [GC Worker Total (ms): Min: 1.8, Avg: 2.4, Max: 2.6, Diff: 0.8, Sum: 9.6]
      [GC Worker End (ms): Min: 782.0, Avg: 782.1, Max: 782.1, Diff: 0.0]
   [Code Root Fixup: 0.0 ms]
   [Code Root Purge: 0.0 ms]
   [Clear CT: 0.0 ms]
   [Other: 0.4 ms]
      [Choose CSet: 0.0 ms]
      [Ref Proc: 0.1 ms]
      [Ref Enq: 0.0 ms]
      [Redirty Cards: 0.0 ms]
      [Humongous Register: 0.1 ms]
      [Humongous Reclaim: 0.0 ms]
      [Free CSet: 0.0 ms]
   [Eden: 21.0M(21.0M)->0.0B(53.0M) Survivors: 4096.0K->4096.0K Heap: 349.2M(512.0M)->331.1M(512.0M)]
 [Times: user=0.01 sys=0.00, real=0.00 secs] 
2021-01-22T12:22:39.805-0800: 0.783: [GC pause (G1 Humongous Allocation) (young) (initial-mark), 0.0014999 secs]
   [Parallel Time: 1.1 ms, GC Workers: 4]
      [GC Worker Start (ms): Min: 782.8, Avg: 782.9, Max: 783.0, Diff: 0.2]
      [Ext Root Scanning (ms): Min: 0.0, Avg: 0.4, Max: 1.0, Diff: 1.0, Sum: 1.6]
      [Update RS (ms): Min: 0.0, Avg: 0.1, Max: 0.3, Diff: 0.3, Sum: 0.5]
         [Processed Buffers: Min: 0, Avg: 1.0, Max: 3, Diff: 3, Sum: 4]
      [Scan RS (ms): Min: 0.0, Avg: 0.0, Max: 0.0, Diff: 0.0, Sum: 0.0]
      [Code Root Scanning (ms): Min: 0.0, Avg: 0.0, Max: 0.0, Diff: 0.0, Sum: 0.0]
      [Object Copy (ms): Min: 0.0, Avg: 0.4, Max: 0.6, Diff: 0.6, Sum: 1.6]
      [Termination (ms): Min: 0.0, Avg: 0.1, Max: 0.1, Diff: 0.1, Sum: 0.4]
         [Termination Attempts: Min: 1, Avg: 1.0, Max: 1, Diff: 0, Sum: 4]
      [GC Worker Other (ms): Min: 0.0, Avg: 0.0, Max: 0.0, Diff: 0.0, Sum: 0.0]
      [GC Worker Total (ms): Min: 0.9, Avg: 1.0, Max: 1.1, Diff: 0.2, Sum: 4.1]
      [GC Worker End (ms): Min: 783.9, Avg: 783.9, Max: 783.9, Diff: 0.0]
   [Code Root Fixup: 0.0 ms]
   [Code Root Purge: 0.0 ms]
   [Clear CT: 0.0 ms]
   [Other: 0.3 ms]
      [Choose CSet: 0.0 ms]
      [Ref Proc: 0.1 ms]
      [Ref Enq: 0.0 ms]
      [Redirty Cards: 0.0 ms]
      [Humongous Register: 0.1 ms]
      [Humongous Reclaim: 0.0 ms]
      [Free CSet: 0.0 ms]
   [Eden: 2048.0K(53.0M)->0.0B(55.0M) Survivors: 4096.0K->5120.0K Heap: 332.1M(512.0M)->331.2M(512.0M)]
 [Times: user=0.00 sys=0.00, real=0.00 secs] 
2021-01-22T12:22:39.807-0800: 0.784: [GC concurrent-root-region-scan-start]
2021-01-22T12:22:39.807-0800: 0.784: [GC concurrent-root-region-scan-end, 0.0001389 secs]
2021-01-22T12:22:39.807-0800: 0.784: [GC concurrent-mark-start]
2021-01-22T12:22:39.810-0800: 0.787: [GC concurrent-mark-end, 0.0027236 secs]
2021-01-22T12:22:39.810-0800: 0.787: [GC remark 2021-01-22T12:22:39.810-0800: 0.787: [Finalize Marking, 0.0001580 secs] 2021-01-22T12:22:39.810-0800: 0.788: [GC ref-proc, 0.0000273 secs] 2021-01-22T12:22:39.810-0800: 0.788: [Unloading, 0.0006553 secs], 0.0021034 secs]
 [Times: user=0.01 sys=0.00, real=0.00 secs] 
2021-01-22T12:22:39.812-0800: 0.790: [GC cleanup 345M->345M(512M), 0.0004792 secs]
 [Times: user=0.00 sys=0.00, real=0.00 secs] 
2021-01-22T12:22:39.824-0800: 0.802: [GC pause (G1 Evacuation Pause) (young), 0.0042923 secs]
   [Parallel Time: 3.8 ms, GC Workers: 4]
      [GC Worker Start (ms): Min: 801.7, Avg: 801.8, Max: 801.8, Diff: 0.0]
      [Ext Root Scanning (ms): Min: 0.1, Avg: 0.1, Max: 0.2, Diff: 0.0, Sum: 0.6]
      [Update RS (ms): Min: 0.9, Avg: 0.9, Max: 0.9, Diff: 0.0, Sum: 3.5]
         [Processed Buffers: Min: 8, Avg: 10.2, Max: 11, Diff: 3, Sum: 41]
      [Scan RS (ms): Min: 0.0, Avg: 0.0, Max: 0.0, Diff: 0.0, Sum: 0.0]
      [Code Root Scanning (ms): Min: 0.0, Avg: 0.0, Max: 0.0, Diff: 0.0, Sum: 0.0]
      [Object Copy (ms): Min: 2.7, Avg: 2.7, Max: 2.7, Diff: 0.0, Sum: 10.7]
      [Termination (ms): Min: 0.0, Avg: 0.0, Max: 0.0, Diff: 0.0, Sum: 0.1]
         [Termination Attempts: Min: 1, Avg: 1.0, Max: 1, Diff: 0, Sum: 4]
      [GC Worker Other (ms): Min: 0.0, Avg: 0.0, Max: 0.0, Diff: 0.0, Sum: 0.1]
      [GC Worker Total (ms): Min: 3.7, Avg: 3.7, Max: 3.7, Diff: 0.0, Sum: 14.9]
      [GC Worker End (ms): Min: 805.5, Avg: 805.5, Max: 805.5, Diff: 0.0]
   [Code Root Fixup: 0.0 ms]
   [Code Root Purge: 0.0 ms]
   [Clear CT: 0.1 ms]
   [Other: 0.4 ms]
      [Choose CSet: 0.0 ms]
      [Ref Proc: 0.1 ms]
      [Ref Enq: 0.0 ms]
      [Redirty Cards: 0.1 ms]
      [Humongous Register: 0.1 ms]
      [Humongous Reclaim: 0.1 ms]
      [Free CSet: 0.0 ms]
   [Eden: 55.0M(55.0M)->0.0B(17.0M) Survivors: 5120.0K->8192.0K Heap: 406.3M(512.0M)->347.2M(512.0M)]
 [Times: user=0.01 sys=0.00, real=0.00 secs] 
2021-01-22T12:22:39.832-0800: 0.810: [GC pause (G1 Evacuation Pause) (mixed), 0.0075869 secs]
   [Parallel Time: 7.1 ms, GC Workers: 4]
      [GC Worker Start (ms): Min: 810.2, Avg: 810.2, Max: 810.3, Diff: 0.1]
      [Ext Root Scanning (ms): Min: 0.1, Avg: 0.2, Max: 0.2, Diff: 0.1, Sum: 0.6]
      [Update RS (ms): Min: 1.1, Avg: 1.1, Max: 1.1, Diff: 0.0, Sum: 4.4]
         [Processed Buffers: Min: 13, Avg: 13.8, Max: 15, Diff: 2, Sum: 55]
      [Scan RS (ms): Min: 0.0, Avg: 0.1, Max: 0.1, Diff: 0.0, Sum: 0.2]
      [Code Root Scanning (ms): Min: 0.0, Avg: 0.0, Max: 0.0, Diff: 0.0, Sum: 0.0]
      [Object Copy (ms): Min: 5.6, Avg: 5.6, Max: 5.7, Diff: 0.1, Sum: 22.6]
      [Termination (ms): Min: 0.0, Avg: 0.0, Max: 0.1, Diff: 0.1, Sum: 0.2]
         [Termination Attempts: Min: 1, Avg: 1.0, Max: 1, Diff: 0, Sum: 4]
      [GC Worker Other (ms): Min: 0.0, Avg: 0.0, Max: 0.0, Diff: 0.0, Sum: 0.1]
      [GC Worker Total (ms): Min: 7.0, Avg: 7.0, Max: 7.0, Diff: 0.0, Sum: 28.1]
      [GC Worker End (ms): Min: 817.2, Avg: 817.2, Max: 817.3, Diff: 0.0]
   [Code Root Fixup: 0.0 ms]
   [Code Root Purge: 0.0 ms]
   [Clear CT: 0.1 ms]
   [Other: 0.4 ms]
      [Choose CSet: 0.0 ms]
      [Ref Proc: 0.1 ms]
      [Ref Enq: 0.0 ms]
      [Redirty Cards: 0.0 ms]
      [Humongous Register: 0.1 ms]
      [Humongous Reclaim: 0.0 ms]
      [Free CSet: 0.1 ms]
   [Eden: 17.0M(17.0M)->0.0B(52.0M) Survivors: 8192.0K->4096.0K Heap: 370.4M(512.0M)->335.6M(512.0M)]
 [Times: user=0.02 sys=0.00, real=0.01 secs] 
2021-01-22T12:22:39.841-0800: 0.818: [GC pause (G1 Humongous Allocation) (young) (initial-mark), 0.0012284 secs]
   [Parallel Time: 0.9 ms, GC Workers: 4]
      [GC Worker Start (ms): Min: 818.4, Avg: 818.4, Max: 818.4, Diff: 0.0]
      [Ext Root Scanning (ms): Min: 0.1, Avg: 0.2, Max: 0.2, Diff: 0.0, Sum: 0.6]
      [Update RS (ms): Min: 0.1, Avg: 0.1, Max: 0.2, Diff: 0.1, Sum: 0.5]
         [Processed Buffers: Min: 1, Avg: 1.2, Max: 2, Diff: 1, Sum: 5]
      [Scan RS (ms): Min: 0.0, Avg: 0.0, Max: 0.0, Diff: 0.0, Sum: 0.0]
      [Code Root Scanning (ms): Min: 0.0, Avg: 0.0, Max: 0.0, Diff: 0.0, Sum: 0.0]
      [Object Copy (ms): Min: 0.4, Avg: 0.4, Max: 0.5, Diff: 0.1, Sum: 1.8]
      [Termination (ms): Min: 0.0, Avg: 0.0, Max: 0.1, Diff: 0.1, Sum: 0.1]
         [Termination Attempts: Min: 1, Avg: 1.0, Max: 1, Diff: 0, Sum: 4]
      [GC Worker Other (ms): Min: 0.0, Avg: 0.0, Max: 0.0, Diff: 0.0, Sum: 0.1]
      [GC Worker Total (ms): Min: 0.8, Avg: 0.8, Max: 0.8, Diff: 0.0, Sum: 3.1]
      [GC Worker End (ms): Min: 819.2, Avg: 819.2, Max: 819.2, Diff: 0.0]
   [Code Root Fixup: 0.0 ms]
   [Code Root Purge: 0.0 ms]
   [Clear CT: 0.0 ms]
   [Other: 0.3 ms]
      [Choose CSet: 0.0 ms]
      [Ref Proc: 0.1 ms]
      [Ref Enq: 0.0 ms]
      [Redirty Cards: 0.0 ms]
      [Humongous Register: 0.1 ms]
      [Humongous Reclaim: 0.0 ms]
      [Free CSet: 0.0 ms]
   [Eden: 2048.0K(52.0M)->0.0B(54.0M) Survivors: 4096.0K->4096.0K Heap: 337.2M(512.0M)->335.0M(512.0M)]
 [Times: user=0.00 sys=0.00, real=0.00 secs] 
2021-01-22T12:22:39.842-0800: 0.820: [GC concurrent-root-region-scan-start]
2021-01-22T12:22:39.842-0800: 0.820: [GC concurrent-root-region-scan-end, 0.0001366 secs]
2021-01-22T12:22:39.842-0800: 0.820: [GC concurrent-mark-start]
2021-01-22T12:22:39.844-0800: 0.822: [GC concurrent-mark-end, 0.0019478 secs]
2021-01-22T12:22:39.844-0800: 0.822: [GC remark 2021-01-22T12:22:39.844-0800: 0.822: [Finalize Marking, 0.0001137 secs] 2021-01-22T12:22:39.844-0800: 0.822: [GC ref-proc, 0.0000382 secs] 2021-01-22T12:22:39.845-0800: 0.822: [Unloading, 0.0006848 secs], 0.0023902 secs]
 [Times: user=0.00 sys=0.00, real=0.00 secs] 
2021-01-22T12:22:39.847-0800: 0.824: [GC cleanup 346M->345M(512M), 0.0005587 secs]
 [Times: user=0.01 sys=0.00, real=0.00 secs] 
2021-01-22T12:22:39.847-0800: 0.825: [GC concurrent-cleanup-start]
2021-01-22T12:22:39.847-0800: 0.825: [GC concurrent-cleanup-end, 0.0000140 secs]
2021-01-22T12:22:39.859-0800: 0.836: [GC pause (G1 Evacuation Pause) (young), 0.0042214 secs]
   [Parallel Time: 3.8 ms, GC Workers: 4]
      [GC Worker Start (ms): Min: 836.3, Avg: 836.3, Max: 836.3, Diff: 0.0]
      [Ext Root Scanning (ms): Min: 0.1, Avg: 0.1, Max: 0.2, Diff: 0.0, Sum: 0.6]
      [Update RS (ms): Min: 1.3, Avg: 1.3, Max: 1.4, Diff: 0.1, Sum: 5.4]
         [Processed Buffers: Min: 13, Avg: 16.0, Max: 17, Diff: 4, Sum: 64]
      [Scan RS (ms): Min: 0.0, Avg: 0.0, Max: 0.0, Diff: 0.0, Sum: 0.0]
      [Code Root Scanning (ms): Min: 0.0, Avg: 0.0, Max: 0.0, Diff: 0.0, Sum: 0.0]
      [Object Copy (ms): Min: 2.2, Avg: 2.2, Max: 2.2, Diff: 0.1, Sum: 8.7]
      [Termination (ms): Min: 0.0, Avg: 0.0, Max: 0.1, Diff: 0.1, Sum: 0.1]
         [Termination Attempts: Min: 1, Avg: 1.0, Max: 1, Diff: 0, Sum: 4]
      [GC Worker Other (ms): Min: 0.0, Avg: 0.0, Max: 0.0, Diff: 0.0, Sum: 0.0]
      [GC Worker Total (ms): Min: 3.7, Avg: 3.7, Max: 3.7, Diff: 0.0, Sum: 14.9]
      [GC Worker End (ms): Min: 840.0, Avg: 840.0, Max: 840.0, Diff: 0.0]
   [Code Root Fixup: 0.0 ms]
   [Code Root Purge: 0.0 ms]
   [Clear CT: 0.1 ms]
   [Other: 0.4 ms]
      [Choose CSet: 0.0 ms]
      [Ref Proc: 0.1 ms]
      [Ref Enq: 0.0 ms]
      [Redirty Cards: 0.1 ms]
      [Humongous Register: 0.1 ms]
      [Humongous Reclaim: 0.0 ms]
      [Free CSet: 0.0 ms]
   [Eden: 54.0M(54.0M)->0.0B(17.0M) Survivors: 4096.0K->8192.0K Heap: 403.9M(512.0M)->353.7M(512.0M)]
 [Times: user=0.02 sys=0.00, real=0.01 secs] 
2021-01-22T12:22:39.867-0800: 0.844: [GC pause (G1 Evacuation Pause) (mixed), 0.0064094 secs]
   [Parallel Time: 6.0 ms, GC Workers: 4]
      [GC Worker Start (ms): Min: 844.5, Avg: 844.5, Max: 844.5, Diff: 0.0]
      [Ext Root Scanning (ms): Min: 0.1, Avg: 0.1, Max: 0.2, Diff: 0.0, Sum: 0.6]
      [Update RS (ms): Min: 0.8, Avg: 0.9, Max: 0.9, Diff: 0.1, Sum: 3.5]
         [Processed Buffers: Min: 10, Avg: 11.0, Max: 12, Diff: 2, Sum: 44]
      [Scan RS (ms): Min: 0.0, Avg: 0.0, Max: 0.1, Diff: 0.0, Sum: 0.2]
      [Code Root Scanning (ms): Min: 0.0, Avg: 0.0, Max: 0.0, Diff: 0.0, Sum: 0.0]
      [Object Copy (ms): Min: 4.8, Avg: 4.8, Max: 4.8, Diff: 0.0, Sum: 19.1]
      [Termination (ms): Min: 0.0, Avg: 0.0, Max: 0.0, Diff: 0.0, Sum: 0.1]
         [Termination Attempts: Min: 1, Avg: 1.2, Max: 2, Diff: 1, Sum: 5]
      [GC Worker Other (ms): Min: 0.0, Avg: 0.0, Max: 0.0, Diff: 0.0, Sum: 0.1]
      [GC Worker Total (ms): Min: 5.9, Avg: 5.9, Max: 5.9, Diff: 0.0, Sum: 23.5]
      [GC Worker End (ms): Min: 850.4, Avg: 850.4, Max: 850.4, Diff: 0.0]
   [Code Root Fixup: 0.0 ms]
   [Code Root Purge: 0.0 ms]
   [Clear CT: 0.1 ms]
   [Other: 0.4 ms]
      [Choose CSet: 0.0 ms]
      [Ref Proc: 0.1 ms]
      [Ref Enq: 0.0 ms]
      [Redirty Cards: 0.1 ms]
      [Humongous Register: 0.1 ms]
      [Humongous Reclaim: 0.0 ms]
      [Free CSet: 0.0 ms]
   [Eden: 17.0M(17.0M)->0.0B(46.0M) Survivors: 8192.0K->4096.0K Heap: 375.5M(512.0M)->341.4M(512.0M)]
 [Times: user=0.02 sys=0.00, real=0.01 secs] 
2021-01-22T12:22:39.873-0800: 0.851: [GC pause (G1 Humongous Allocation) (young) (initial-mark), 0.0012997 secs]
   [Parallel Time: 0.9 ms, GC Workers: 4]
      [GC Worker Start (ms): Min: 851.2, Avg: 851.2, Max: 851.2, Diff: 0.0]
      [Ext Root Scanning (ms): Min: 0.1, Avg: 0.2, Max: 0.2, Diff: 0.0, Sum: 0.6]
      [Update RS (ms): Min: 0.1, Avg: 0.1, Max: 0.1, Diff: 0.0, Sum: 0.4]
         [Processed Buffers: Min: 1, Avg: 1.2, Max: 2, Diff: 1, Sum: 5]
      [Scan RS (ms): Min: 0.0, Avg: 0.0, Max: 0.0, Diff: 0.0, Sum: 0.0]
      [Code Root Scanning (ms): Min: 0.0, Avg: 0.0, Max: 0.0, Diff: 0.0, Sum: 0.0]
      [Object Copy (ms): Min: 0.5, Avg: 0.5, Max: 0.6, Diff: 0.1, Sum: 2.0]
      [Termination (ms): Min: 0.0, Avg: 0.0, Max: 0.1, Diff: 0.1, Sum: 0.1]
         [Termination Attempts: Min: 1, Avg: 1.0, Max: 1, Diff: 0, Sum: 4]
      [GC Worker Other (ms): Min: 0.0, Avg: 0.0, Max: 0.0, Diff: 0.0, Sum: 0.0]
      [GC Worker Total (ms): Min: 0.8, Avg: 0.8, Max: 0.8, Diff: 0.0, Sum: 3.3]
      [GC Worker End (ms): Min: 852.0, Avg: 852.0, Max: 852.0, Diff: 0.0]
   [Code Root Fixup: 0.0 ms]
   [Code Root Purge: 0.0 ms]
   [Clear CT: 0.0 ms]
   [Other: 0.4 ms]
      [Choose CSet: 0.0 ms]
      [Ref Proc: 0.1 ms]
      [Ref Enq: 0.0 ms]
      [Redirty Cards: 0.0 ms]
      [Humongous Register: 0.1 ms]
      [Humongous Reclaim: 0.0 ms]
      [Free CSet: 0.0 ms]
   [Eden: 1024.0K(46.0M)->0.0B(45.0M) Survivors: 4096.0K->4096.0K Heap: 342.4M(512.0M)->340.9M(512.0M)]
 [Times: user=0.00 sys=0.00, real=0.00 secs] 
2021-01-22T12:22:39.875-0800: 0.852: [GC concurrent-root-region-scan-start]
2021-01-22T12:22:39.875-0800: 0.853: [GC concurrent-root-region-scan-end, 0.0001329 secs]
2021-01-22T12:22:39.875-0800: 0.853: [GC concurrent-mark-start]
2021-01-22T12:22:39.877-0800: 0.854: [GC concurrent-mark-end, 0.0018006 secs]
2021-01-22T12:22:39.877-0800: 0.855: [GC remark 2021-01-22T12:22:39.877-0800: 0.855: [Finalize Marking, 0.0000670 secs] 2021-01-22T12:22:39.877-0800: 0.855: [GC ref-proc, 0.0000310 secs] 2021-01-22T12:22:39.877-0800: 0.855: [Unloading, 0.0007146 secs], 0.0020714 secs]
 [Times: user=0.01 sys=0.00, real=0.00 secs] 
2021-01-22T12:22:39.879-0800: 0.857: [GC cleanup 350M->350M(512M), 0.0004604 secs]
 [Times: user=0.00 sys=0.00, real=0.01 secs] 
2021-01-22T12:22:39.889-0800: 0.866: [GC pause (G1 Evacuation Pause) (young), 0.0040845 secs]
   [Parallel Time: 3.6 ms, GC Workers: 4]
      [GC Worker Start (ms): Min: 866.4, Avg: 866.4, Max: 866.4, Diff: 0.1]
      [Ext Root Scanning (ms): Min: 0.1, Avg: 0.1, Max: 0.2, Diff: 0.1, Sum: 0.6]
      [Update RS (ms): Min: 1.0, Avg: 1.0, Max: 1.0, Diff: 0.0, Sum: 4.0]
         [Processed Buffers: Min: 10, Avg: 12.0, Max: 13, Diff: 3, Sum: 48]
      [Scan RS (ms): Min: 0.0, Avg: 0.0, Max: 0.0, Diff: 0.0, Sum: 0.0]
      [Code Root Scanning (ms): Min: 0.0, Avg: 0.0, Max: 0.0, Diff: 0.0, Sum: 0.0]
      [Object Copy (ms): Min: 2.2, Avg: 2.2, Max: 2.3, Diff: 0.1, Sum: 9.0]
      [Termination (ms): Min: 0.0, Avg: 0.1, Max: 0.1, Diff: 0.1, Sum: 0.3]
         [Termination Attempts: Min: 1, Avg: 1.0, Max: 1, Diff: 0, Sum: 4]
      [GC Worker Other (ms): Min: 0.0, Avg: 0.0, Max: 0.0, Diff: 0.0, Sum: 0.0]
      [GC Worker Total (ms): Min: 3.5, Avg: 3.5, Max: 3.5, Diff: 0.0, Sum: 14.0]
      [GC Worker End (ms): Min: 869.9, Avg: 869.9, Max: 869.9, Diff: 0.0]
   [Code Root Fixup: 0.0 ms]
   [Code Root Purge: 0.0 ms]
   [Clear CT: 0.1 ms]
   [Other: 0.4 ms]
      [Choose CSet: 0.0 ms]
      [Ref Proc: 0.1 ms]
      [Ref Enq: 0.0 ms]
      [Redirty Cards: 0.1 ms]
      [Humongous Register: 0.1 ms]
      [Humongous Reclaim: 0.0 ms]
      [Free CSet: 0.0 ms]
   [Eden: 45.0M(45.0M)->0.0B(18.0M) Survivors: 4096.0K->7168.0K Heap: 400.1M(512.0M)->352.6M(512.0M)]
 [Times: user=0.01 sys=0.00, real=0.01 secs] 
2021-01-22T12:22:39.896-0800: 0.874: [GC pause (G1 Evacuation Pause) (mixed), 0.0059555 secs]
   [Parallel Time: 5.5 ms, GC Workers: 4]
      [GC Worker Start (ms): Min: 874.2, Avg: 874.2, Max: 874.2, Diff: 0.1]
      [Ext Root Scanning (ms): Min: 0.1, Avg: 0.1, Max: 0.2, Diff: 0.0, Sum: 0.6]
      [Update RS (ms): Min: 0.7, Avg: 0.8, Max: 0.8, Diff: 0.1, Sum: 3.0]
         [Processed Buffers: Min: 9, Avg: 9.5, Max: 10, Diff: 1, Sum: 38]
      [Scan RS (ms): Min: 0.0, Avg: 0.1, Max: 0.1, Diff: 0.1, Sum: 0.3]
      [Code Root Scanning (ms): Min: 0.0, Avg: 0.0, Max: 0.0, Diff: 0.0, Sum: 0.0]
      [Object Copy (ms): Min: 4.3, Avg: 4.4, Max: 4.4, Diff: 0.1, Sum: 17.6]
      [Termination (ms): Min: 0.0, Avg: 0.0, Max: 0.1, Diff: 0.1, Sum: 0.2]
         [Termination Attempts: Min: 1, Avg: 1.0, Max: 1, Diff: 0, Sum: 4]
      [GC Worker Other (ms): Min: 0.0, Avg: 0.0, Max: 0.0, Diff: 0.0, Sum: 0.1]
      [GC Worker Total (ms): Min: 5.4, Avg: 5.4, Max: 5.5, Diff: 0.1, Sum: 21.6]
      [GC Worker End (ms): Min: 879.6, Avg: 879.6, Max: 879.6, Diff: 0.0]
   [Code Root Fixup: 0.0 ms]
   [Code Root Purge: 0.0 ms]
   [Clear CT: 0.1 ms]
   [Other: 0.4 ms]
      [Choose CSet: 0.0 ms]
      [Ref Proc: 0.1 ms]
      [Ref Enq: 0.0 ms]
      [Redirty Cards: 0.0 ms]
      [Humongous Register: 0.1 ms]
      [Humongous Reclaim: 0.0 ms]
      [Free CSet: 0.0 ms]
   [Eden: 18.0M(18.0M)->0.0B(43.0M) Survivors: 7168.0K->4096.0K Heap: 374.7M(512.0M)->343.9M(512.0M)]
 [Times: user=0.02 sys=0.00, real=0.01 secs] 
2021-01-22T12:22:39.903-0800: 0.881: [GC pause (G1 Humongous Allocation) (young) (initial-mark), 0.0014361 secs]
   [Parallel Time: 1.0 ms, GC Workers: 4]
      [GC Worker Start (ms): Min: 881.0, Avg: 881.0, Max: 881.0, Diff: 0.0]
      [Ext Root Scanning (ms): Min: 0.1, Avg: 0.2, Max: 0.2, Diff: 0.0, Sum: 0.6]
      [Update RS (ms): Min: 0.1, Avg: 0.2, Max: 0.2, Diff: 0.1, Sum: 0.7]
         [Processed Buffers: Min: 1, Avg: 1.2, Max: 2, Diff: 1, Sum: 5]
      [Scan RS (ms): Min: 0.0, Avg: 0.0, Max: 0.0, Diff: 0.0, Sum: 0.0]
      [Code Root Scanning (ms): Min: 0.0, Avg: 0.0, Max: 0.0, Diff: 0.0, Sum: 0.0]
      [Object Copy (ms): Min: 0.5, Avg: 0.5, Max: 0.6, Diff: 0.1, Sum: 2.2]
      [Termination (ms): Min: 0.0, Avg: 0.0, Max: 0.1, Diff: 0.1, Sum: 0.2]
         [Termination Attempts: Min: 1, Avg: 1.0, Max: 1, Diff: 0, Sum: 4]
      [GC Worker Other (ms): Min: 0.0, Avg: 0.0, Max: 0.0, Diff: 0.0, Sum: 0.1]
      [GC Worker Total (ms): Min: 0.9, Avg: 0.9, Max: 1.0, Diff: 0.0, Sum: 3.7]
      [GC Worker End (ms): Min: 881.9, Avg: 881.9, Max: 881.9, Diff: 0.0]
   [Code Root Fixup: 0.0 ms]
   [Code Root Purge: 0.0 ms]
   [Clear CT: 0.1 ms]
   [Other: 0.4 ms]
      [Choose CSet: 0.0 ms]
      [Ref Proc: 0.1 ms]
      [Ref Enq: 0.0 ms]
      [Redirty Cards: 0.0 ms]
      [Humongous Register: 0.1 ms]
      [Humongous Reclaim: 0.0 ms]
      [Free CSet: 0.0 ms]
   [Eden: 4096.0K(43.0M)->0.0B(44.0M) Survivors: 4096.0K->1024.0K Heap: 347.3M(512.0M)->344.2M(512.0M)]
 [Times: user=0.00 sys=0.00, real=0.00 secs] 
2021-01-22T12:22:39.905-0800: 0.882: [GC concurrent-root-region-scan-start]
2021-01-22T12:22:39.905-0800: 0.883: [GC concurrent-root-region-scan-end, 0.0001097 secs]
2021-01-22T12:22:39.905-0800: 0.883: [GC concurrent-mark-start]
2021-01-22T12:22:39.907-0800: 0.884: [GC concurrent-mark-end, 0.0019396 secs]
2021-01-22T12:22:39.907-0800: 0.885: [GC remark 2021-01-22T12:22:39.907-0800: 0.885: [Finalize Marking, 0.0000890 secs] 2021-01-22T12:22:39.907-0800: 0.885: [GC ref-proc, 0.0000375 secs] 2021-01-22T12:22:39.907-0800: 0.885: [Unloading, 0.0005626 secs], 0.0020290 secs]
 [Times: user=0.01 sys=0.00, real=0.00 secs] 
2021-01-22T12:22:39.909-0800: 0.887: [GC cleanup 355M->355M(512M), 0.0004951 secs]
 [Times: user=0.00 sys=0.00, real=0.01 secs] 
2021-01-22T12:22:39.918-0800: 0.896: [GC pause (G1 Evacuation Pause) (young), 0.0039292 secs]
   [Parallel Time: 3.4 ms, GC Workers: 4]
      [GC Worker Start (ms): Min: 895.9, Avg: 895.9, Max: 896.0, Diff: 0.0]
      [Ext Root Scanning (ms): Min: 0.1, Avg: 0.1, Max: 0.2, Diff: 0.1, Sum: 0.6]
      [Update RS (ms): Min: 1.2, Avg: 1.2, Max: 1.2, Diff: 0.1, Sum: 4.7]
         [Processed Buffers: Min: 12, Avg: 14.0, Max: 15, Diff: 3, Sum: 56]
      [Scan RS (ms): Min: 0.0, Avg: 0.0, Max: 0.0, Diff: 0.0, Sum: 0.0]
      [Code Root Scanning (ms): Min: 0.0, Avg: 0.0, Max: 0.0, Diff: 0.0, Sum: 0.0]
      [Object Copy (ms): Min: 1.9, Avg: 2.0, Max: 2.0, Diff: 0.1, Sum: 7.9]
      [Termination (ms): Min: 0.0, Avg: 0.0, Max: 0.1, Diff: 0.1, Sum: 0.2]
         [Termination Attempts: Min: 1, Avg: 1.0, Max: 1, Diff: 0, Sum: 4]
      [GC Worker Other (ms): Min: 0.0, Avg: 0.0, Max: 0.0, Diff: 0.0, Sum: 0.1]
      [GC Worker Total (ms): Min: 3.3, Avg: 3.4, Max: 3.4, Diff: 0.0, Sum: 13.5]
      [GC Worker End (ms): Min: 899.3, Avg: 899.3, Max: 899.3, Diff: 0.0]
   [Code Root Fixup: 0.0 ms]
   [Code Root Purge: 0.0 ms]
   [Clear CT: 0.1 ms]
   [Other: 0.4 ms]
      [Choose CSet: 0.0 ms]
      [Ref Proc: 0.1 ms]
      [Ref Enq: 0.0 ms]
      [Redirty Cards: 0.1 ms]
      [Humongous Register: 0.1 ms]
      [Humongous Reclaim: 0.0 ms]
      [Free CSet: 0.0 ms]
   [Eden: 44.0M(44.0M)->0.0B(19.0M) Survivors: 1024.0K->6144.0K Heap: 402.2M(512.0M)->358.4M(512.0M)]
 [Times: user=0.02 sys=0.00, real=0.01 secs] 
2021-01-22T12:22:39.926-0800: 0.904: [GC pause (G1 Evacuation Pause) (mixed), 0.0055476 secs]
   [Parallel Time: 5.1 ms, GC Workers: 4]
      [GC Worker Start (ms): Min: 904.0, Avg: 904.0, Max: 904.0, Diff: 0.0]
      [Ext Root Scanning (ms): Min: 0.1, Avg: 0.1, Max: 0.2, Diff: 0.0, Sum: 0.6]
      [Update RS (ms): Min: 0.9, Avg: 0.9, Max: 1.0, Diff: 0.1, Sum: 3.8]
         [Processed Buffers: Min: 12, Avg: 12.0, Max: 12, Diff: 0, Sum: 48]
      [Scan RS (ms): Min: 0.0, Avg: 0.0, Max: 0.1, Diff: 0.1, Sum: 0.2]
      [Code Root Scanning (ms): Min: 0.0, Avg: 0.0, Max: 0.0, Diff: 0.0, Sum: 0.0]
      [Object Copy (ms): Min: 3.8, Avg: 3.8, Max: 3.8, Diff: 0.1, Sum: 15.2]
      [Termination (ms): Min: 0.0, Avg: 0.0, Max: 0.1, Diff: 0.1, Sum: 0.2]
         [Termination Attempts: Min: 1, Avg: 1.0, Max: 1, Diff: 0, Sum: 4]
      [GC Worker Other (ms): Min: 0.0, Avg: 0.0, Max: 0.0, Diff: 0.0, Sum: 0.1]
      [GC Worker Total (ms): Min: 5.0, Avg: 5.0, Max: 5.0, Diff: 0.0, Sum: 19.9]
      [GC Worker End (ms): Min: 909.0, Avg: 909.0, Max: 909.0, Diff: 0.0]
   [Code Root Fixup: 0.0 ms]
   [Code Root Purge: 0.0 ms]
   [Clear CT: 0.1 ms]
   [Other: 0.4 ms]
      [Choose CSet: 0.0 ms]
      [Ref Proc: 0.1 ms]
      [Ref Enq: 0.0 ms]
      [Redirty Cards: 0.1 ms]
      [Humongous Register: 0.1 ms]
      [Humongous Reclaim: 0.0 ms]
      [Free CSet: 0.0 ms]
   [Eden: 19.0M(19.0M)->0.0B(40.0M) Survivors: 6144.0K->4096.0K Heap: 382.8M(512.0M)->349.0M(512.0M)]
 [Times: user=0.02 sys=0.00, real=0.01 secs] 
2021-01-22T12:22:39.932-0800: 0.910: [GC pause (G1 Humongous Allocation) (young) (initial-mark), 0.0013746 secs]
   [Parallel Time: 1.0 ms, GC Workers: 4]
      [GC Worker Start (ms): Min: 910.0, Avg: 910.0, Max: 910.0, Diff: 0.0]
      [Ext Root Scanning (ms): Min: 0.1, Avg: 0.2, Max: 0.2, Diff: 0.0, Sum: 0.6]
      [Update RS (ms): Min: 0.1, Avg: 0.1, Max: 0.2, Diff: 0.1, Sum: 0.5]
         [Processed Buffers: Min: 1, Avg: 1.2, Max: 2, Diff: 1, Sum: 5]
      [Scan RS (ms): Min: 0.0, Avg: 0.0, Max: 0.0, Diff: 0.0, Sum: 0.0]
      [Code Root Scanning (ms): Min: 0.0, Avg: 0.0, Max: 0.0, Diff: 0.0, Sum: 0.0]
      [Object Copy (ms): Min: 0.4, Avg: 0.5, Max: 0.6, Diff: 0.2, Sum: 2.1]
      [Termination (ms): Min: 0.0, Avg: 0.1, Max: 0.2, Diff: 0.2, Sum: 0.4]
         [Termination Attempts: Min: 1, Avg: 1.0, Max: 1, Diff: 0, Sum: 4]
      [GC Worker Other (ms): Min: 0.0, Avg: 0.0, Max: 0.0, Diff: 0.0, Sum: 0.0]
      [GC Worker Total (ms): Min: 0.9, Avg: 0.9, Max: 1.0, Diff: 0.0, Sum: 3.7]
      [GC Worker End (ms): Min: 910.9, Avg: 910.9, Max: 910.9, Diff: 0.0]
   [Code Root Fixup: 0.0 ms]
   [Code Root Purge: 0.0 ms]
   [Clear CT: 0.1 ms]
   [Other: 0.3 ms]
      [Choose CSet: 0.0 ms]
      [Ref Proc: 0.1 ms]
      [Ref Enq: 0.0 ms]
      [Redirty Cards: 0.0 ms]
      [Humongous Register: 0.1 ms]
      [Humongous Reclaim: 0.0 ms]
      [Free CSet: 0.0 ms]
   [Eden: 2048.0K(40.0M)->0.0B(38.0M) Survivors: 4096.0K->1024.0K Heap: 350.9M(512.0M)->349.2M(512.0M)]
 [Times: user=0.01 sys=0.00, real=0.00 secs] 
2021-01-22T12:22:39.934-0800: 0.911: [GC concurrent-root-region-scan-start]
2021-01-22T12:22:39.934-0800: 0.911: [GC concurrent-root-region-scan-end, 0.0000296 secs]
2021-01-22T12:22:39.934-0800: 0.911: [GC concurrent-mark-start]
2021-01-22T12:22:39.936-0800: 0.913: [GC concurrent-mark-end, 0.0019505 secs]
2021-01-22T12:22:39.936-0800: 0.914: [GC remark 2021-01-22T12:22:39.936-0800: 0.914: [Finalize Marking, 0.0001714 secs] 2021-01-22T12:22:39.936-0800: 0.914: [GC ref-proc, 0.0000261 secs] 2021-01-22T12:22:39.936-0800: 0.914: [Unloading, 0.0005032 secs], 0.0020186 secs]
 [Times: user=0.01 sys=0.00, real=0.00 secs] 
2021-01-22T12:22:39.938-0800: 0.916: [GC cleanup 360M->360M(512M), 0.0005240 secs]
 [Times: user=0.00 sys=0.00, real=0.00 secs] 
2021-01-22T12:22:39.946-0800: 0.924: [GC pause (G1 Evacuation Pause) (young), 0.0034531 secs]
   [Parallel Time: 3.0 ms, GC Workers: 4]
      [GC Worker Start (ms): Min: 923.9, Avg: 923.9, Max: 924.0, Diff: 0.0]
      [Ext Root Scanning (ms): Min: 0.1, Avg: 0.1, Max: 0.2, Diff: 0.0, Sum: 0.6]
      [Update RS (ms): Min: 1.2, Avg: 1.2, Max: 1.2, Diff: 0.1, Sum: 4.7]
         [Processed Buffers: Min: 13, Avg: 14.5, Max: 15, Diff: 2, Sum: 58]
      [Scan RS (ms): Min: 0.0, Avg: 0.0, Max: 0.0, Diff: 0.0, Sum: 0.0]
      [Code Root Scanning (ms): Min: 0.0, Avg: 0.0, Max: 0.0, Diff: 0.0, Sum: 0.0]
      [Object Copy (ms): Min: 1.5, Avg: 1.5, Max: 1.6, Diff: 0.1, Sum: 6.1]
      [Termination (ms): Min: 0.0, Avg: 0.1, Max: 0.1, Diff: 0.1, Sum: 0.2]
         [Termination Attempts: Min: 1, Avg: 1.0, Max: 1, Diff: 0, Sum: 4]
      [GC Worker Other (ms): Min: 0.0, Avg: 0.0, Max: 0.0, Diff: 0.0, Sum: 0.0]
      [GC Worker Total (ms): Min: 2.9, Avg: 2.9, Max: 2.9, Diff: 0.0, Sum: 11.7]
      [GC Worker End (ms): Min: 926.9, Avg: 926.9, Max: 926.9, Diff: 0.0]
   [Code Root Fixup: 0.0 ms]
   [Code Root Purge: 0.0 ms]
   [Clear CT: 0.1 ms]
   [Other: 0.4 ms]
      [Choose CSet: 0.0 ms]
      [Ref Proc: 0.0 ms]
      [Ref Enq: 0.0 ms]
      [Redirty Cards: 0.1 ms]
      [Humongous Register: 0.1 ms]
      [Humongous Reclaim: 0.1 ms]
      [Free CSet: 0.0 ms]
   [Eden: 38.0M(38.0M)->0.0B(20.0M) Survivors: 1024.0K->5120.0K Heap: 397.6M(512.0M)->362.2M(512.0M)]
 [Times: user=0.01 sys=0.01, real=0.01 secs] 
2021-01-22T12:22:39.955-0800: 0.932: [GC pause (G1 Evacuation Pause) (mixed), 0.0059595 secs]
   [Parallel Time: 5.5 ms, GC Workers: 4]
      [GC Worker Start (ms): Min: 932.3, Avg: 932.3, Max: 932.3, Diff: 0.0]
      [Ext Root Scanning (ms): Min: 0.1, Avg: 0.2, Max: 0.2, Diff: 0.0, Sum: 0.6]
      [Update RS (ms): Min: 0.8, Avg: 0.8, Max: 0.9, Diff: 0.0, Sum: 3.4]
         [Processed Buffers: Min: 10, Avg: 11.0, Max: 12, Diff: 2, Sum: 44]
      [Scan RS (ms): Min: 0.0, Avg: 0.0, Max: 0.1, Diff: 0.0, Sum: 0.2]
      [Code Root Scanning (ms): Min: 0.0, Avg: 0.0, Max: 0.0, Diff: 0.0, Sum: 0.0]
      [Object Copy (ms): Min: 4.3, Avg: 4.4, Max: 4.4, Diff: 0.1, Sum: 17.4]
      [Termination (ms): Min: 0.0, Avg: 0.0, Max: 0.1, Diff: 0.1, Sum: 0.2]
         [Termination Attempts: Min: 1, Avg: 1.0, Max: 1, Diff: 0, Sum: 4]
      [GC Worker Other (ms): Min: 0.0, Avg: 0.0, Max: 0.0, Diff: 0.0, Sum: 0.0]
      [GC Worker Total (ms): Min: 5.4, Avg: 5.5, Max: 5.5, Diff: 0.0, Sum: 21.9]
      [GC Worker End (ms): Min: 937.8, Avg: 937.8, Max: 937.8, Diff: 0.0]
   [Code Root Fixup: 0.0 ms]
   [Code Root Purge: 0.0 ms]
   [Clear CT: 0.0 ms]
   [Other: 0.4 ms]
      [Choose CSet: 0.0 ms]
      [Ref Proc: 0.1 ms]
      [Ref Enq: 0.0 ms]
      [Redirty Cards: 0.1 ms]
      [Humongous Register: 0.1 ms]
      [Humongous Reclaim: 0.0 ms]
      [Free CSet: 0.1 ms]
   [Eden: 20.0M(20.0M)->0.0B(35.0M) Survivors: 5120.0K->4096.0K Heap: 386.9M(512.0M)->354.2M(512.0M)]
 [Times: user=0.03 sys=0.00, real=0.01 secs] 
2021-01-22T12:22:39.962-0800: 0.939: [GC pause (G1 Humongous Allocation) (young) (initial-mark), 0.0014703 secs]
   [Parallel Time: 1.0 ms, GC Workers: 4]
      [GC Worker Start (ms): Min: 939.2, Avg: 939.3, Max: 939.3, Diff: 0.0]
      [Ext Root Scanning (ms): Min: 0.1, Avg: 0.2, Max: 0.2, Diff: 0.0, Sum: 0.6]
      [Update RS (ms): Min: 0.1, Avg: 0.1, Max: 0.3, Diff: 0.2, Sum: 0.6]
         [Processed Buffers: Min: 1, Avg: 1.2, Max: 2, Diff: 1, Sum: 5]
      [Scan RS (ms): Min: 0.0, Avg: 0.0, Max: 0.0, Diff: 0.0, Sum: 0.0]
      [Code Root Scanning (ms): Min: 0.0, Avg: 0.0, Max: 0.0, Diff: 0.0, Sum: 0.0]
      [Object Copy (ms): Min: 0.5, Avg: 0.6, Max: 0.7, Diff: 0.2, Sum: 2.6]
      [Termination (ms): Min: 0.0, Avg: 0.0, Max: 0.1, Diff: 0.1, Sum: 0.1]
         [Termination Attempts: Min: 1, Avg: 1.0, Max: 1, Diff: 0, Sum: 4]
      [GC Worker Other (ms): Min: 0.0, Avg: 0.0, Max: 0.0, Diff: 0.0, Sum: 0.0]
      [GC Worker Total (ms): Min: 1.0, Avg: 1.0, Max: 1.0, Diff: 0.0, Sum: 3.9]
      [GC Worker End (ms): Min: 940.2, Avg: 940.2, Max: 940.2, Diff: 0.0]
   [Code Root Fixup: 0.0 ms]
   [Code Root Purge: 0.0 ms]
   [Clear CT: 0.1 ms]
   [Other: 0.4 ms]
      [Choose CSet: 0.0 ms]
      [Ref Proc: 0.1 ms]
      [Ref Enq: 0.0 ms]
      [Redirty Cards: 0.0 ms]
      [Humongous Register: 0.1 ms]
      [Humongous Reclaim: 0.0 ms]
      [Free CSet: 0.0 ms]
   [Eden: 5120.0K(35.0M)->0.0B(35.0M) Survivors: 4096.0K->2048.0K Heap: 358.3M(512.0M)->354.4M(512.0M)]
 [Times: user=0.00 sys=0.00, real=0.00 secs] 
2021-01-22T12:22:39.963-0800: 0.941: [GC concurrent-root-region-scan-start]
2021-01-22T12:22:39.963-0800: 0.941: [GC concurrent-root-region-scan-end, 0.0001127 secs]
2021-01-22T12:22:39.963-0800: 0.941: [GC concurrent-mark-start]
2021-01-22T12:22:39.965-0800: 0.943: [GC concurrent-mark-end, 0.0019588 secs]
2021-01-22T12:22:39.965-0800: 0.943: [GC remark 2021-01-22T12:22:39.965-0800: 0.943: [Finalize Marking, 0.0000712 secs] 2021-01-22T12:22:39.965-0800: 0.943: [GC ref-proc, 0.0000296 secs] 2021-01-22T12:22:39.966-0800: 0.943: [Unloading, 0.0005126 secs], 0.0019691 secs]
 [Times: user=0.00 sys=0.00, real=0.00 secs] 
2021-01-22T12:22:39.967-0800: 0.945: [GC cleanup 364M->364M(512M), 0.0005106 secs]
 [Times: user=0.00 sys=0.00, real=0.00 secs] 
2021-01-22T12:22:39.974-0800: 0.952: [GC pause (G1 Evacuation Pause) (young), 0.0039887 secs]
   [Parallel Time: 3.5 ms, GC Workers: 4]
      [GC Worker Start (ms): Min: 952.1, Avg: 952.2, Max: 952.2, Diff: 0.0]
      [Ext Root Scanning (ms): Min: 0.1, Avg: 0.1, Max: 0.2, Diff: 0.0, Sum: 0.6]
      [Update RS (ms): Min: 1.5, Avg: 1.6, Max: 1.6, Diff: 0.1, Sum: 6.3]
         [Processed Buffers: Min: 19, Avg: 19.5, Max: 20, Diff: 1, Sum: 78]
      [Scan RS (ms): Min: 0.0, Avg: 0.0, Max: 0.0, Diff: 0.0, Sum: 0.0]
      [Code Root Scanning (ms): Min: 0.0, Avg: 0.0, Max: 0.0, Diff: 0.0, Sum: 0.0]
      [Object Copy (ms): Min: 1.6, Avg: 1.6, Max: 1.7, Diff: 0.1, Sum: 6.6]
      [Termination (ms): Min: 0.0, Avg: 0.0, Max: 0.1, Diff: 0.1, Sum: 0.1]
         [Termination Attempts: Min: 1, Avg: 1.0, Max: 1, Diff: 0, Sum: 4]
      [GC Worker Other (ms): Min: 0.0, Avg: 0.0, Max: 0.0, Diff: 0.0, Sum: 0.1]
      [GC Worker Total (ms): Min: 3.4, Avg: 3.4, Max: 3.4, Diff: 0.0, Sum: 13.7]
      [GC Worker End (ms): Min: 955.6, Avg: 955.6, Max: 955.6, Diff: 0.0]
   [Code Root Fixup: 0.0 ms]
   [Code Root Purge: 0.0 ms]
   [Clear CT: 0.0 ms]
   [Other: 0.4 ms]
      [Choose CSet: 0.0 ms]
      [Ref Proc: 0.2 ms]
      [Ref Enq: 0.0 ms]
      [Redirty Cards: 0.0 ms]
      [Humongous Register: 0.1 ms]
      [Humongous Reclaim: 0.0 ms]
      [Free CSet: 0.0 ms]
   [Eden: 35.0M(35.0M)->0.0B(20.0M) Survivors: 2048.0K->5120.0K Heap: 398.5M(512.0M)->367.2M(512.0M)]
 [Times: user=0.02 sys=0.00, real=0.00 secs] 
2021-01-22T12:22:39.984-0800: 0.961: [GC pause (G1 Evacuation Pause) (mixed), 0.0067140 secs]
   [Parallel Time: 6.2 ms, GC Workers: 4]
      [GC Worker Start (ms): Min: 961.5, Avg: 961.6, Max: 961.6, Diff: 0.1]
      [Ext Root Scanning (ms): Min: 0.1, Avg: 0.1, Max: 0.2, Diff: 0.0, Sum: 0.6]
      [Update RS (ms): Min: 1.5, Avg: 1.5, Max: 1.5, Diff: 0.1, Sum: 6.0]
         [Processed Buffers: Min: 18, Avg: 18.8, Max: 20, Diff: 2, Sum: 75]
      [Scan RS (ms): Min: 0.0, Avg: 0.0, Max: 0.1, Diff: 0.1, Sum: 0.2]
      [Code Root Scanning (ms): Min: 0.0, Avg: 0.0, Max: 0.0, Diff: 0.0, Sum: 0.0]
      [Object Copy (ms): Min: 4.3, Avg: 4.3, Max: 4.4, Diff: 0.1, Sum: 17.3]
      [Termination (ms): Min: 0.0, Avg: 0.1, Max: 0.1, Diff: 0.1, Sum: 0.3]
         [Termination Attempts: Min: 1, Avg: 1.0, Max: 1, Diff: 0, Sum: 4]
      [GC Worker Other (ms): Min: 0.0, Avg: 0.0, Max: 0.0, Diff: 0.0, Sum: 0.1]
      [GC Worker Total (ms): Min: 6.1, Avg: 6.1, Max: 6.1, Diff: 0.0, Sum: 24.4]
      [GC Worker End (ms): Min: 967.7, Avg: 967.7, Max: 967.7, Diff: 0.0]
   [Code Root Fixup: 0.0 ms]
   [Code Root Purge: 0.0 ms]
   [Clear CT: 0.1 ms]
   [Other: 0.4 ms]
      [Choose CSet: 0.0 ms]
      [Ref Proc: 0.1 ms]
      [Ref Enq: 0.0 ms]
      [Redirty Cards: 0.1 ms]
      [Humongous Register: 0.1 ms]
      [Humongous Reclaim: 0.0 ms]
      [Free CSet: 0.0 ms]
   [Eden: 20.0M(20.0M)->0.0B(30.0M) Survivors: 5120.0K->4096.0K Heap: 395.9M(512.0M)->359.7M(512.0M)]
 [Times: user=0.02 sys=0.00, real=0.01 secs] 
2021-01-22T12:22:39.992-0800: 0.969: [GC pause (G1 Humongous Allocation) (young) (initial-mark), 0.0012912 secs]
   [Parallel Time: 0.9 ms, GC Workers: 4]
      [GC Worker Start (ms): Min: 969.3, Avg: 969.3, Max: 969.3, Diff: 0.0]
      [Ext Root Scanning (ms): Min: 0.1, Avg: 0.2, Max: 0.2, Diff: 0.0, Sum: 0.6]
      [Update RS (ms): Min: 0.1, Avg: 0.1, Max: 0.1, Diff: 0.1, Sum: 0.4]
         [Processed Buffers: Min: 1, Avg: 1.2, Max: 2, Diff: 1, Sum: 5]
      [Scan RS (ms): Min: 0.0, Avg: 0.0, Max: 0.0, Diff: 0.0, Sum: 0.0]
      [Code Root Scanning (ms): Min: 0.0, Avg: 0.0, Max: 0.0, Diff: 0.0, Sum: 0.0]
      [Object Copy (ms): Min: 0.4, Avg: 0.5, Max: 0.6, Diff: 0.2, Sum: 2.1]
      [Termination (ms): Min: 0.0, Avg: 0.0, Max: 0.1, Diff: 0.1, Sum: 0.2]
         [Termination Attempts: Min: 1, Avg: 1.0, Max: 1, Diff: 0, Sum: 4]
      [GC Worker Other (ms): Min: 0.0, Avg: 0.0, Max: 0.0, Diff: 0.0, Sum: 0.0]
      [GC Worker Total (ms): Min: 0.8, Avg: 0.9, Max: 0.9, Diff: 0.0, Sum: 3.4]
      [GC Worker End (ms): Min: 970.1, Avg: 970.2, Max: 970.2, Diff: 0.0]
   [Code Root Fixup: 0.0 ms]
   [Code Root Purge: 0.0 ms]
   [Clear CT: 0.0 ms]
   [Other: 0.3 ms]
      [Choose CSet: 0.0 ms]
      [Ref Proc: 0.1 ms]
      [Ref Enq: 0.0 ms]
      [Redirty Cards: 0.1 ms]
      [Humongous Register: 0.1 ms]
      [Humongous Reclaim: 0.0 ms]
      [Free CSet: 0.0 ms]
   [Eden: 4096.0K(30.0M)->0.0B(29.0M) Survivors: 4096.0K->1024.0K Heap: 363.2M(512.0M)->359.8M(512.0M)]
 [Times: user=0.01 sys=0.00, real=0.00 secs] 
2021-01-22T12:22:39.993-0800: 0.971: [GC concurrent-root-region-scan-start]
2021-01-22T12:22:39.993-0800: 0.971: [GC concurrent-root-region-scan-end, 0.0001103 secs]
2021-01-22T12:22:39.993-0800: 0.971: [GC concurrent-mark-start]
2021-01-22T12:22:39.995-0800: 0.973: [GC concurrent-mark-end, 0.0020882 secs]
2021-01-22T12:22:39.995-0800: 0.973: [GC remark 2021-01-22T12:22:39.995-0800: 0.973: [Finalize Marking, 0.0000776 secs] 2021-01-22T12:22:39.995-0800: 0.973: [GC ref-proc, 0.0000263 secs] 2021-01-22T12:22:39.995-0800: 0.973: [Unloading, 0.0005788 secs], 0.0019975 secs]
 [Times: user=0.01 sys=0.00, real=0.00 secs] 
2021-01-22T12:22:39.998-0800: 0.975: [GC cleanup 372M->372M(512M), 0.0006734 secs]
 [Times: user=0.00 sys=0.00, real=0.00 secs] 
2021-01-22T12:22:40.003-0800: 0.981: [GC pause (G1 Evacuation Pause) (young), 0.0037859 secs]
   [Parallel Time: 3.4 ms, GC Workers: 4]
      [GC Worker Start (ms): Min: 981.2, Avg: 981.3, Max: 981.4, Diff: 0.2]
      [Ext Root Scanning (ms): Min: 0.0, Avg: 0.1, Max: 0.2, Diff: 0.2, Sum: 0.5]
      [Update RS (ms): Min: 2.0, Avg: 2.0, Max: 2.2, Diff: 0.2, Sum: 8.1]
         [Processed Buffers: Min: 6, Avg: 20.8, Max: 29, Diff: 23, Sum: 83]
      [Scan RS (ms): Min: 0.0, Avg: 0.0, Max: 0.0, Diff: 0.0, Sum: 0.0]
      [Code Root Scanning (ms): Min: 0.0, Avg: 0.0, Max: 0.0, Diff: 0.0, Sum: 0.0]
      [Object Copy (ms): Min: 0.9, Avg: 1.0, Max: 1.0, Diff: 0.1, Sum: 3.9]
      [Termination (ms): Min: 0.0, Avg: 0.1, Max: 0.2, Diff: 0.2, Sum: 0.4]
         [Termination Attempts: Min: 1, Avg: 1.0, Max: 1, Diff: 0, Sum: 4]
      [GC Worker Other (ms): Min: 0.0, Avg: 0.0, Max: 0.0, Diff: 0.0, Sum: 0.1]
      [GC Worker Total (ms): Min: 3.1, Avg: 3.2, Max: 3.3, Diff: 0.2, Sum: 12.9]
      [GC Worker End (ms): Min: 984.5, Avg: 984.5, Max: 984.5, Diff: 0.0]
   [Code Root Fixup: 0.0 ms]
   [Code Root Purge: 0.0 ms]
   [Clear CT: 0.0 ms]
   [Other: 0.4 ms]
      [Choose CSet: 0.0 ms]
      [Ref Proc: 0.1 ms]
      [Ref Enq: 0.0 ms]
      [Redirty Cards: 0.0 ms]
      [Humongous Register: 0.1 ms]
      [Humongous Reclaim: 0.0 ms]
      [Free CSet: 0.0 ms]
   [Eden: 29.0M(29.0M)->0.0B(21.0M) Survivors: 1024.0K->4096.0K Heap: 398.4M(512.0M)->365.8M(512.0M)]
 [Times: user=0.01 sys=0.00, real=0.00 secs] 
2021-01-22T12:22:40.013-0800: 0.990: [GC pause (G1 Evacuation Pause) (mixed), 0.0068920 secs]
   [Parallel Time: 6.4 ms, GC Workers: 4]
      [GC Worker Start (ms): Min: 990.2, Avg: 990.4, Max: 990.8, Diff: 0.5]
      [Ext Root Scanning (ms): Min: 0.0, Avg: 0.1, Max: 0.2, Diff: 0.2, Sum: 0.5]
      [Update RS (ms): Min: 1.2, Avg: 1.5, Max: 1.6, Diff: 0.4, Sum: 6.0]
         [Processed Buffers: Min: 9, Avg: 15.0, Max: 20, Diff: 11, Sum: 60]
      [Scan RS (ms): Min: 0.0, Avg: 0.1, Max: 0.1, Diff: 0.0, Sum: 0.2]
      [Code Root Scanning (ms): Min: 0.0, Avg: 0.0, Max: 0.0, Diff: 0.0, Sum: 0.0]
      [Object Copy (ms): Min: 4.4, Avg: 4.4, Max: 4.5, Diff: 0.1, Sum: 17.8]
      [Termination (ms): Min: 0.0, Avg: 0.0, Max: 0.0, Diff: 0.0, Sum: 0.1]
         [Termination Attempts: Min: 1, Avg: 1.0, Max: 1, Diff: 0, Sum: 4]
      [GC Worker Other (ms): Min: 0.0, Avg: 0.0, Max: 0.0, Diff: 0.0, Sum: 0.1]
      [GC Worker Total (ms): Min: 5.8, Avg: 6.2, Max: 6.3, Diff: 0.6, Sum: 24.7]
      [GC Worker End (ms): Min: 996.5, Avg: 996.6, Max: 996.6, Diff: 0.0]
   [Code Root Fixup: 0.0 ms]
   [Code Root Purge: 0.0 ms]
   [Clear CT: 0.0 ms]
   [Other: 0.5 ms]
      [Choose CSet: 0.0 ms]
      [Ref Proc: 0.1 ms]
      [Ref Enq: 0.0 ms]
      [Redirty Cards: 0.1 ms]
      [Humongous Register: 0.1 ms]
      [Humongous Reclaim: 0.0 ms]
      [Free CSet: 0.1 ms]
   [Eden: 21.0M(21.0M)->0.0B(31.0M) Survivors: 4096.0K->4096.0K Heap: 393.8M(512.0M)->359.1M(512.0M)]
 [Times: user=0.02 sys=0.00, real=0.01 secs] 
2021-01-22T12:22:40.021-0800: 0.998: [GC pause (G1 Humongous Allocation) (young) (initial-mark), 0.0018798 secs]
   [Parallel Time: 1.4 ms, GC Workers: 4]
      [GC Worker Start (ms): Min: 998.4, Avg: 998.4, Max: 998.5, Diff: 0.0]
      [Ext Root Scanning (ms): Min: 0.1, Avg: 0.2, Max: 0.2, Diff: 0.0, Sum: 0.6]
      [Update RS (ms): Min: 0.1, Avg: 0.2, Max: 0.3, Diff: 0.2, Sum: 0.7]
         [Processed Buffers: Min: 1, Avg: 1.2, Max: 2, Diff: 1, Sum: 5]
      [Scan RS (ms): Min: 0.0, Avg: 0.0, Max: 0.0, Diff: 0.0, Sum: 0.0]
      [Code Root Scanning (ms): Min: 0.0, Avg: 0.0, Max: 0.0, Diff: 0.0, Sum: 0.0]
      [Object Copy (ms): Min: 0.6, Avg: 0.8, Max: 1.0, Diff: 0.3, Sum: 3.3]
      [Termination (ms): Min: 0.0, Avg: 0.2, Max: 0.2, Diff: 0.2, Sum: 0.7]
         [Termination Attempts: Min: 1, Avg: 1.0, Max: 1, Diff: 0, Sum: 4]
      [GC Worker Other (ms): Min: 0.0, Avg: 0.0, Max: 0.0, Diff: 0.0, Sum: 0.1]
      [GC Worker Total (ms): Min: 1.3, Avg: 1.3, Max: 1.4, Diff: 0.0, Sum: 5.3]
      [GC Worker End (ms): Min: 999.8, Avg: 999.8, Max: 999.8, Diff: 0.0]
   [Code Root Fixup: 0.0 ms]
   [Code Root Purge: 0.0 ms]
   [Clear CT: 0.1 ms]
   [Other: 0.4 ms]
      [Choose CSet: 0.0 ms]
      [Ref Proc: 0.1 ms]
      [Ref Enq: 0.0 ms]
      [Redirty Cards: 0.0 ms]
      [Humongous Register: 0.1 ms]
      [Humongous Reclaim: 0.0 ms]
      [Free CSet: 0.0 ms]
   [Eden: 6144.0K(31.0M)->0.0B(31.0M) Survivors: 4096.0K->2048.0K Heap: 364.4M(512.0M)->360.5M(512.0M)]
 [Times: user=0.01 sys=0.00, real=0.00 secs] 
2021-01-22T12:22:40.023-0800: 1.000: [GC concurrent-root-region-scan-start]
2021-01-22T12:22:40.023-0800: 1.000: [GC concurrent-root-region-scan-end, 0.0001015 secs]
2021-01-22T12:22:40.023-0800: 1.000: [GC concurrent-mark-start]
2021-01-22T12:22:40.025-0800: 1.002: [GC concurrent-mark-end, 0.0020594 secs]
2021-01-22T12:22:40.025-0800: 1.003: [GC remark 2021-01-22T12:22:40.025-0800: 1.003: [Finalize Marking, 0.0000933 secs] 2021-01-22T12:22:40.025-0800: 1.003: [GC ref-proc, 0.0000318 secs] 2021-01-22T12:22:40.025-0800: 1.003: [Unloading, 0.0005598 secs], 0.0020277 secs]
 [Times: user=0.01 sys=0.00, real=0.00 secs] 
2021-01-22T12:22:40.027-0800: 1.005: [GC cleanup 374M->374M(512M), 0.0005160 secs]
 [Times: user=0.00 sys=0.00, real=0.00 secs] 
2021-01-22T12:22:40.032-0800: 1.010: [GC pause (G1 Evacuation Pause) (young), 0.0038166 secs]
   [Parallel Time: 3.4 ms, GC Workers: 4]
      [GC Worker Start (ms): Min: 1009.6, Avg: 1009.7, Max: 1009.7, Diff: 0.0]
      [Ext Root Scanning (ms): Min: 0.1, Avg: 0.1, Max: 0.2, Diff: 0.0, Sum: 0.6]
      [Update RS (ms): Min: 1.1, Avg: 1.1, Max: 1.2, Diff: 0.1, Sum: 4.6]
         [Processed Buffers: Min: 13, Avg: 13.8, Max: 15, Diff: 2, Sum: 55]
      [Scan RS (ms): Min: 0.0, Avg: 0.0, Max: 0.0, Diff: 0.0, Sum: 0.0]
      [Code Root Scanning (ms): Min: 0.0, Avg: 0.0, Max: 0.0, Diff: 0.0, Sum: 0.0]
      [Object Copy (ms): Min: 1.8, Avg: 1.8, Max: 1.9, Diff: 0.1, Sum: 7.4]
      [Termination (ms): Min: 0.0, Avg: 0.1, Max: 0.2, Diff: 0.2, Sum: 0.4]
         [Termination Attempts: Min: 1, Avg: 1.0, Max: 1, Diff: 0, Sum: 4]
      [GC Worker Other (ms): Min: 0.0, Avg: 0.0, Max: 0.0, Diff: 0.0, Sum: 0.1]
      [GC Worker Total (ms): Min: 3.2, Avg: 3.3, Max: 3.3, Diff: 0.1, Sum: 13.0]
      [GC Worker End (ms): Min: 1012.9, Avg: 1012.9, Max: 1013.0, Diff: 0.1]
   [Code Root Fixup: 0.0 ms]
   [Code Root Purge: 0.0 ms]
   [Clear CT: 0.0 ms]
   [Other: 0.4 ms]
      [Choose CSet: 0.0 ms]
      [Ref Proc: 0.1 ms]
      [Ref Enq: 0.0 ms]
      [Redirty Cards: 0.1 ms]
      [Humongous Register: 0.1 ms]
      [Humongous Reclaim: 0.0 ms]
      [Free CSet: 0.0 ms]
   [Eden: 31.0M(31.0M)->0.0B(20.0M) Survivors: 2048.0K->5120.0K Heap: 397.7M(512.0M)->373.3M(512.0M)]
 [Times: user=0.01 sys=0.00, real=0.00 secs] 
2021-01-22T12:22:40.041-0800: 1.018: [GC pause (G1 Evacuation Pause) (mixed), 0.0069495 secs]
   [Parallel Time: 6.5 ms, GC Workers: 4]
      [GC Worker Start (ms): Min: 1018.6, Avg: 1018.7, Max: 1018.7, Diff: 0.0]
      [Ext Root Scanning (ms): Min: 0.1, Avg: 0.1, Max: 0.2, Diff: 0.0, Sum: 0.6]
      [Update RS (ms): Min: 1.5, Avg: 1.5, Max: 1.5, Diff: 0.1, Sum: 6.0]
         [Processed Buffers: Min: 18, Avg: 18.8, Max: 19, Diff: 1, Sum: 75]
      [Scan RS (ms): Min: 0.0, Avg: 0.0, Max: 0.1, Diff: 0.1, Sum: 0.2]
      [Code Root Scanning (ms): Min: 0.0, Avg: 0.0, Max: 0.0, Diff: 0.0, Sum: 0.0]
      [Object Copy (ms): Min: 4.7, Avg: 4.7, Max: 4.7, Diff: 0.0, Sum: 18.7]
      [Termination (ms): Min: 0.0, Avg: 0.0, Max: 0.0, Diff: 0.0, Sum: 0.1]
         [Termination Attempts: Min: 1, Avg: 1.0, Max: 1, Diff: 0, Sum: 4]
      [GC Worker Other (ms): Min: 0.0, Avg: 0.0, Max: 0.0, Diff: 0.0, Sum: 0.1]
      [GC Worker Total (ms): Min: 6.4, Avg: 6.4, Max: 6.4, Diff: 0.0, Sum: 25.7]
      [GC Worker End (ms): Min: 1025.1, Avg: 1025.1, Max: 1025.1, Diff: 0.0]
   [Code Root Fixup: 0.0 ms]
   [Code Root Purge: 0.0 ms]
   [Clear CT: 0.1 ms]
   [Other: 0.3 ms]
      [Choose CSet: 0.0 ms]
      [Ref Proc: 0.1 ms]
      [Ref Enq: 0.0 ms]
      [Redirty Cards: 0.0 ms]
      [Humongous Register: 0.1 ms]
      [Humongous Reclaim: 0.0 ms]
      [Free CSet: 0.0 ms]
   [Eden: 20.0M(20.0M)->0.0B(23.0M) Survivors: 5120.0K->4096.0K Heap: 402.1M(512.0M)->368.4M(512.0M)]
 [Times: user=0.03 sys=0.01, real=0.00 secs] 
2021-01-22T12:22:40.048-0800: 1.026: [GC pause (G1 Humongous Allocation) (young) (initial-mark), 0.0014664 secs]
   [Parallel Time: 1.0 ms, GC Workers: 4]
      [GC Worker Start (ms): Min: 1026.0, Avg: 1026.0, Max: 1026.0, Diff: 0.0]
      [Ext Root Scanning (ms): Min: 0.1, Avg: 0.2, Max: 0.2, Diff: 0.0, Sum: 0.6]
      [Update RS (ms): Min: 0.1, Avg: 0.1, Max: 0.2, Diff: 0.1, Sum: 0.5]
         [Processed Buffers: Min: 1, Avg: 1.2, Max: 2, Diff: 1, Sum: 5]
      [Scan RS (ms): Min: 0.0, Avg: 0.0, Max: 0.0, Diff: 0.0, Sum: 0.0]
      [Code Root Scanning (ms): Min: 0.0, Avg: 0.0, Max: 0.0, Diff: 0.0, Sum: 0.0]
      [Object Copy (ms): Min: 0.5, Avg: 0.6, Max: 0.6, Diff: 0.2, Sum: 2.3]
      [Termination (ms): Min: 0.0, Avg: 0.1, Max: 0.2, Diff: 0.2, Sum: 0.4]
         [Termination Attempts: Min: 1, Avg: 1.0, Max: 1, Diff: 0, Sum: 4]
      [GC Worker Other (ms): Min: 0.0, Avg: 0.0, Max: 0.0, Diff: 0.0, Sum: 0.0]
      [GC Worker Total (ms): Min: 0.9, Avg: 1.0, Max: 1.0, Diff: 0.1, Sum: 3.8]
      [GC Worker End (ms): Min: 1026.9, Avg: 1027.0, Max: 1027.0, Diff: 0.0]
   [Code Root Fixup: 0.0 ms]
   [Code Root Purge: 0.0 ms]
   [Clear CT: 0.0 ms]
   [Other: 0.4 ms]
      [Choose CSet: 0.0 ms]
      [Ref Proc: 0.1 ms]
      [Ref Enq: 0.0 ms]
      [Redirty Cards: 0.1 ms]
      [Humongous Register: 0.1 ms]
      [Humongous Reclaim: 0.0 ms]
      [Free CSet: 0.0 ms]
   [Eden: 2048.0K(23.0M)->0.0B(24.0M) Survivors: 4096.0K->1024.0K Heap: 369.5M(512.0M)->368.6M(512.0M)]
 [Times: user=0.00 sys=0.00, real=0.01 secs] 
2021-01-22T12:22:40.050-0800: 1.027: [GC concurrent-root-region-scan-start]
2021-01-22T12:22:40.050-0800: 1.028: [GC concurrent-root-region-scan-end, 0.0000351 secs]
2021-01-22T12:22:40.050-0800: 1.028: [GC concurrent-mark-start]
2021-01-22T12:22:40.053-0800: 1.030: [GC concurrent-mark-end, 0.0026031 secs]
2021-01-22T12:22:40.053-0800: 1.030: [GC remark 2021-01-22T12:22:40.053-0800: 1.030: [Finalize Marking, 0.0000720 secs] 2021-01-22T12:22:40.053-0800: 1.030: [GC ref-proc, 0.0000262 secs] 2021-01-22T12:22:40.053-0800: 1.030: [Unloading, 0.0004984 secs], 0.0019706 secs]
 [Times: user=0.00 sys=0.00, real=0.00 secs] 
2021-01-22T12:22:40.055-0800: 1.032: [GC cleanup 380M->380M(512M), 0.0005183 secs]
 [Times: user=0.00 sys=0.00, real=0.00 secs] 
2021-01-22T12:22:40.059-0800: 1.036: [GC pause (G1 Evacuation Pause) (young), 0.0028271 secs]
   [Parallel Time: 2.4 ms, GC Workers: 4]
      [GC Worker Start (ms): Min: 1036.3, Avg: 1036.3, Max: 1036.4, Diff: 0.0]
      [Ext Root Scanning (ms): Min: 0.1, Avg: 0.1, Max: 0.2, Diff: 0.0, Sum: 0.6]
      [Update RS (ms): Min: 1.0, Avg: 1.0, Max: 1.0, Diff: 0.0, Sum: 4.0]
         [Processed Buffers: Min: 12, Avg: 12.8, Max: 14, Diff: 2, Sum: 51]
      [Scan RS (ms): Min: 0.0, Avg: 0.0, Max: 0.0, Diff: 0.0, Sum: 0.0]
      [Code Root Scanning (ms): Min: 0.0, Avg: 0.0, Max: 0.0, Diff: 0.0, Sum: 0.0]
      [Object Copy (ms): Min: 1.1, Avg: 1.1, Max: 1.2, Diff: 0.1, Sum: 4.5]
      [Termination (ms): Min: 0.0, Avg: 0.0, Max: 0.1, Diff: 0.1, Sum: 0.2]
         [Termination Attempts: Min: 1, Avg: 1.0, Max: 1, Diff: 0, Sum: 4]
      [GC Worker Other (ms): Min: 0.0, Avg: 0.0, Max: 0.0, Diff: 0.0, Sum: 0.1]
      [GC Worker Total (ms): Min: 2.3, Avg: 2.3, Max: 2.4, Diff: 0.0, Sum: 9.4]
      [GC Worker End (ms): Min: 1038.7, Avg: 1038.7, Max: 1038.7, Diff: 0.0]
   [Code Root Fixup: 0.0 ms]
   [Code Root Purge: 0.0 ms]
   [Clear CT: 0.1 ms]
   [Other: 0.3 ms]
      [Choose CSet: 0.0 ms]
      [Ref Proc: 0.1 ms]
      [Ref Enq: 0.0 ms]
      [Redirty Cards: 0.0 ms]
      [Humongous Register: 0.1 ms]
      [Humongous Reclaim: 0.0 ms]
      [Free CSet: 0.0 ms]
   [Eden: 24.0M(24.0M)->0.0B(21.0M) Survivors: 1024.0K->4096.0K Heap: 398.3M(512.0M)->376.4M(512.0M)]
 [Times: user=0.01 sys=0.00, real=0.01 secs] 
2021-01-22T12:22:40.066-0800: 1.044: [GC pause (G1 Evacuation Pause) (mixed), 0.0063844 secs]
   [Parallel Time: 5.9 ms, GC Workers: 4]
      [GC Worker Start (ms): Min: 1044.1, Avg: 1044.1, Max: 1044.3, Diff: 0.2]
      [Ext Root Scanning (ms): Min: 0.0, Avg: 0.1, Max: 0.2, Diff: 0.2, Sum: 0.5]
      [Update RS (ms): Min: 0.9, Avg: 0.9, Max: 0.9, Diff: 0.1, Sum: 3.6]
         [Processed Buffers: Min: 10, Avg: 11.2, Max: 12, Diff: 2, Sum: 45]
      [Scan RS (ms): Min: 0.0, Avg: 0.1, Max: 0.1, Diff: 0.1, Sum: 0.3]
      [Code Root Scanning (ms): Min: 0.0, Avg: 0.0, Max: 0.0, Diff: 0.0, Sum: 0.0]
      [Object Copy (ms): Min: 4.5, Avg: 4.6, Max: 4.6, Diff: 0.1, Sum: 18.3]
      [Termination (ms): Min: 0.0, Avg: 0.0, Max: 0.1, Diff: 0.1, Sum: 0.2]
         [Termination Attempts: Min: 1, Avg: 1.0, Max: 1, Diff: 0, Sum: 4]
      [GC Worker Other (ms): Min: 0.0, Avg: 0.0, Max: 0.0, Diff: 0.0, Sum: 0.1]
      [GC Worker Total (ms): Min: 5.6, Avg: 5.7, Max: 5.8, Diff: 0.2, Sum: 22.9]
      [GC Worker End (ms): Min: 1049.9, Avg: 1049.9, Max: 1049.9, Diff: 0.0]
   [Code Root Fixup: 0.0 ms]
   [Code Root Purge: 0.0 ms]
   [Clear CT: 0.1 ms]
   [Other: 0.4 ms]
      [Choose CSet: 0.0 ms]
      [Ref Proc: 0.1 ms]
      [Ref Enq: 0.0 ms]
      [Redirty Cards: 0.0 ms]
      [Humongous Register: 0.1 ms]
      [Humongous Reclaim: 0.0 ms]
      [Free CSet: 0.0 ms]
   [Eden: 21.0M(21.0M)->0.0B(24.0M) Survivors: 4096.0K->4096.0K Heap: 402.4M(512.0M)->368.8M(512.0M)]
 [Times: user=0.02 sys=0.00, real=0.01 secs] 
2021-01-22T12:22:40.073-0800: 1.051: [GC pause (G1 Humongous Allocation) (young) (initial-mark), 0.0013261 secs]
   [Parallel Time: 1.0 ms, GC Workers: 4]
      [GC Worker Start (ms): Min: 1050.7, Avg: 1050.7, Max: 1050.7, Diff: 0.0]
      [Ext Root Scanning (ms): Min: 0.1, Avg: 0.1, Max: 0.2, Diff: 0.0, Sum: 0.6]
      [Update RS (ms): Min: 0.1, Avg: 0.1, Max: 0.2, Diff: 0.1, Sum: 0.6]
         [Processed Buffers: Min: 1, Avg: 1.2, Max: 2, Diff: 1, Sum: 5]
      [Scan RS (ms): Min: 0.0, Avg: 0.0, Max: 0.0, Diff: 0.0, Sum: 0.0]
      [Code Root Scanning (ms): Min: 0.0, Avg: 0.0, Max: 0.0, Diff: 0.0, Sum: 0.0]
      [Object Copy (ms): Min: 0.4, Avg: 0.5, Max: 0.6, Diff: 0.2, Sum: 2.2]
      [Termination (ms): Min: 0.0, Avg: 0.1, Max: 0.1, Diff: 0.1, Sum: 0.3]
         [Termination Attempts: Min: 1, Avg: 1.0, Max: 1, Diff: 0, Sum: 4]
      [GC Worker Other (ms): Min: 0.0, Avg: 0.0, Max: 0.0, Diff: 0.0, Sum: 0.1]
      [GC Worker Total (ms): Min: 0.9, Avg: 0.9, Max: 0.9, Diff: 0.0, Sum: 3.6]
      [GC Worker End (ms): Min: 1051.6, Avg: 1051.6, Max: 1051.6, Diff: 0.0]
   [Code Root Fixup: 0.0 ms]
   [Code Root Purge: 0.0 ms]
   [Clear CT: 0.0 ms]
   [Other: 0.3 ms]
      [Choose CSet: 0.0 ms]
      [Ref Proc: 0.1 ms]
      [Ref Enq: 0.0 ms]
      [Redirty Cards: 0.0 ms]
      [Humongous Register: 0.1 ms]
      [Humongous Reclaim: 0.0 ms]
      [Free CSet: 0.0 ms]
   [Eden: 1024.0K(24.0M)->0.0B(24.0M) Survivors: 4096.0K->1024.0K Heap: 369.5M(512.0M)->369.3M(512.0M)]
 [Times: user=0.00 sys=0.00, real=0.00 secs] 
2021-01-22T12:22:40.074-0800: 1.052: [GC concurrent-root-region-scan-start]
2021-01-22T12:22:40.074-0800: 1.052: [GC concurrent-root-region-scan-end, 0.0000311 secs]
2021-01-22T12:22:40.074-0800: 1.052: [GC concurrent-mark-start]
2021-01-22T12:22:40.077-0800: 1.054: [GC concurrent-mark-end, 0.0023553 secs]
2021-01-22T12:22:40.077-0800: 1.054: [GC remark 2021-01-22T12:22:40.077-0800: 1.055: [Finalize Marking, 0.0000698 secs] 2021-01-22T12:22:40.077-0800: 1.055: [GC ref-proc, 0.0000304 secs] 2021-01-22T12:22:40.077-0800: 1.055: [Unloading, 0.0005859 secs], 0.0024264 secs]
 [Times: user=0.01 sys=0.00, real=0.00 secs] 
2021-01-22T12:22:40.080-0800: 1.057: [GC cleanup 380M->380M(512M), 0.0005384 secs]
 [Times: user=0.00 sys=0.00, real=0.00 secs] 
2021-01-22T12:22:40.084-0800: 1.062: [GC pause (G1 Evacuation Pause) (young), 0.0035057 secs]
   [Parallel Time: 3.0 ms, GC Workers: 4]
      [GC Worker Start (ms): Min: 1061.8, Avg: 1062.2, Max: 1062.8, Diff: 1.0]
      [Ext Root Scanning (ms): Min: 0.0, Avg: 0.1, Max: 0.2, Diff: 0.2, Sum: 0.3]
      [Update RS (ms): Min: 0.6, Avg: 1.2, Max: 1.6, Diff: 1.0, Sum: 4.7]
         [Processed Buffers: Min: 8, Avg: 13.5, Max: 20, Diff: 12, Sum: 54]
      [Scan RS (ms): Min: 0.0, Avg: 0.0, Max: 0.0, Diff: 0.0, Sum: 0.0]
      [Code Root Scanning (ms): Min: 0.0, Avg: 0.0, Max: 0.0, Diff: 0.0, Sum: 0.0]
      [Object Copy (ms): Min: 1.1, Avg: 1.2, Max: 1.3, Diff: 0.2, Sum: 4.8]
      [Termination (ms): Min: 0.0, Avg: 0.1, Max: 0.1, Diff: 0.1, Sum: 0.3]
         [Termination Attempts: Min: 1, Avg: 1.0, Max: 1, Diff: 0, Sum: 4]
      [GC Worker Other (ms): Min: 0.0, Avg: 0.0, Max: 0.0, Diff: 0.0, Sum: 0.0]
      [GC Worker Total (ms): Min: 1.9, Avg: 2.6, Max: 3.0, Diff: 1.0, Sum: 10.3]
      [GC Worker End (ms): Min: 1064.7, Avg: 1064.7, Max: 1064.7, Diff: 0.0]
   [Code Root Fixup: 0.0 ms]
   [Code Root Purge: 0.0 ms]
   [Clear CT: 0.1 ms]
   [Other: 0.4 ms]
      [Choose CSet: 0.0 ms]
      [Ref Proc: 0.1 ms]
      [Ref Enq: 0.0 ms]
      [Redirty Cards: 0.0 ms]
      [Humongous Register: 0.1 ms]
      [Humongous Reclaim: 0.0 ms]
      [Free CSet: 0.0 ms]
   [Eden: 24.0M(24.0M)->0.0B(21.0M) Survivors: 1024.0K->4096.0K Heap: 399.3M(512.0M)->378.5M(512.0M)]
 [Times: user=0.01 sys=0.00, real=0.00 secs] 
2021-01-22T12:22:40.092-0800: 1.070: [GC pause (G1 Evacuation Pause) (mixed), 0.0057142 secs]
   [Parallel Time: 5.3 ms, GC Workers: 4]
      [GC Worker Start (ms): Min: 1070.2, Avg: 1070.3, Max: 1070.7, Diff: 0.5]
      [Ext Root Scanning (ms): Min: 0.0, Avg: 0.1, Max: 0.2, Diff: 0.2, Sum: 0.5]
      [Update RS (ms): Min: 1.1, Avg: 1.1, Max: 1.2, Diff: 0.1, Sum: 4.5]
         [Processed Buffers: Min: 1, Avg: 10.2, Max: 14, Diff: 13, Sum: 41]
      [Scan RS (ms): Min: 0.0, Avg: 0.0, Max: 0.1, Diff: 0.1, Sum: 0.2]
      [Code Root Scanning (ms): Min: 0.0, Avg: 0.0, Max: 0.0, Diff: 0.0, Sum: 0.0]
      [Object Copy (ms): Min: 3.4, Avg: 3.7, Max: 3.9, Diff: 0.5, Sum: 14.9]
      [Termination (ms): Min: 0.0, Avg: 0.1, Max: 0.1, Diff: 0.1, Sum: 0.3]
         [Termination Attempts: Min: 1, Avg: 1.0, Max: 1, Diff: 0, Sum: 4]
      [GC Worker Other (ms): Min: 0.0, Avg: 0.0, Max: 0.0, Diff: 0.0, Sum: 0.0]
      [GC Worker Total (ms): Min: 4.7, Avg: 5.1, Max: 5.3, Diff: 0.5, Sum: 20.5]
      [GC Worker End (ms): Min: 1075.4, Avg: 1075.4, Max: 1075.4, Diff: 0.0]
   [Code Root Fixup: 0.0 ms]
   [Code Root Purge: 0.0 ms]
   [Clear CT: 0.0 ms]
   [Other: 0.4 ms]
      [Choose CSet: 0.0 ms]
      [Ref Proc: 0.1 ms]
      [Ref Enq: 0.0 ms]
      [Redirty Cards: 0.0 ms]
      [Humongous Register: 0.1 ms]
      [Humongous Reclaim: 0.0 ms]
      [Free CSet: 0.0 ms]
   [Eden: 21.0M(21.0M)->0.0B(21.0M) Survivors: 4096.0K->4096.0K Heap: 404.0M(512.0M)->375.3M(512.0M)]
 [Times: user=0.02 sys=0.00, real=0.00 secs] 
2021-01-22T12:22:40.099-0800: 1.077: [GC pause (G1 Humongous Allocation) (young) (initial-mark), 0.0018050 secs]
   [Parallel Time: 1.3 ms, GC Workers: 4]
      [GC Worker Start (ms): Min: 1076.9, Avg: 1076.9, Max: 1076.9, Diff: 0.0]
      [Ext Root Scanning (ms): Min: 0.2, Avg: 0.2, Max: 0.2, Diff: 0.1, Sum: 0.9]
      [Update RS (ms): Min: 0.0, Avg: 0.4, Max: 0.9, Diff: 0.8, Sum: 1.4]
         [Processed Buffers: Min: 1, Avg: 1.2, Max: 2, Diff: 1, Sum: 5]
      [Scan RS (ms): Min: 0.0, Avg: 0.0, Max: 0.0, Diff: 0.0, Sum: 0.0]
      [Code Root Scanning (ms): Min: 0.0, Avg: 0.0, Max: 0.0, Diff: 0.0, Sum: 0.0]
      [Object Copy (ms): Min: 0.1, Avg: 0.4, Max: 0.7, Diff: 0.6, Sum: 1.7]
      [Termination (ms): Min: 0.1, Avg: 0.3, Max: 0.5, Diff: 0.3, Sum: 1.1]
         [Termination Attempts: Min: 1, Avg: 2.0, Max: 3, Diff: 2, Sum: 8]
      [GC Worker Other (ms): Min: 0.0, Avg: 0.0, Max: 0.0, Diff: 0.0, Sum: 0.1]
      [GC Worker Total (ms): Min: 1.3, Avg: 1.3, Max: 1.3, Diff: 0.0, Sum: 5.1]
      [GC Worker End (ms): Min: 1078.2, Avg: 1078.2, Max: 1078.2, Diff: 0.0]
   [Code Root Fixup: 0.0 ms]
   [Code Root Purge: 0.0 ms]
   [Clear CT: 0.0 ms]
   [Other: 0.4 ms]
      [Choose CSet: 0.0 ms]
      [Ref Proc: 0.1 ms]
      [Ref Enq: 0.0 ms]
      [Redirty Cards: 0.0 ms]
      [Humongous Register: 0.1 ms]
      [Humongous Reclaim: 0.0 ms]
      [Free CSet: 0.0 ms]
   [Eden: 4096.0K(21.0M)->0.0B(23.0M) Survivors: 4096.0K->2048.0K Heap: 379.2M(512.0M)->374.7M(512.0M)]
 [Times: user=0.00 sys=0.00, real=0.01 secs] 
2021-01-22T12:22:40.101-0800: 1.079: [GC concurrent-root-region-scan-start]
2021-01-22T12:22:40.101-0800: 1.079: [GC concurrent-root-region-scan-end, 0.0000871 secs]
2021-01-22T12:22:40.101-0800: 1.079: [GC concurrent-mark-start]
2021-01-22T12:22:40.103-0800: 1.081: [GC concurrent-mark-end, 0.0017790 secs]
2021-01-22T12:22:40.103-0800: 1.081: [GC remark 2021-01-22T12:22:40.103-0800: 1.081: [Finalize Marking, 0.0001433 secs] 2021-01-22T12:22:40.103-0800: 1.081: [GC ref-proc, 0.0000272 secs] 2021-01-22T12:22:40.103-0800: 1.081: [Unloading, 0.0006321 secs], 0.0023946 secs]
 [Times: user=0.01 sys=0.00, real=0.00 secs] 
2021-01-22T12:22:40.106-0800: 1.083: [GC cleanup 383M->383M(512M), 0.0005195 secs]
 [Times: user=0.00 sys=0.00, real=0.00 secs] 
Heap
 garbage-first heap   total 524288K, used 401236K [0x00000007a0000000, 0x00000007a0101000, 0x00000007c0000000)
  region size 1024K, 15 young (15360K), 2 survivors (2048K)
 Metaspace       used 2741K, capacity 4486K, committed 4864K, reserved 1056768K
  class space    used 296K, capacity 386K, committed 512K, reserved 1048576K
