Java HotSpot(TM) 64-Bit Server VM (25.231-b11) for bsd-amd64 JRE (1.8.0_231-b11), built on Oct  5 2019 03:15:25 by "java_re" with gcc 4.2.1 (Based on Apple Inc. build 5658) (LLVM build 2336.11.00)
Memory: 4k page, physical 16777216k(1604712k free)

/proc/meminfo:

CommandLine flags: -XX:InitialHeapSize=134217728 -XX:MaxHeapSize=134217728 -XX:+PrintGC -XX:+PrintGCDateStamps -XX:+PrintGCDetails -XX:+PrintGCTimeStamps -XX:+UseCompressedClassPointers -XX:+UseCompressedOops -XX:+UseG1GC 
2021-01-22T12:20:00.021-0800: 0.102: [GC pause (G1 Evacuation Pause) (young), 0.0047992 secs]
   [Parallel Time: 4.0 ms, GC Workers: 4]
      [GC Worker Start (ms): Min: 102.5, Avg: 103.6, Max: 105.0, Diff: 2.5]
      [Ext Root Scanning (ms): Min: 0.0, Avg: 0.3, Max: 0.8, Diff: 0.8, Sum: 1.3]
      [Update RS (ms): Min: 0.0, Avg: 0.0, Max: 0.0, Diff: 0.0, Sum: 0.0]
         [Processed Buffers: Min: 0, Avg: 0.0, Max: 0, Diff: 0, Sum: 0]
      [Scan RS (ms): Min: 0.0, Avg: 0.0, Max: 0.0, Diff: 0.0, Sum: 0.0]
      [Code Root Scanning (ms): Min: 0.0, Avg: 0.0, Max: 0.0, Diff: 0.0, Sum: 0.0]
      [Object Copy (ms): Min: 0.8, Avg: 1.5, Max: 2.8, Diff: 2.0, Sum: 6.1]
      [Termination (ms): Min: 0.0, Avg: 0.7, Max: 1.3, Diff: 1.3, Sum: 2.8]
         [Termination Attempts: Min: 1, Avg: 1.2, Max: 2, Diff: 1, Sum: 5]
      [GC Worker Other (ms): Min: 0.0, Avg: 0.0, Max: 0.0, Diff: 0.0, Sum: 0.1]
      [GC Worker Total (ms): Min: 1.2, Avg: 2.6, Max: 3.6, Diff: 2.5, Sum: 10.2]
      [GC Worker End (ms): Min: 106.1, Avg: 106.1, Max: 106.2, Diff: 0.1]
   [Code Root Fixup: 0.0 ms]
   [Code Root Purge: 0.0 ms]
   [Clear CT: 0.2 ms]
   [Other: 0.6 ms]
      [Choose CSet: 0.0 ms]
      [Ref Proc: 0.3 ms]
      [Ref Enq: 0.0 ms]
      [Redirty Cards: 0.1 ms]
      [Humongous Register: 0.0 ms]
      [Humongous Reclaim: 0.1 ms]
      [Free CSet: 0.0 ms]
   [Eden: 14.0M(14.0M)->0.0B(13.0M) Survivors: 0.0B->2048.0K Heap: 20.6M(128.0M)->8761.3K(128.0M)]
 [Times: user=0.00 sys=0.00, real=0.00 secs] 
2021-01-22T12:20:00.040-0800: 0.122: [GC pause (G1 Evacuation Pause) (young), 0.0036808 secs]
   [Parallel Time: 3.3 ms, GC Workers: 4]
      [GC Worker Start (ms): Min: 121.7, Avg: 122.0, Max: 122.4, Diff: 0.7]
      [Ext Root Scanning (ms): Min: 0.0, Avg: 0.1, Max: 0.3, Diff: 0.3, Sum: 0.5]
      [Update RS (ms): Min: 0.0, Avg: 0.0, Max: 0.0, Diff: 0.0, Sum: 0.0]
         [Processed Buffers: Min: 0, Avg: 0.8, Max: 3, Diff: 3, Sum: 3]
      [Scan RS (ms): Min: 0.0, Avg: 0.0, Max: 0.0, Diff: 0.0, Sum: 0.0]
      [Code Root Scanning (ms): Min: 0.0, Avg: 0.0, Max: 0.0, Diff: 0.0, Sum: 0.0]
      [Object Copy (ms): Min: 2.1, Avg: 2.4, Max: 2.8, Diff: 0.7, Sum: 9.6]
      [Termination (ms): Min: 0.0, Avg: 0.3, Max: 0.5, Diff: 0.5, Sum: 1.3]
         [Termination Attempts: Min: 1, Avg: 1.0, Max: 1, Diff: 0, Sum: 4]
      [GC Worker Other (ms): Min: 0.0, Avg: 0.0, Max: 0.0, Diff: 0.0, Sum: 0.0]
      [GC Worker Total (ms): Min: 2.5, Avg: 2.9, Max: 3.2, Diff: 0.7, Sum: 11.5]
      [GC Worker End (ms): Min: 124.9, Avg: 124.9, Max: 124.9, Diff: 0.1]
   [Code Root Fixup: 0.0 ms]
   [Code Root Purge: 0.0 ms]
   [Clear CT: 0.0 ms]
   [Other: 0.3 ms]
      [Choose CSet: 0.0 ms]
      [Ref Proc: 0.2 ms]
      [Ref Enq: 0.0 ms]
      [Redirty Cards: 0.0 ms]
      [Humongous Register: 0.0 ms]
      [Humongous Reclaim: 0.0 ms]
      [Free CSet: 0.0 ms]
   [Eden: 13.0M(13.0M)->0.0B(25.0M) Survivors: 2048.0K->2048.0K Heap: 24.0M(128.0M)->14.2M(128.0M)]
 [Times: user=0.01 sys=0.01, real=0.00 secs] 
2021-01-22T12:20:00.065-0800: 0.146: [GC pause (G1 Evacuation Pause) (young), 0.0047289 secs]
   [Parallel Time: 4.4 ms, GC Workers: 4]
      [GC Worker Start (ms): Min: 146.3, Avg: 146.5, Max: 146.8, Diff: 0.5]
      [Ext Root Scanning (ms): Min: 0.0, Avg: 0.1, Max: 0.2, Diff: 0.2, Sum: 0.5]
      [Update RS (ms): Min: 0.0, Avg: 0.1, Max: 0.4, Diff: 0.4, Sum: 0.6]
         [Processed Buffers: Min: 0, Avg: 1.5, Max: 3, Diff: 3, Sum: 6]
      [Scan RS (ms): Min: 0.0, Avg: 0.0, Max: 0.0, Diff: 0.0, Sum: 0.0]
      [Code Root Scanning (ms): Min: 0.0, Avg: 0.0, Max: 0.0, Diff: 0.0, Sum: 0.0]
      [Object Copy (ms): Min: 3.4, Avg: 3.7, Max: 4.0, Diff: 0.7, Sum: 14.9]
      [Termination (ms): Min: 0.0, Avg: 0.1, Max: 0.3, Diff: 0.3, Sum: 0.6]
         [Termination Attempts: Min: 1, Avg: 1.0, Max: 1, Diff: 0, Sum: 4]
      [GC Worker Other (ms): Min: 0.0, Avg: 0.0, Max: 0.0, Diff: 0.0, Sum: 0.0]
      [GC Worker Total (ms): Min: 3.8, Avg: 4.2, Max: 4.3, Diff: 0.5, Sum: 16.6]
      [GC Worker End (ms): Min: 150.6, Avg: 150.6, Max: 150.6, Diff: 0.0]
   [Code Root Fixup: 0.0 ms]
   [Code Root Purge: 0.0 ms]
   [Clear CT: 0.1 ms]
   [Other: 0.3 ms]
      [Choose CSet: 0.0 ms]
      [Ref Proc: 0.2 ms]
      [Ref Enq: 0.0 ms]
      [Redirty Cards: 0.0 ms]
      [Humongous Register: 0.0 ms]
      [Humongous Reclaim: 0.0 ms]
      [Free CSet: 0.0 ms]
   [Eden: 25.0M(25.0M)->0.0B(34.0M) Survivors: 2048.0K->4096.0K Heap: 42.4M(128.0M)->22.8M(128.0M)]
 [Times: user=0.01 sys=0.01, real=0.01 secs] 
2021-01-22T12:20:00.086-0800: 0.168: [GC pause (G1 Evacuation Pause) (young), 0.0065715 secs]
   [Parallel Time: 6.3 ms, GC Workers: 4]
      [GC Worker Start (ms): Min: 167.6, Avg: 167.7, Max: 167.7, Diff: 0.0]
      [Ext Root Scanning (ms): Min: 0.1, Avg: 0.1, Max: 0.2, Diff: 0.0, Sum: 0.6]
      [Update RS (ms): Min: 0.0, Avg: 0.0, Max: 0.0, Diff: 0.0, Sum: 0.1]
         [Processed Buffers: Min: 1, Avg: 1.2, Max: 2, Diff: 1, Sum: 5]
      [Scan RS (ms): Min: 0.0, Avg: 0.0, Max: 0.0, Diff: 0.0, Sum: 0.0]
      [Code Root Scanning (ms): Min: 0.0, Avg: 0.0, Max: 0.0, Diff: 0.0, Sum: 0.0]
      [Object Copy (ms): Min: 5.8, Avg: 5.9, Max: 6.0, Diff: 0.2, Sum: 23.7]
      [Termination (ms): Min: 0.0, Avg: 0.1, Max: 0.2, Diff: 0.2, Sum: 0.3]
         [Termination Attempts: Min: 1, Avg: 1.0, Max: 1, Diff: 0, Sum: 4]
      [GC Worker Other (ms): Min: 0.0, Avg: 0.0, Max: 0.0, Diff: 0.0, Sum: 0.0]
      [GC Worker Total (ms): Min: 6.2, Avg: 6.2, Max: 6.2, Diff: 0.0, Sum: 24.8]
      [GC Worker End (ms): Min: 173.8, Avg: 173.9, Max: 173.9, Diff: 0.0]
   [Code Root Fixup: 0.0 ms]
   [Code Root Purge: 0.0 ms]
   [Clear CT: 0.0 ms]
   [Other: 0.3 ms]
      [Choose CSet: 0.0 ms]
      [Ref Proc: 0.1 ms]
      [Ref Enq: 0.0 ms]
      [Redirty Cards: 0.1 ms]
      [Humongous Register: 0.0 ms]
      [Humongous Reclaim: 0.0 ms]
      [Free CSet: 0.0 ms]
   [Eden: 34.0M(34.0M)->0.0B(40.0M) Survivors: 4096.0K->5120.0K Heap: 63.7M(128.0M)->35.0M(128.0M)]
 [Times: user=0.01 sys=0.02, real=0.01 secs] 
2021-01-22T12:20:00.107-0800: 0.188: [GC pause (G1 Evacuation Pause) (young), 0.0076626 secs]
   [Parallel Time: 7.4 ms, GC Workers: 4]
      [GC Worker Start (ms): Min: 188.4, Avg: 188.4, Max: 188.5, Diff: 0.0]
      [Ext Root Scanning (ms): Min: 0.1, Avg: 0.1, Max: 0.2, Diff: 0.0, Sum: 0.6]
      [Update RS (ms): Min: 0.5, Avg: 0.6, Max: 0.6, Diff: 0.1, Sum: 2.3]
         [Processed Buffers: Min: 7, Avg: 8.0, Max: 9, Diff: 2, Sum: 32]
      [Scan RS (ms): Min: 0.0, Avg: 0.0, Max: 0.0, Diff: 0.0, Sum: 0.0]
      [Code Root Scanning (ms): Min: 0.0, Avg: 0.0, Max: 0.0, Diff: 0.0, Sum: 0.0]
      [Object Copy (ms): Min: 6.5, Avg: 6.6, Max: 6.7, Diff: 0.1, Sum: 26.3]
      [Termination (ms): Min: 0.0, Avg: 0.0, Max: 0.1, Diff: 0.1, Sum: 0.1]
         [Termination Attempts: Min: 1, Avg: 1.0, Max: 1, Diff: 0, Sum: 4]
      [GC Worker Other (ms): Min: 0.0, Avg: 0.0, Max: 0.0, Diff: 0.0, Sum: 0.1]
      [GC Worker Total (ms): Min: 7.3, Avg: 7.3, Max: 7.4, Diff: 0.0, Sum: 29.3]
      [GC Worker End (ms): Min: 195.8, Avg: 195.8, Max: 195.8, Diff: 0.0]
   [Code Root Fixup: 0.0 ms]
   [Code Root Purge: 0.0 ms]
   [Clear CT: 0.0 ms]
   [Other: 0.2 ms]
      [Choose CSet: 0.0 ms]
      [Ref Proc: 0.1 ms]
      [Ref Enq: 0.0 ms]
      [Redirty Cards: 0.0 ms]
      [Humongous Register: 0.0 ms]
      [Humongous Reclaim: 0.0 ms]
      [Free CSet: 0.0 ms]
   [Eden: 40.0M(40.0M)->0.0B(38.0M) Survivors: 5120.0K->6144.0K Heap: 84.1M(128.0M)->52.9M(128.0M)]
 [Times: user=0.01 sys=0.02, real=0.01 secs] 
2021-01-22T12:20:00.117-0800: 0.198: [GC pause (G1 Humongous Allocation) (young) (initial-mark), 0.0028741 secs]
   [Parallel Time: 2.6 ms, GC Workers: 4]
      [GC Worker Start (ms): Min: 197.8, Avg: 197.8, Max: 197.9, Diff: 0.1]
      [Ext Root Scanning (ms): Min: 0.1, Avg: 0.2, Max: 0.2, Diff: 0.1, Sum: 0.6]
      [Update RS (ms): Min: 0.4, Avg: 0.5, Max: 0.5, Diff: 0.1, Sum: 1.8]
         [Processed Buffers: Min: 2, Avg: 5.8, Max: 8, Diff: 6, Sum: 23]
      [Scan RS (ms): Min: 0.0, Avg: 0.0, Max: 0.0, Diff: 0.0, Sum: 0.0]
      [Code Root Scanning (ms): Min: 0.0, Avg: 0.0, Max: 0.0, Diff: 0.0, Sum: 0.0]
      [Object Copy (ms): Min: 1.8, Avg: 1.8, Max: 1.9, Diff: 0.1, Sum: 7.3]
      [Termination (ms): Min: 0.0, Avg: 0.1, Max: 0.1, Diff: 0.1, Sum: 0.2]
         [Termination Attempts: Min: 1, Avg: 1.0, Max: 1, Diff: 0, Sum: 4]
      [GC Worker Other (ms): Min: 0.0, Avg: 0.0, Max: 0.0, Diff: 0.0, Sum: 0.0]
      [GC Worker Total (ms): Min: 2.5, Avg: 2.5, Max: 2.5, Diff: 0.0, Sum: 10.0]
      [GC Worker End (ms): Min: 200.3, Avg: 200.3, Max: 200.4, Diff: 0.0]
   [Code Root Fixup: 0.0 ms]
   [Code Root Purge: 0.0 ms]
   [Clear CT: 0.0 ms]
   [Other: 0.3 ms]
      [Choose CSet: 0.0 ms]
      [Ref Proc: 0.1 ms]
      [Ref Enq: 0.0 ms]
      [Redirty Cards: 0.0 ms]
      [Humongous Register: 0.0 ms]
      [Humongous Reclaim: 0.0 ms]
      [Free CSet: 0.0 ms]
   [Eden: 7168.0K(38.0M)->0.0B(35.0M) Survivors: 6144.0K->2048.0K Heap: 61.5M(128.0M)->55.6M(128.0M)]
 [Times: user=0.00 sys=0.00, real=0.00 secs] 
2021-01-22T12:20:00.120-0800: 0.201: [GC concurrent-root-region-scan-start]
2021-01-22T12:20:00.120-0800: 0.201: [GC concurrent-root-region-scan-end, 0.0001109 secs]
2021-01-22T12:20:00.120-0800: 0.201: [GC concurrent-mark-start]
2021-01-22T12:20:00.121-0800: 0.202: [GC concurrent-mark-end, 0.0012175 secs]
2021-01-22T12:20:00.121-0800: 0.202: [GC remark 2021-01-22T12:20:00.121-0800: 0.202: [Finalize Marking, 0.0000982 secs] 2021-01-22T12:20:00.121-0800: 0.202: [GC ref-proc, 0.0000322 secs] 2021-01-22T12:20:00.121-0800: 0.203: [Unloading, 0.0005770 secs], 0.0010582 secs]
 [Times: user=0.01 sys=0.00, real=0.00 secs] 
2021-01-22T12:20:00.122-0800: 0.204: [GC cleanup 62M->62M(128M), 0.0003398 secs]
 [Times: user=0.00 sys=0.00, real=0.00 secs] 
2021-01-22T12:20:00.136-0800: 0.218: [GC pause (G1 Evacuation Pause) (young) (to-space exhausted), 0.0022972 secs]
   [Parallel Time: 1.6 ms, GC Workers: 4]
      [GC Worker Start (ms): Min: 217.7, Avg: 217.7, Max: 217.7, Diff: 0.0]
      [Ext Root Scanning (ms): Min: 0.1, Avg: 0.1, Max: 0.2, Diff: 0.0, Sum: 0.6]
      [Update RS (ms): Min: 0.3, Avg: 0.3, Max: 0.3, Diff: 0.1, Sum: 1.2]
         [Processed Buffers: Min: 4, Avg: 4.2, Max: 5, Diff: 1, Sum: 17]
      [Scan RS (ms): Min: 0.0, Avg: 0.0, Max: 0.0, Diff: 0.0, Sum: 0.1]
      [Code Root Scanning (ms): Min: 0.0, Avg: 0.0, Max: 0.0, Diff: 0.0, Sum: 0.0]
      [Object Copy (ms): Min: 1.0, Avg: 1.0, Max: 1.0, Diff: 0.1, Sum: 3.9]
      [Termination (ms): Min: 0.0, Avg: 0.0, Max: 0.0, Diff: 0.0, Sum: 0.0]
         [Termination Attempts: Min: 1, Avg: 1.0, Max: 1, Diff: 0, Sum: 4]
      [GC Worker Other (ms): Min: 0.0, Avg: 0.0, Max: 0.0, Diff: 0.0, Sum: 0.0]
      [GC Worker Total (ms): Min: 1.4, Avg: 1.5, Max: 1.5, Diff: 0.0, Sum: 5.8]
      [GC Worker End (ms): Min: 219.2, Avg: 219.2, Max: 219.2, Diff: 0.0]
   [Code Root Fixup: 0.0 ms]
   [Code Root Purge: 0.0 ms]
   [Clear CT: 0.1 ms]
   [Other: 0.6 ms]
      [Evacuation Failure: 0.3 ms]
      [Choose CSet: 0.0 ms]
      [Ref Proc: 0.2 ms]
      [Ref Enq: 0.0 ms]
      [Redirty Cards: 0.1 ms]
      [Humongous Register: 0.0 ms]
      [Humongous Reclaim: 0.0 ms]
      [Free CSet: 0.0 ms]
   [Eden: 35.0M(35.0M)->0.0B(3072.0K) Survivors: 2048.0K->5120.0K Heap: 104.1M(128.0M)->94.3M(128.0M)]
 [Times: user=0.01 sys=0.00, real=0.00 secs] 
2021-01-22T12:20:00.139-0800: 0.220: [GC pause (G1 Evacuation Pause) (young), 0.0016403 secs]
   [Parallel Time: 1.4 ms, GC Workers: 4]
      [GC Worker Start (ms): Min: 220.5, Avg: 220.5, Max: 220.5, Diff: 0.0]
      [Ext Root Scanning (ms): Min: 0.1, Avg: 0.1, Max: 0.2, Diff: 0.0, Sum: 0.6]
      [Update RS (ms): Min: 0.0, Avg: 0.0, Max: 0.0, Diff: 0.0, Sum: 0.2]
         [Processed Buffers: Min: 1, Avg: 1.8, Max: 3, Diff: 2, Sum: 7]
      [Scan RS (ms): Min: 0.0, Avg: 0.0, Max: 0.0, Diff: 0.0, Sum: 0.0]
      [Code Root Scanning (ms): Min: 0.0, Avg: 0.0, Max: 0.0, Diff: 0.0, Sum: 0.0]
      [Object Copy (ms): Min: 1.0, Avg: 1.0, Max: 1.1, Diff: 0.2, Sum: 4.0]
      [Termination (ms): Min: 0.0, Avg: 0.1, Max: 0.2, Diff: 0.2, Sum: 0.5]
         [Termination Attempts: Min: 1, Avg: 1.0, Max: 1, Diff: 0, Sum: 4]
      [GC Worker Other (ms): Min: 0.0, Avg: 0.0, Max: 0.0, Diff: 0.0, Sum: 0.0]
      [GC Worker Total (ms): Min: 1.3, Avg: 1.3, Max: 1.3, Diff: 0.0, Sum: 5.3]
      [GC Worker End (ms): Min: 221.8, Avg: 221.8, Max: 221.8, Diff: 0.0]
   [Code Root Fixup: 0.0 ms]
   [Code Root Purge: 0.0 ms]
   [Clear CT: 0.0 ms]
   [Other: 0.2 ms]
      [Choose CSet: 0.0 ms]
      [Ref Proc: 0.1 ms]
      [Ref Enq: 0.0 ms]
      [Redirty Cards: 0.0 ms]
      [Humongous Register: 0.0 ms]
      [Humongous Reclaim: 0.0 ms]
      [Free CSet: 0.0 ms]
   [Eden: 3072.0K(3072.0K)->0.0B(5120.0K) Survivors: 5120.0K->1024.0K Heap: 97.3M(128.0M)->95.6M(128.0M)]
 [Times: user=0.00 sys=0.00, real=0.01 secs] 
2021-01-22T12:20:00.141-0800: 0.222: [GC pause (G1 Humongous Allocation) (young) (initial-mark), 0.0006163 secs]
   [Parallel Time: 0.4 ms, GC Workers: 4]
      [GC Worker Start (ms): Min: 222.3, Avg: 222.4, Max: 222.4, Diff: 0.0]
      [Ext Root Scanning (ms): Min: 0.1, Avg: 0.1, Max: 0.2, Diff: 0.0, Sum: 0.6]
      [Update RS (ms): Min: 0.0, Avg: 0.0, Max: 0.0, Diff: 0.0, Sum: 0.1]
         [Processed Buffers: Min: 1, Avg: 1.5, Max: 2, Diff: 1, Sum: 6]
      [Scan RS (ms): Min: 0.0, Avg: 0.0, Max: 0.0, Diff: 0.0, Sum: 0.0]
      [Code Root Scanning (ms): Min: 0.0, Avg: 0.0, Max: 0.0, Diff: 0.0, Sum: 0.0]
      [Object Copy (ms): Min: 0.0, Avg: 0.1, Max: 0.1, Diff: 0.1, Sum: 0.3]
      [Termination (ms): Min: 0.0, Avg: 0.1, Max: 0.1, Diff: 0.1, Sum: 0.2]
         [Termination Attempts: Min: 1, Avg: 1.0, Max: 1, Diff: 0, Sum: 4]
      [GC Worker Other (ms): Min: 0.0, Avg: 0.0, Max: 0.0, Diff: 0.0, Sum: 0.0]
      [GC Worker Total (ms): Min: 0.3, Avg: 0.3, Max: 0.3, Diff: 0.0, Sum: 1.2]
      [GC Worker End (ms): Min: 222.6, Avg: 222.7, Max: 222.7, Diff: 0.0]
   [Code Root Fixup: 0.0 ms]
   [Code Root Purge: 0.0 ms]
   [Clear CT: 0.0 ms]
   [Other: 0.2 ms]
      [Choose CSet: 0.0 ms]
      [Ref Proc: 0.1 ms]
      [Ref Enq: 0.0 ms]
      [Redirty Cards: 0.0 ms]
      [Humongous Register: 0.0 ms]
      [Humongous Reclaim: 0.0 ms]
      [Free CSet: 0.0 ms]
   [Eden: 1024.0K(5120.0K)->0.0B(6144.0K) Survivors: 1024.0K->0.0B Heap: 95.9M(128.0M)->95.8M(128.0M)]
 [Times: user=0.00 sys=0.00, real=0.00 secs] 
2021-01-22T12:20:00.142-0800: 0.223: [GC concurrent-root-region-scan-start]
2021-01-22T12:20:00.142-0800: 0.223: [GC concurrent-root-region-scan-end, 0.0000075 secs]
2021-01-22T12:20:00.142-0800: 0.223: [GC concurrent-mark-start]
2021-01-22T12:20:00.143-0800: 0.224: [GC concurrent-mark-end, 0.0010240 secs]
2021-01-22T12:20:00.143-0800: 0.224: [GC remark 2021-01-22T12:20:00.143-0800: 0.224: [Finalize Marking, 0.0000958 secs] 2021-01-22T12:20:00.143-0800: 0.224: [GC ref-proc, 0.0000300 secs] 2021-01-22T12:20:00.143-0800: 0.224: [Unloading, 0.0005442 secs], 0.0010373 secs]
 [Times: user=0.00 sys=0.00, real=0.00 secs] 
2021-01-22T12:20:00.144-0800: 0.225: [GC cleanup 100M->100M(128M), 0.0002934 secs]
 [Times: user=0.00 sys=0.00, real=0.00 secs] 
2021-01-22T12:20:00.146-0800: 0.227: [GC pause (G1 Evacuation Pause) (young), 0.0010620 secs]
   [Parallel Time: 0.8 ms, GC Workers: 4]
      [GC Worker Start (ms): Min: 226.8, Avg: 226.9, Max: 226.9, Diff: 0.0]
      [Ext Root Scanning (ms): Min: 0.1, Avg: 0.1, Max: 0.2, Diff: 0.0, Sum: 0.6]
      [Update RS (ms): Min: 0.2, Avg: 0.2, Max: 0.3, Diff: 0.1, Sum: 0.9]
         [Processed Buffers: Min: 2, Avg: 3.2, Max: 4, Diff: 2, Sum: 13]
      [Scan RS (ms): Min: 0.0, Avg: 0.0, Max: 0.0, Diff: 0.0, Sum: 0.0]
      [Code Root Scanning (ms): Min: 0.0, Avg: 0.0, Max: 0.0, Diff: 0.0, Sum: 0.0]
      [Object Copy (ms): Min: 0.2, Avg: 0.3, Max: 0.3, Diff: 0.2, Sum: 1.0]
      [Termination (ms): Min: 0.0, Avg: 0.1, Max: 0.1, Diff: 0.1, Sum: 0.3]
         [Termination Attempts: Min: 1, Avg: 1.0, Max: 1, Diff: 0, Sum: 4]
      [GC Worker Other (ms): Min: 0.0, Avg: 0.0, Max: 0.0, Diff: 0.0, Sum: 0.0]
      [GC Worker Total (ms): Min: 0.7, Avg: 0.7, Max: 0.7, Diff: 0.0, Sum: 2.9]
      [GC Worker End (ms): Min: 227.6, Avg: 227.6, Max: 227.6, Diff: 0.0]
   [Code Root Fixup: 0.0 ms]
   [Code Root Purge: 0.0 ms]
   [Clear CT: 0.0 ms]
   [Other: 0.2 ms]
      [Choose CSet: 0.0 ms]
      [Ref Proc: 0.1 ms]
      [Ref Enq: 0.0 ms]
      [Redirty Cards: 0.0 ms]
      [Humongous Register: 0.0 ms]
      [Humongous Reclaim: 0.0 ms]
      [Free CSet: 0.0 ms]
   [Eden: 6144.0K(6144.0K)->0.0B(5120.0K) Survivors: 0.0B->1024.0K Heap: 104.3M(128.0M)->98.9M(128.0M)]
 [Times: user=0.01 sys=0.01, real=0.00 secs] 
2021-01-22T12:20:00.148-0800: 0.229: [GC pause (G1 Evacuation Pause) (mixed), 0.0014298 secs]
   [Parallel Time: 1.1 ms, GC Workers: 4]
      [GC Worker Start (ms): Min: 229.3, Avg: 229.3, Max: 229.3, Diff: 0.0]
      [Ext Root Scanning (ms): Min: 0.1, Avg: 0.1, Max: 0.2, Diff: 0.0, Sum: 0.6]
      [Update RS (ms): Min: 0.1, Avg: 0.1, Max: 0.2, Diff: 0.1, Sum: 0.6]
         [Processed Buffers: Min: 2, Avg: 2.2, Max: 3, Diff: 1, Sum: 9]
      [Scan RS (ms): Min: 0.0, Avg: 0.0, Max: 0.0, Diff: 0.0, Sum: 0.1]
      [Code Root Scanning (ms): Min: 0.0, Avg: 0.0, Max: 0.0, Diff: 0.0, Sum: 0.0]
      [Object Copy (ms): Min: 0.5, Avg: 0.6, Max: 0.7, Diff: 0.2, Sum: 2.3]
      [Termination (ms): Min: 0.0, Avg: 0.1, Max: 0.1, Diff: 0.1, Sum: 0.3]
         [Termination Attempts: Min: 1, Avg: 1.0, Max: 1, Diff: 0, Sum: 4]
      [GC Worker Other (ms): Min: 0.0, Avg: 0.0, Max: 0.0, Diff: 0.0, Sum: 0.0]
      [GC Worker Total (ms): Min: 0.9, Avg: 0.9, Max: 1.0, Diff: 0.0, Sum: 3.8]
      [GC Worker End (ms): Min: 230.2, Avg: 230.2, Max: 230.2, Diff: 0.0]
   [Code Root Fixup: 0.0 ms]
   [Code Root Purge: 0.0 ms]
   [Clear CT: 0.1 ms]
   [Other: 0.2 ms]
      [Choose CSet: 0.0 ms]
      [Ref Proc: 0.1 ms]
      [Ref Enq: 0.0 ms]
      [Redirty Cards: 0.1 ms]
      [Humongous Register: 0.0 ms]
      [Humongous Reclaim: 0.0 ms]
      [Free CSet: 0.0 ms]
   [Eden: 5120.0K(5120.0K)->0.0B(5120.0K) Survivors: 1024.0K->1024.0K Heap: 104.5M(128.0M)->89.0M(128.0M)]
 [Times: user=0.00 sys=0.00, real=0.00 secs] 
2021-01-22T12:20:00.151-0800: 0.232: [GC pause (G1 Evacuation Pause) (mixed), 0.0020519 secs]
   [Parallel Time: 1.7 ms, GC Workers: 4]
      [GC Worker Start (ms): Min: 232.4, Avg: 232.4, Max: 232.5, Diff: 0.0]
      [Ext Root Scanning (ms): Min: 0.1, Avg: 0.1, Max: 0.2, Diff: 0.0, Sum: 0.6]
      [Update RS (ms): Min: 0.3, Avg: 0.3, Max: 0.3, Diff: 0.1, Sum: 1.2]
         [Processed Buffers: Min: 1, Avg: 3.0, Max: 4, Diff: 3, Sum: 12]
      [Scan RS (ms): Min: 0.0, Avg: 0.0, Max: 0.1, Diff: 0.1, Sum: 0.1]
      [Code Root Scanning (ms): Min: 0.0, Avg: 0.0, Max: 0.0, Diff: 0.0, Sum: 0.0]
      [Object Copy (ms): Min: 0.9, Avg: 0.9, Max: 1.0, Diff: 0.1, Sum: 3.7]
      [Termination (ms): Min: 0.0, Avg: 0.1, Max: 0.1, Diff: 0.1, Sum: 0.3]
         [Termination Attempts: Min: 1, Avg: 1.0, Max: 1, Diff: 0, Sum: 4]
      [GC Worker Other (ms): Min: 0.0, Avg: 0.0, Max: 0.0, Diff: 0.0, Sum: 0.1]
      [GC Worker Total (ms): Min: 1.5, Avg: 1.5, Max: 1.5, Diff: 0.0, Sum: 6.0]
      [GC Worker End (ms): Min: 233.9, Avg: 233.9, Max: 234.0, Diff: 0.0]
   [Code Root Fixup: 0.0 ms]
   [Code Root Purge: 0.0 ms]
   [Clear CT: 0.1 ms]
   [Other: 0.3 ms]
      [Choose CSet: 0.0 ms]
      [Ref Proc: 0.1 ms]
      [Ref Enq: 0.0 ms]
      [Redirty Cards: 0.1 ms]
      [Humongous Register: 0.0 ms]
      [Humongous Reclaim: 0.0 ms]
      [Free CSet: 0.0 ms]
   [Eden: 5120.0K(5120.0K)->0.0B(5120.0K) Survivors: 1024.0K->1024.0K Heap: 95.3M(128.0M)->81.9M(128.0M)]
 [Times: user=0.01 sys=0.00, real=0.00 secs] 
2021-01-22T12:20:00.155-0800: 0.236: [GC pause (G1 Evacuation Pause) (mixed), 0.0013755 secs]
   [Parallel Time: 1.1 ms, GC Workers: 4]
      [GC Worker Start (ms): Min: 236.1, Avg: 236.2, Max: 236.2, Diff: 0.0]
      [Ext Root Scanning (ms): Min: 0.1, Avg: 0.1, Max: 0.2, Diff: 0.0, Sum: 0.6]
      [Update RS (ms): Min: 0.3, Avg: 0.3, Max: 0.3, Diff: 0.0, Sum: 1.3]
         [Processed Buffers: Min: 4, Avg: 5.0, Max: 6, Diff: 2, Sum: 20]
      [Scan RS (ms): Min: 0.0, Avg: 0.0, Max: 0.0, Diff: 0.0, Sum: 0.0]
      [Code Root Scanning (ms): Min: 0.0, Avg: 0.0, Max: 0.0, Diff: 0.0, Sum: 0.0]
      [Object Copy (ms): Min: 0.5, Avg: 0.5, Max: 0.5, Diff: 0.0, Sum: 2.0]
      [Termination (ms): Min: 0.0, Avg: 0.0, Max: 0.1, Diff: 0.1, Sum: 0.2]
         [Termination Attempts: Min: 1, Avg: 1.0, Max: 1, Diff: 0, Sum: 4]
      [GC Worker Other (ms): Min: 0.0, Avg: 0.0, Max: 0.0, Diff: 0.0, Sum: 0.1]
      [GC Worker Total (ms): Min: 1.0, Avg: 1.0, Max: 1.0, Diff: 0.1, Sum: 4.0]
      [GC Worker End (ms): Min: 237.2, Avg: 237.2, Max: 237.2, Diff: 0.0]
   [Code Root Fixup: 0.0 ms]
   [Code Root Purge: 0.0 ms]
   [Clear CT: 0.0 ms]
   [Other: 0.3 ms]
      [Choose CSet: 0.0 ms]
      [Ref Proc: 0.1 ms]
      [Ref Enq: 0.0 ms]
      [Redirty Cards: 0.1 ms]
      [Humongous Register: 0.0 ms]
      [Humongous Reclaim: 0.0 ms]
      [Free CSet: 0.0 ms]
   [Eden: 5120.0K(5120.0K)->0.0B(12.0M) Survivors: 1024.0K->1024.0K Heap: 88.7M(128.0M)->84.9M(128.0M)]
 [Times: user=0.00 sys=0.00, real=0.00 secs] 
2021-01-22T12:20:00.157-0800: 0.239: [GC pause (G1 Humongous Allocation) (young) (initial-mark), 0.0010819 secs]
   [Parallel Time: 0.8 ms, GC Workers: 4]
      [GC Worker Start (ms): Min: 238.8, Avg: 238.8, Max: 238.8, Diff: 0.1]
      [Ext Root Scanning (ms): Min: 0.1, Avg: 0.2, Max: 0.2, Diff: 0.1, Sum: 0.6]
      [Update RS (ms): Min: 0.0, Avg: 0.0, Max: 0.0, Diff: 0.0, Sum: 0.1]
         [Processed Buffers: Min: 1, Avg: 1.8, Max: 3, Diff: 2, Sum: 7]
      [Scan RS (ms): Min: 0.0, Avg: 0.0, Max: 0.0, Diff: 0.0, Sum: 0.0]
      [Code Root Scanning (ms): Min: 0.0, Avg: 0.0, Max: 0.0, Diff: 0.0, Sum: 0.0]
      [Object Copy (ms): Min: 0.4, Avg: 0.4, Max: 0.5, Diff: 0.1, Sum: 1.8]
      [Termination (ms): Min: 0.0, Avg: 0.0, Max: 0.1, Diff: 0.1, Sum: 0.2]
         [Termination Attempts: Min: 1, Avg: 1.0, Max: 1, Diff: 0, Sum: 4]
      [GC Worker Other (ms): Min: 0.0, Avg: 0.0, Max: 0.0, Diff: 0.0, Sum: 0.0]
      [GC Worker Total (ms): Min: 0.7, Avg: 0.7, Max: 0.7, Diff: 0.0, Sum: 2.7]
      [GC Worker End (ms): Min: 239.5, Avg: 239.5, Max: 239.5, Diff: 0.0]
   [Code Root Fixup: 0.0 ms]
   [Code Root Purge: 0.0 ms]
   [Clear CT: 0.1 ms]
   [Other: 0.2 ms]
      [Choose CSet: 0.0 ms]
      [Ref Proc: 0.1 ms]
      [Ref Enq: 0.0 ms]
      [Redirty Cards: 0.0 ms]
      [Humongous Register: 0.0 ms]
      [Humongous Reclaim: 0.0 ms]
      [Free CSet: 0.0 ms]
   [Eden: 6144.0K(12.0M)->0.0B(9216.0K) Survivors: 1024.0K->2048.0K Heap: 90.8M(128.0M)->87.7M(128.0M)]
 [Times: user=0.00 sys=0.00, real=0.00 secs] 
2021-01-22T12:20:00.159-0800: 0.240: [GC concurrent-root-region-scan-start]
2021-01-22T12:20:00.159-0800: 0.240: [GC concurrent-root-region-scan-end, 0.0001060 secs]
2021-01-22T12:20:00.159-0800: 0.240: [GC concurrent-mark-start]
2021-01-22T12:20:00.160-0800: 0.241: [GC concurrent-mark-end, 0.0009800 secs]
2021-01-22T12:20:00.160-0800: 0.241: [GC remark 2021-01-22T12:20:00.160-0800: 0.241: [Finalize Marking, 0.0001053 secs] 2021-01-22T12:20:00.160-0800: 0.241: [GC ref-proc, 0.0000300 secs] 2021-01-22T12:20:00.160-0800: 0.241: [Unloading, 0.0005617 secs], 0.0010915 secs]
 [Times: user=0.00 sys=0.00, real=0.00 secs] 
2021-01-22T12:20:00.161-0800: 0.242: [GC cleanup 94M->94M(128M), 0.0002794 secs]
 [Times: user=0.00 sys=0.00, real=0.00 secs] 
2021-01-22T12:20:00.163-0800: 0.244: [GC pause (G1 Evacuation Pause) (young), 0.0017807 secs]
   [Parallel Time: 1.4 ms, GC Workers: 4]
      [GC Worker Start (ms): Min: 243.9, Avg: 243.9, Max: 243.9, Diff: 0.0]
      [Ext Root Scanning (ms): Min: 0.1, Avg: 0.1, Max: 0.2, Diff: 0.0, Sum: 0.6]
      [Update RS (ms): Min: 0.3, Avg: 0.4, Max: 0.4, Diff: 0.0, Sum: 1.5]
         [Processed Buffers: Min: 4, Avg: 5.2, Max: 6, Diff: 2, Sum: 21]
      [Scan RS (ms): Min: 0.0, Avg: 0.0, Max: 0.0, Diff: 0.0, Sum: 0.0]
      [Code Root Scanning (ms): Min: 0.0, Avg: 0.0, Max: 0.0, Diff: 0.0, Sum: 0.0]
      [Object Copy (ms): Min: 0.7, Avg: 0.8, Max: 0.8, Diff: 0.0, Sum: 3.0]
      [Termination (ms): Min: 0.0, Avg: 0.0, Max: 0.0, Diff: 0.0, Sum: 0.1]
         [Termination Attempts: Min: 1, Avg: 1.0, Max: 1, Diff: 0, Sum: 4]
      [GC Worker Other (ms): Min: 0.0, Avg: 0.0, Max: 0.0, Diff: 0.0, Sum: 0.0]
      [GC Worker Total (ms): Min: 1.3, Avg: 1.3, Max: 1.3, Diff: 0.0, Sum: 5.2]
      [GC Worker End (ms): Min: 245.2, Avg: 245.2, Max: 245.2, Diff: 0.0]
   [Code Root Fixup: 0.0 ms]
   [Code Root Purge: 0.0 ms]
   [Clear CT: 0.1 ms]
   [Other: 0.3 ms]
      [Choose CSet: 0.0 ms]
      [Ref Proc: 0.2 ms]
      [Ref Enq: 0.0 ms]
      [Redirty Cards: 0.1 ms]
      [Humongous Register: 0.0 ms]
      [Humongous Reclaim: 0.0 ms]
      [Free CSet: 0.0 ms]
   [Eden: 9216.0K(9216.0K)->0.0B(4096.0K) Survivors: 2048.0K->2048.0K Heap: 99.1M(128.0M)->93.8M(128.0M)]
 [Times: user=0.00 sys=0.00, real=0.00 secs] 
2021-01-22T12:20:00.165-0800: 0.247: [GC pause (G1 Evacuation Pause) (mixed), 0.0019016 secs]
   [Parallel Time: 1.5 ms, GC Workers: 4]
      [GC Worker Start (ms): Min: 246.7, Avg: 246.7, Max: 246.7, Diff: 0.0]
      [Ext Root Scanning (ms): Min: 0.1, Avg: 0.2, Max: 0.2, Diff: 0.0, Sum: 0.6]
      [Update RS (ms): Min: 0.0, Avg: 0.0, Max: 0.0, Diff: 0.0, Sum: 0.1]
         [Processed Buffers: Min: 1, Avg: 1.5, Max: 3, Diff: 2, Sum: 6]
      [Scan RS (ms): Min: 0.0, Avg: 0.0, Max: 0.0, Diff: 0.0, Sum: 0.1]
      [Code Root Scanning (ms): Min: 0.0, Avg: 0.0, Max: 0.0, Diff: 0.0, Sum: 0.0]
      [Object Copy (ms): Min: 1.1, Avg: 1.1, Max: 1.2, Diff: 0.1, Sum: 4.6]
      [Termination (ms): Min: 0.0, Avg: 0.0, Max: 0.1, Diff: 0.1, Sum: 0.2]
         [Termination Attempts: Min: 1, Avg: 1.0, Max: 1, Diff: 0, Sum: 4]
      [GC Worker Other (ms): Min: 0.0, Avg: 0.0, Max: 0.0, Diff: 0.0, Sum: 0.0]
      [GC Worker Total (ms): Min: 1.4, Avg: 1.4, Max: 1.4, Diff: 0.1, Sum: 5.6]
      [GC Worker End (ms): Min: 248.1, Avg: 248.1, Max: 248.1, Diff: 0.0]
   [Code Root Fixup: 0.0 ms]
   [Code Root Purge: 0.0 ms]
   [Clear CT: 0.0 ms]
   [Other: 0.4 ms]
      [Choose CSet: 0.0 ms]
      [Ref Proc: 0.2 ms]
      [Ref Enq: 0.0 ms]
      [Redirty Cards: 0.1 ms]
      [Humongous Register: 0.0 ms]
      [Humongous Reclaim: 0.0 ms]
      [Free CSet: 0.0 ms]
   [Eden: 4096.0K(4096.0K)->0.0B(5120.0K) Survivors: 2048.0K->1024.0K Heap: 97.8M(128.0M)->91.5M(128.0M)]
 [Times: user=0.01 sys=0.00, real=0.00 secs] 
2021-01-22T12:20:00.168-0800: 0.249: [GC pause (G1 Humongous Allocation) (young) (initial-mark), 0.0005978 secs]
   [Parallel Time: 0.4 ms, GC Workers: 4]
      [GC Worker Start (ms): Min: 248.8, Avg: 248.9, Max: 248.9, Diff: 0.0]
      [Ext Root Scanning (ms): Min: 0.1, Avg: 0.1, Max: 0.2, Diff: 0.0, Sum: 0.6]
      [Update RS (ms): Min: 0.0, Avg: 0.0, Max: 0.0, Diff: 0.0, Sum: 0.2]
         [Processed Buffers: Min: 1, Avg: 1.2, Max: 2, Diff: 1, Sum: 5]
      [Scan RS (ms): Min: 0.0, Avg: 0.0, Max: 0.0, Diff: 0.0, Sum: 0.0]
      [Code Root Scanning (ms): Min: 0.0, Avg: 0.0, Max: 0.0, Diff: 0.0, Sum: 0.0]
      [Object Copy (ms): Min: 0.1, Avg: 0.1, Max: 0.1, Diff: 0.0, Sum: 0.4]
      [Termination (ms): Min: 0.0, Avg: 0.0, Max: 0.1, Diff: 0.1, Sum: 0.1]
         [Termination Attempts: Min: 1, Avg: 1.0, Max: 1, Diff: 0, Sum: 4]
      [GC Worker Other (ms): Min: 0.0, Avg: 0.0, Max: 0.0, Diff: 0.0, Sum: 0.0]
      [GC Worker Total (ms): Min: 0.3, Avg: 0.3, Max: 0.3, Diff: 0.0, Sum: 1.3]
      [GC Worker End (ms): Min: 249.2, Avg: 249.2, Max: 249.2, Diff: 0.0]
   [Code Root Fixup: 0.0 ms]
   [Code Root Purge: 0.0 ms]
   [Clear CT: 0.0 ms]
   [Other: 0.2 ms]
      [Choose CSet: 0.0 ms]
      [Ref Proc: 0.1 ms]
      [Ref Enq: 0.0 ms]
      [Redirty Cards: 0.0 ms]
      [Humongous Register: 0.0 ms]
      [Humongous Reclaim: 0.0 ms]
      [Free CSet: 0.0 ms]
   [Eden: 1024.0K(5120.0K)->0.0B(5120.0K) Survivors: 1024.0K->1024.0K Heap: 91.7M(128.0M)->91.4M(128.0M)]
 [Times: user=0.00 sys=0.00, real=0.00 secs] 
2021-01-22T12:20:00.168-0800: 0.250: [GC concurrent-root-region-scan-start]
2021-01-22T12:20:00.168-0800: 0.250: [GC concurrent-root-region-scan-end, 0.0000210 secs]
2021-01-22T12:20:00.168-0800: 0.250: [GC concurrent-mark-start]
2021-01-22T12:20:00.169-0800: 0.250: [GC concurrent-mark-end, 0.0009489 secs]
2021-01-22T12:20:00.169-0800: 0.251: [GC remark 2021-01-22T12:20:00.169-0800: 0.251: [Finalize Marking, 0.0001300 secs] 2021-01-22T12:20:00.170-0800: 0.251: [GC ref-proc, 0.0000280 secs] 2021-01-22T12:20:00.170-0800: 0.251: [Unloading, 0.0005490 secs], 0.0011340 secs]
 [Times: user=0.01 sys=0.00, real=0.01 secs] 
2021-01-22T12:20:00.171-0800: 0.252: [GC cleanup 96M->96M(128M), 0.0002557 secs]
 [Times: user=0.00 sys=0.00, real=0.00 secs] 
2021-01-22T12:20:00.171-0800: 0.253: [GC pause (G1 Evacuation Pause) (young), 0.0010054 secs]
   [Parallel Time: 0.8 ms, GC Workers: 4]
      [GC Worker Start (ms): Min: 252.7, Avg: 252.7, Max: 252.7, Diff: 0.0]
      [Ext Root Scanning (ms): Min: 0.1, Avg: 0.1, Max: 0.2, Diff: 0.0, Sum: 0.6]
      [Update RS (ms): Min: 0.2, Avg: 0.2, Max: 0.3, Diff: 0.0, Sum: 1.0]
         [Processed Buffers: Min: 3, Avg: 4.2, Max: 5, Diff: 2, Sum: 17]
      [Scan RS (ms): Min: 0.0, Avg: 0.0, Max: 0.0, Diff: 0.0, Sum: 0.0]
      [Code Root Scanning (ms): Min: 0.0, Avg: 0.0, Max: 0.0, Diff: 0.0, Sum: 0.0]
      [Object Copy (ms): Min: 0.2, Avg: 0.2, Max: 0.2, Diff: 0.0, Sum: 0.9]
      [Termination (ms): Min: 0.0, Avg: 0.1, Max: 0.1, Diff: 0.1, Sum: 0.2]
         [Termination Attempts: Min: 1, Avg: 1.0, Max: 1, Diff: 0, Sum: 4]
      [GC Worker Other (ms): Min: 0.0, Avg: 0.0, Max: 0.0, Diff: 0.0, Sum: 0.0]
      [GC Worker Total (ms): Min: 0.7, Avg: 0.7, Max: 0.7, Diff: 0.1, Sum: 2.7]
      [GC Worker End (ms): Min: 253.4, Avg: 253.4, Max: 253.4, Diff: 0.0]
   [Code Root Fixup: 0.0 ms]
   [Code Root Purge: 0.0 ms]
   [Clear CT: 0.1 ms]
   [Other: 0.2 ms]
      [Choose CSet: 0.0 ms]
      [Ref Proc: 0.1 ms]
      [Ref Enq: 0.0 ms]
      [Redirty Cards: 0.0 ms]
      [Humongous Register: 0.0 ms]
      [Humongous Reclaim: 0.0 ms]
      [Free CSet: 0.0 ms]
   [Eden: 5120.0K(5120.0K)->0.0B(5120.0K) Survivors: 1024.0K->1024.0K Heap: 97.7M(128.0M)->93.9M(128.0M)]
 [Times: user=0.00 sys=0.00, real=0.00 secs] 
2021-01-22T12:20:00.174-0800: 0.255: [GC pause (G1 Evacuation Pause) (mixed), 0.0016648 secs]
   [Parallel Time: 1.4 ms, GC Workers: 4]
      [GC Worker Start (ms): Min: 255.4, Avg: 255.4, Max: 255.4, Diff: 0.0]
      [Ext Root Scanning (ms): Min: 0.1, Avg: 0.1, Max: 0.2, Diff: 0.0, Sum: 0.6]
      [Update RS (ms): Min: 0.3, Avg: 0.3, Max: 0.3, Diff: 0.0, Sum: 1.3]
         [Processed Buffers: Min: 4, Avg: 4.5, Max: 6, Diff: 2, Sum: 18]
      [Scan RS (ms): Min: 0.0, Avg: 0.0, Max: 0.0, Diff: 0.0, Sum: 0.0]
      [Code Root Scanning (ms): Min: 0.0, Avg: 0.0, Max: 0.0, Diff: 0.0, Sum: 0.0]
      [Object Copy (ms): Min: 0.7, Avg: 0.8, Max: 0.8, Diff: 0.1, Sum: 3.1]
      [Termination (ms): Min: 0.0, Avg: 0.0, Max: 0.1, Diff: 0.1, Sum: 0.2]
         [Termination Attempts: Min: 1, Avg: 1.0, Max: 1, Diff: 0, Sum: 4]
      [GC Worker Other (ms): Min: 0.0, Avg: 0.0, Max: 0.0, Diff: 0.0, Sum: 0.0]
      [GC Worker Total (ms): Min: 1.3, Avg: 1.3, Max: 1.3, Diff: 0.0, Sum: 5.2]
      [GC Worker End (ms): Min: 256.7, Avg: 256.7, Max: 256.7, Diff: 0.0]
   [Code Root Fixup: 0.0 ms]
   [Code Root Purge: 0.0 ms]
   [Clear CT: 0.1 ms]
   [Other: 0.2 ms]
      [Choose CSet: 0.0 ms]
      [Ref Proc: 0.1 ms]
      [Ref Enq: 0.0 ms]
      [Redirty Cards: 0.1 ms]
      [Humongous Register: 0.0 ms]
      [Humongous Reclaim: 0.0 ms]
      [Free CSet: 0.0 ms]
   [Eden: 5120.0K(5120.0K)->0.0B(5120.0K) Survivors: 1024.0K->1024.0K Heap: 102.3M(128.0M)->95.8M(128.0M)]
 [Times: user=0.01 sys=0.00, real=0.00 secs] 
2021-01-22T12:20:00.177-0800: 0.258: [GC pause (G1 Humongous Allocation) (young) (initial-mark), 0.0009602 secs]
   [Parallel Time: 0.6 ms, GC Workers: 4]
      [GC Worker Start (ms): Min: 257.8, Avg: 257.8, Max: 257.9, Diff: 0.0]
      [Ext Root Scanning (ms): Min: 0.2, Avg: 0.3, Max: 0.3, Diff: 0.1, Sum: 1.1]
      [Update RS (ms): Min: 0.0, Avg: 0.0, Max: 0.1, Diff: 0.0, Sum: 0.1]
         [Processed Buffers: Min: 1, Avg: 1.5, Max: 2, Diff: 1, Sum: 6]
      [Scan RS (ms): Min: 0.0, Avg: 0.0, Max: 0.0, Diff: 0.0, Sum: 0.0]
      [Code Root Scanning (ms): Min: 0.0, Avg: 0.0, Max: 0.0, Diff: 0.0, Sum: 0.0]
      [Object Copy (ms): Min: 0.2, Avg: 0.2, Max: 0.3, Diff: 0.1, Sum: 0.9]
      [Termination (ms): Min: 0.0, Avg: 0.0, Max: 0.1, Diff: 0.1, Sum: 0.2]
         [Termination Attempts: Min: 1, Avg: 1.0, Max: 1, Diff: 0, Sum: 4]
      [GC Worker Other (ms): Min: 0.0, Avg: 0.0, Max: 0.0, Diff: 0.0, Sum: 0.0]
      [GC Worker Total (ms): Min: 0.6, Avg: 0.6, Max: 0.6, Diff: 0.0, Sum: 2.4]
      [GC Worker End (ms): Min: 258.4, Avg: 258.4, Max: 258.5, Diff: 0.0]
   [Code Root Fixup: 0.0 ms]
   [Code Root Purge: 0.0 ms]
   [Clear CT: 0.1 ms]
   [Other: 0.2 ms]
      [Choose CSet: 0.0 ms]
      [Ref Proc: 0.1 ms]
      [Ref Enq: 0.0 ms]
      [Redirty Cards: 0.1 ms]
      [Humongous Register: 0.0 ms]
      [Humongous Reclaim: 0.0 ms]
      [Free CSet: 0.0 ms]
   [Eden: 3072.0K(5120.0K)->0.0B(5120.0K) Survivors: 1024.0K->1024.0K Heap: 98.7M(128.0M)->96.7M(128.0M)]
 [Times: user=0.00 sys=0.00, real=0.00 secs] 
2021-01-22T12:20:00.178-0800: 0.259: [GC concurrent-root-region-scan-start]
2021-01-22T12:20:00.178-0800: 0.259: [GC concurrent-root-region-scan-end, 0.0000416 secs]
2021-01-22T12:20:00.178-0800: 0.259: [GC concurrent-mark-start]
2021-01-22T12:20:00.179-0800: 0.260: [GC concurrent-mark-end, 0.0010107 secs]
2021-01-22T12:20:00.179-0800: 0.260: [GC remark 2021-01-22T12:20:00.179-0800: 0.260: [Finalize Marking, 0.0000914 secs] 2021-01-22T12:20:00.179-0800: 0.260: [GC ref-proc, 0.0000322 secs] 2021-01-22T12:20:00.179-0800: 0.260: [Unloading, 0.0005598 secs], 0.0011638 secs]
 [Times: user=0.01 sys=0.00, real=0.01 secs] 
2021-01-22T12:20:00.180-0800: 0.261: [GC cleanup 101M->101M(128M), 0.0002862 secs]
 [Times: user=0.00 sys=0.00, real=0.00 secs] 
2021-01-22T12:20:00.181-0800: 0.262: [GC pause (G1 Evacuation Pause) (young), 0.0007396 secs]
   [Parallel Time: 0.5 ms, GC Workers: 4]
      [GC Worker Start (ms): Min: 262.0, Avg: 262.0, Max: 262.0, Diff: 0.0]
      [Ext Root Scanning (ms): Min: 0.1, Avg: 0.1, Max: 0.2, Diff: 0.0, Sum: 0.5]
      [Update RS (ms): Min: 0.1, Avg: 0.1, Max: 0.2, Diff: 0.0, Sum: 0.6]
         [Processed Buffers: Min: 2, Avg: 3.0, Max: 4, Diff: 2, Sum: 12]
      [Scan RS (ms): Min: 0.0, Avg: 0.0, Max: 0.0, Diff: 0.0, Sum: 0.0]
      [Code Root Scanning (ms): Min: 0.0, Avg: 0.0, Max: 0.0, Diff: 0.0, Sum: 0.0]
      [Object Copy (ms): Min: 0.1, Avg: 0.2, Max: 0.2, Diff: 0.1, Sum: 0.6]
      [Termination (ms): Min: 0.0, Avg: 0.0, Max: 0.1, Diff: 0.1, Sum: 0.2]
         [Termination Attempts: Min: 1, Avg: 1.0, Max: 1, Diff: 0, Sum: 4]
      [GC Worker Other (ms): Min: 0.0, Avg: 0.0, Max: 0.0, Diff: 0.0, Sum: 0.0]
      [GC Worker Total (ms): Min: 0.5, Avg: 0.5, Max: 0.5, Diff: 0.0, Sum: 1.9]
      [GC Worker End (ms): Min: 262.5, Avg: 262.5, Max: 262.5, Diff: 0.0]
   [Code Root Fixup: 0.0 ms]
   [Code Root Purge: 0.0 ms]
   [Clear CT: 0.0 ms]
   [Other: 0.2 ms]
      [Choose CSet: 0.0 ms]
      [Ref Proc: 0.1 ms]
      [Ref Enq: 0.0 ms]
      [Redirty Cards: 0.0 ms]
      [Humongous Register: 0.0 ms]
      [Humongous Reclaim: 0.0 ms]
      [Free CSet: 0.0 ms]
   [Eden: 5120.0K(5120.0K)->0.0B(5120.0K) Survivors: 1024.0K->1024.0K Heap: 102.3M(128.0M)->97.3M(128.0M)]
 [Times: user=0.00 sys=0.00, real=0.00 secs] 
2021-01-22T12:20:00.183-0800: 0.264: [GC pause (G1 Evacuation Pause) (mixed), 0.0015503 secs]
   [Parallel Time: 1.2 ms, GC Workers: 4]
      [GC Worker Start (ms): Min: 264.0, Avg: 264.1, Max: 264.3, Diff: 0.3]
      [Ext Root Scanning (ms): Min: 0.0, Avg: 0.1, Max: 0.2, Diff: 0.2, Sum: 0.5]
      [Update RS (ms): Min: 0.1, Avg: 0.1, Max: 0.2, Diff: 0.1, Sum: 0.5]
         [Processed Buffers: Min: 1, Avg: 2.8, Max: 5, Diff: 4, Sum: 11]
      [Scan RS (ms): Min: 0.0, Avg: 0.0, Max: 0.0, Diff: 0.0, Sum: 0.0]
      [Code Root Scanning (ms): Min: 0.0, Avg: 0.0, Max: 0.0, Diff: 0.0, Sum: 0.0]
      [Object Copy (ms): Min: 0.8, Avg: 0.8, Max: 0.8, Diff: 0.1, Sum: 3.1]
      [Termination (ms): Min: 0.0, Avg: 0.0, Max: 0.1, Diff: 0.1, Sum: 0.1]
         [Termination Attempts: Min: 1, Avg: 1.0, Max: 1, Diff: 0, Sum: 4]
      [GC Worker Other (ms): Min: 0.0, Avg: 0.0, Max: 0.0, Diff: 0.0, Sum: 0.1]
      [GC Worker Total (ms): Min: 0.9, Avg: 1.1, Max: 1.2, Diff: 0.3, Sum: 4.4]
      [GC Worker End (ms): Min: 265.2, Avg: 265.2, Max: 265.2, Diff: 0.0]
   [Code Root Fixup: 0.0 ms]
   [Code Root Purge: 0.0 ms]
   [Clear CT: 0.1 ms]
   [Other: 0.3 ms]
      [Choose CSet: 0.0 ms]
      [Ref Proc: 0.1 ms]
      [Ref Enq: 0.0 ms]
      [Redirty Cards: 0.0 ms]
      [Humongous Register: 0.0 ms]
      [Humongous Reclaim: 0.0 ms]
      [Free CSet: 0.0 ms]
   [Eden: 5120.0K(5120.0K)->0.0B(5120.0K) Survivors: 1024.0K->1024.0K Heap: 102.8M(128.0M)->98.3M(128.0M)]
 [Times: user=0.00 sys=0.00, real=0.00 secs] 
2021-01-22T12:20:00.185-0800: 0.267: [GC pause (G1 Evacuation Pause) (young), 0.0009989 secs]
   [Parallel Time: 0.7 ms, GC Workers: 4]
      [GC Worker Start (ms): Min: 266.7, Avg: 266.7, Max: 266.7, Diff: 0.0]
      [Ext Root Scanning (ms): Min: 0.1, Avg: 0.1, Max: 0.2, Diff: 0.0, Sum: 0.6]
      [Update RS (ms): Min: 0.0, Avg: 0.1, Max: 0.1, Diff: 0.1, Sum: 0.2]
         [Processed Buffers: Min: 1, Avg: 1.2, Max: 2, Diff: 1, Sum: 5]
      [Scan RS (ms): Min: 0.0, Avg: 0.0, Max: 0.0, Diff: 0.0, Sum: 0.0]
      [Code Root Scanning (ms): Min: 0.0, Avg: 0.0, Max: 0.0, Diff: 0.0, Sum: 0.0]
      [Object Copy (ms): Min: 0.3, Avg: 0.3, Max: 0.4, Diff: 0.2, Sum: 1.3]
      [Termination (ms): Min: 0.0, Avg: 0.1, Max: 0.1, Diff: 0.1, Sum: 0.4]
         [Termination Attempts: Min: 1, Avg: 1.0, Max: 1, Diff: 0, Sum: 4]
      [GC Worker Other (ms): Min: 0.0, Avg: 0.0, Max: 0.0, Diff: 0.0, Sum: 0.0]
      [GC Worker Total (ms): Min: 0.6, Avg: 0.6, Max: 0.7, Diff: 0.1, Sum: 2.6]
      [GC Worker End (ms): Min: 267.3, Avg: 267.4, Max: 267.4, Diff: 0.0]
   [Code Root Fixup: 0.0 ms]
   [Code Root Purge: 0.0 ms]
   [Clear CT: 0.0 ms]
   [Other: 0.2 ms]
      [Choose CSet: 0.0 ms]
      [Ref Proc: 0.1 ms]
      [Ref Enq: 0.0 ms]
      [Redirty Cards: 0.1 ms]
      [Humongous Register: 0.0 ms]
      [Humongous Reclaim: 0.0 ms]
      [Free CSet: 0.0 ms]
   [Eden: 5120.0K(5120.0K)->0.0B(5120.0K) Survivors: 1024.0K->1024.0K Heap: 103.3M(128.0M)->99.8M(128.0M)]
 [Times: user=0.01 sys=0.00, real=0.00 secs] 
2021-01-22T12:20:00.187-0800: 0.268: [GC pause (G1 Humongous Allocation) (young) (initial-mark), 0.0006420 secs]
   [Parallel Time: 0.4 ms, GC Workers: 4]
      [GC Worker Start (ms): Min: 267.9, Avg: 267.9, Max: 267.9, Diff: 0.0]
      [Ext Root Scanning (ms): Min: 0.1, Avg: 0.1, Max: 0.2, Diff: 0.0, Sum: 0.6]
      [Update RS (ms): Min: 0.0, Avg: 0.1, Max: 0.1, Diff: 0.1, Sum: 0.2]
         [Processed Buffers: Min: 1, Avg: 1.5, Max: 3, Diff: 2, Sum: 6]
      [Scan RS (ms): Min: 0.0, Avg: 0.0, Max: 0.0, Diff: 0.0, Sum: 0.0]
      [Code Root Scanning (ms): Min: 0.0, Avg: 0.0, Max: 0.0, Diff: 0.0, Sum: 0.0]
      [Object Copy (ms): Min: 0.0, Avg: 0.1, Max: 0.1, Diff: 0.1, Sum: 0.3]
      [Termination (ms): Min: 0.0, Avg: 0.0, Max: 0.0, Diff: 0.0, Sum: 0.1]
         [Termination Attempts: Min: 1, Avg: 1.0, Max: 1, Diff: 0, Sum: 4]
      [GC Worker Other (ms): Min: 0.0, Avg: 0.0, Max: 0.0, Diff: 0.0, Sum: 0.0]
      [GC Worker Total (ms): Min: 0.3, Avg: 0.3, Max: 0.3, Diff: 0.0, Sum: 1.2]
      [GC Worker End (ms): Min: 268.2, Avg: 268.2, Max: 268.2, Diff: 0.0]
   [Code Root Fixup: 0.0 ms]
   [Code Root Purge: 0.0 ms]
   [Clear CT: 0.1 ms]
   [Other: 0.2 ms]
      [Choose CSet: 0.0 ms]
      [Ref Proc: 0.1 ms]
      [Ref Enq: 0.0 ms]
      [Redirty Cards: 0.1 ms]
      [Humongous Register: 0.0 ms]
      [Humongous Reclaim: 0.0 ms]
      [Free CSet: 0.0 ms]
   [Eden: 1024.0K(5120.0K)->0.0B(6144.0K) Survivors: 1024.0K->0.0B Heap: 100.5M(128.0M)->99.5M(128.0M)]
 [Times: user=0.00 sys=0.00, real=0.00 secs] 
2021-01-22T12:20:00.187-0800: 0.269: [GC concurrent-root-region-scan-start]
2021-01-22T12:20:00.187-0800: 0.269: [GC concurrent-root-region-scan-end, 0.0000092 secs]
2021-01-22T12:20:00.187-0800: 0.269: [GC concurrent-mark-start]
2021-01-22T12:20:00.189-0800: 0.270: [GC concurrent-mark-end, 0.0011184 secs]
2021-01-22T12:20:00.189-0800: 0.270: [GC remark 2021-01-22T12:20:00.189-0800: 0.270: [Finalize Marking, 0.0000954 secs] 2021-01-22T12:20:00.189-0800: 0.270: [GC ref-proc, 0.0000324 secs] 2021-01-22T12:20:00.189-0800: 0.270: [Unloading, 0.0005599 secs], 0.0011709 secs]
 [Times: user=0.00 sys=0.00, real=0.01 secs] 
2021-01-22T12:20:00.190-0800: 0.271: [GC cleanup 107M->107M(128M), 0.0002837 secs]
 [Times: user=0.01 sys=0.01, real=0.00 secs] 
2021-01-22T12:20:00.190-0800: 0.272: [GC pause (G1 Evacuation Pause) (young), 0.0010600 secs]
   [Parallel Time: 0.8 ms, GC Workers: 4]
      [GC Worker Start (ms): Min: 271.7, Avg: 271.8, Max: 271.8, Diff: 0.0]
      [Ext Root Scanning (ms): Min: 0.1, Avg: 0.1, Max: 0.2, Diff: 0.0, Sum: 0.6]
      [Update RS (ms): Min: 0.4, Avg: 0.5, Max: 0.5, Diff: 0.1, Sum: 1.9]
         [Processed Buffers: Min: 6, Avg: 7.0, Max: 8, Diff: 2, Sum: 28]
      [Scan RS (ms): Min: 0.0, Avg: 0.0, Max: 0.0, Diff: 0.0, Sum: 0.0]
      [Code Root Scanning (ms): Min: 0.0, Avg: 0.0, Max: 0.0, Diff: 0.0, Sum: 0.0]
      [Object Copy (ms): Min: 0.0, Avg: 0.1, Max: 0.1, Diff: 0.1, Sum: 0.3]
      [Termination (ms): Min: 0.0, Avg: 0.0, Max: 0.1, Diff: 0.1, Sum: 0.2]
         [Termination Attempts: Min: 1, Avg: 1.0, Max: 1, Diff: 0, Sum: 4]
      [GC Worker Other (ms): Min: 0.0, Avg: 0.0, Max: 0.0, Diff: 0.0, Sum: 0.1]
      [GC Worker Total (ms): Min: 0.7, Avg: 0.8, Max: 0.8, Diff: 0.0, Sum: 3.0]
      [GC Worker End (ms): Min: 272.5, Avg: 272.5, Max: 272.5, Diff: 0.0]
   [Code Root Fixup: 0.0 ms]
   [Code Root Purge: 0.0 ms]
   [Clear CT: 0.0 ms]
   [Other: 0.2 ms]
      [Choose CSet: 0.0 ms]
      [Ref Proc: 0.1 ms]
      [Ref Enq: 0.0 ms]
      [Redirty Cards: 0.1 ms]
      [Humongous Register: 0.0 ms]
      [Humongous Reclaim: 0.0 ms]
      [Free CSet: 0.0 ms]
   [Eden: 6144.0K(6144.0K)->0.0B(5120.0K) Survivors: 0.0B->1024.0K Heap: 108.2M(128.0M)->103.1M(128.0M)]
 [Times: user=0.00 sys=0.00, real=0.00 secs] 
2021-01-22T12:20:00.193-0800: 0.274: [GC pause (G1 Evacuation Pause) (mixed) (to-space exhausted), 0.0009518 secs]
   [Parallel Time: 0.6 ms, GC Workers: 4]
      [GC Worker Start (ms): Min: 274.2, Avg: 274.2, Max: 274.2, Diff: 0.1]
      [Ext Root Scanning (ms): Min: 0.1, Avg: 0.1, Max: 0.2, Diff: 0.1, Sum: 0.6]
      [Update RS (ms): Min: 0.2, Avg: 0.3, Max: 0.3, Diff: 0.0, Sum: 1.1]
         [Processed Buffers: Min: 4, Avg: 4.2, Max: 5, Diff: 1, Sum: 17]
      [Scan RS (ms): Min: 0.0, Avg: 0.0, Max: 0.0, Diff: 0.0, Sum: 0.0]
      [Code Root Scanning (ms): Min: 0.0, Avg: 0.0, Max: 0.0, Diff: 0.0, Sum: 0.0]
      [Object Copy (ms): Min: 0.1, Avg: 0.1, Max: 0.1, Diff: 0.1, Sum: 0.3]
      [Termination (ms): Min: 0.0, Avg: 0.0, Max: 0.0, Diff: 0.0, Sum: 0.1]
         [Termination Attempts: Min: 1, Avg: 1.0, Max: 1, Diff: 0, Sum: 4]
      [GC Worker Other (ms): Min: 0.0, Avg: 0.0, Max: 0.0, Diff: 0.0, Sum: 0.0]
      [GC Worker Total (ms): Min: 0.5, Avg: 0.5, Max: 0.6, Diff: 0.0, Sum: 2.1]
      [GC Worker End (ms): Min: 274.7, Avg: 274.7, Max: 274.7, Diff: 0.0]
   [Code Root Fixup: 0.0 ms]
   [Code Root Purge: 0.0 ms]
   [Clear CT: 0.0 ms]
   [Other: 0.3 ms]
      [Evacuation Failure: 0.1 ms]
      [Choose CSet: 0.0 ms]
      [Ref Proc: 0.0 ms]
      [Ref Enq: 0.0 ms]
      [Redirty Cards: 0.1 ms]
      [Humongous Register: 0.0 ms]
      [Humongous Reclaim: 0.0 ms]
      [Free CSet: 0.0 ms]
   [Eden: 5120.0K(5120.0K)->0.0B(6144.0K) Survivors: 1024.0K->0.0B Heap: 109.6M(128.0M)->109.7M(128.0M)]
 [Times: user=0.00 sys=0.00, real=0.00 secs] 
2021-01-22T12:20:00.194-0800: 0.275: [Full GC (Allocation Failure)  109M->94M(128M), 0.0142029 secs]
   [Eden: 0.0B(6144.0K)->0.0B(6144.0K) Survivors: 0.0B->0.0B Heap: 109.7M(128.0M)->94.9M(128.0M)], [Metaspace: 2734K->2734K(1056768K)]
 [Times: user=0.02 sys=0.00, real=0.01 secs] 
2021-01-22T12:20:00.209-0800: 0.290: [GC pause (G1 Humongous Allocation) (young) (initial-mark), 0.0005520 secs]
   [Parallel Time: 0.3 ms, GC Workers: 4]
      [GC Worker Start (ms): Min: 289.8, Avg: 289.8, Max: 289.8, Diff: 0.0]
      [Ext Root Scanning (ms): Min: 0.1, Avg: 0.1, Max: 0.2, Diff: 0.0, Sum: 0.6]
      [Update RS (ms): Min: 0.0, Avg: 0.0, Max: 0.1, Diff: 0.1, Sum: 0.1]
         [Processed Buffers: Min: 0, Avg: 0.5, Max: 1, Diff: 1, Sum: 2]
      [Scan RS (ms): Min: 0.0, Avg: 0.0, Max: 0.0, Diff: 0.0, Sum: 0.0]
      [Code Root Scanning (ms): Min: 0.0, Avg: 0.0, Max: 0.0, Diff: 0.0, Sum: 0.0]
      [Object Copy (ms): Min: 0.0, Avg: 0.0, Max: 0.1, Diff: 0.1, Sum: 0.1]
      [Termination (ms): Min: 0.0, Avg: 0.0, Max: 0.1, Diff: 0.1, Sum: 0.2]
         [Termination Attempts: Min: 1, Avg: 1.5, Max: 2, Diff: 1, Sum: 6]
      [GC Worker Other (ms): Min: 0.0, Avg: 0.0, Max: 0.0, Diff: 0.0, Sum: 0.0]
      [GC Worker Total (ms): Min: 0.2, Avg: 0.3, Max: 0.3, Diff: 0.0, Sum: 1.0]
      [GC Worker End (ms): Min: 290.1, Avg: 290.1, Max: 290.1, Diff: 0.0]
   [Code Root Fixup: 0.0 ms]
   [Code Root Purge: 0.0 ms]
   [Clear CT: 0.1 ms]
   [Other: 0.2 ms]
      [Choose CSet: 0.0 ms]
      [Ref Proc: 0.1 ms]
      [Ref Enq: 0.0 ms]
      [Redirty Cards: 0.0 ms]
      [Humongous Register: 0.0 ms]
      [Humongous Reclaim: 0.0 ms]
      [Free CSet: 0.0 ms]
   [Eden: 2048.0K(6144.0K)->0.0B(5120.0K) Survivors: 0.0B->1024.0K Heap: 96.3M(128.0M)->95.2M(128.0M)]
 [Times: user=0.00 sys=0.00, real=0.00 secs] 
2021-01-22T12:20:00.209-0800: 0.290: [GC concurrent-root-region-scan-start]
2021-01-22T12:20:00.209-0800: 0.291: [GC concurrent-root-region-scan-end, 0.0000584 secs]
2021-01-22T12:20:00.209-0800: 0.291: [GC concurrent-mark-start]
2021-01-22T12:20:00.210-0800: 0.291: [GC pause (G1 Humongous Allocation) (young) (to-space exhausted), 0.0008278 secs]
   [Parallel Time: 0.5 ms, GC Workers: 4]
      [GC Worker Start (ms): Min: 291.5, Avg: 291.5, Max: 291.5, Diff: 0.0]
      [Ext Root Scanning (ms): Min: 0.1, Avg: 0.1, Max: 0.2, Diff: 0.0, Sum: 0.6]
      [Update RS (ms): Min: 0.2, Avg: 0.3, Max: 0.3, Diff: 0.0, Sum: 1.0]
         [Processed Buffers: Min: 3, Avg: 4.0, Max: 5, Diff: 2, Sum: 16]
      [Scan RS (ms): Min: 0.0, Avg: 0.0, Max: 0.0, Diff: 0.0, Sum: 0.0]
      [Code Root Scanning (ms): Min: 0.0, Avg: 0.0, Max: 0.0, Diff: 0.0, Sum: 0.0]
      [Object Copy (ms): Min: 0.0, Avg: 0.0, Max: 0.0, Diff: 0.0, Sum: 0.1]
      [Termination (ms): Min: 0.0, Avg: 0.0, Max: 0.0, Diff: 0.0, Sum: 0.0]
         [Termination Attempts: Min: 1, Avg: 1.0, Max: 1, Diff: 0, Sum: 4]
      [GC Worker Other (ms): Min: 0.0, Avg: 0.0, Max: 0.0, Diff: 0.0, Sum: 0.0]
      [GC Worker Total (ms): Min: 0.4, Avg: 0.5, Max: 0.5, Diff: 0.0, Sum: 1.8]
      [GC Worker End (ms): Min: 292.0, Avg: 292.0, Max: 292.0, Diff: 0.0]
   [Code Root Fixup: 0.0 ms]
   [Code Root Purge: 0.0 ms]
   [Clear CT: 0.1 ms]
   [Other: 0.3 ms]
      [Evacuation Failure: 0.1 ms]
      [Choose CSet: 0.0 ms]
      [Ref Proc: 0.1 ms]
      [Ref Enq: 0.0 ms]
      [Redirty Cards: 0.1 ms]
      [Humongous Register: 0.0 ms]
      [Humongous Reclaim: 0.0 ms]
      [Free CSet: 0.0 ms]
   [Eden: 3072.0K(5120.0K)->0.0B(6144.0K) Survivors: 1024.0K->0.0B Heap: 99.6M(128.0M)->99.0M(128.0M)]
 [Times: user=0.00 sys=0.00, real=0.00 secs] 
2021-01-22T12:20:00.211-0800: 0.292: [GC concurrent-mark-end, 0.0019630 secs]
2021-01-22T12:20:00.211-0800: 0.293: [GC remark 2021-01-22T12:20:00.211-0800: 0.293: [Finalize Marking, 0.0000820 secs] 2021-01-22T12:20:00.212-0800: 0.293: [GC ref-proc, 0.0000258 secs] 2021-01-22T12:20:00.212-0800: 0.293: [Unloading, 0.0005355 secs], 0.0010659 secs]
 [Times: user=0.01 sys=0.00, real=0.00 secs] 
2021-01-22T12:20:00.213-0800: 0.294: [GC pause (G1 Evacuation Pause) (young), 0.0006552 secs]
   [Parallel Time: 0.4 ms, GC Workers: 4]
      [GC Worker Start (ms): Min: 293.9, Avg: 293.9, Max: 293.9, Diff: 0.0]
      [Ext Root Scanning (ms): Min: 0.1, Avg: 0.1, Max: 0.1, Diff: 0.0, Sum: 0.5]
      [Update RS (ms): Min: 0.1, Avg: 0.1, Max: 0.2, Diff: 0.1, Sum: 0.6]
         [Processed Buffers: Min: 3, Avg: 3.0, Max: 3, Diff: 0, Sum: 12]
      [Scan RS (ms): Min: 0.0, Avg: 0.0, Max: 0.0, Diff: 0.0, Sum: 0.0]
      [Code Root Scanning (ms): Min: 0.0, Avg: 0.0, Max: 0.0, Diff: 0.0, Sum: 0.0]
      [Object Copy (ms): Min: 0.0, Avg: 0.0, Max: 0.0, Diff: 0.0, Sum: 0.0]
      [Termination (ms): Min: 0.0, Avg: 0.0, Max: 0.1, Diff: 0.1, Sum: 0.2]
         [Termination Attempts: Min: 1, Avg: 1.0, Max: 1, Diff: 0, Sum: 4]
      [GC Worker Other (ms): Min: 0.0, Avg: 0.0, Max: 0.0, Diff: 0.0, Sum: 0.0]
      [GC Worker Total (ms): Min: 0.3, Avg: 0.3, Max: 0.3, Diff: 0.0, Sum: 1.3]
      [GC Worker End (ms): Min: 294.2, Avg: 294.2, Max: 294.2, Diff: 0.0]
   [Code Root Fixup: 0.0 ms]
   [Code Root Purge: 0.0 ms]
   [Clear CT: 0.0 ms]
   [Other: 0.3 ms]
      [Choose CSet: 0.0 ms]
      [Ref Proc: 0.1 ms]
      [Ref Enq: 0.0 ms]
      [Redirty Cards: 0.1 ms]
      [Humongous Register: 0.0 ms]
      [Humongous Reclaim: 0.0 ms]
      [Free CSet: 0.0 ms]
   [Eden: 0.0B(6144.0K)->0.0B(6144.0K) Survivors: 0.0B->0.0B Heap: 99.8M(128.0M)->99.8M(128.0M)]
 [Times: user=0.00 sys=0.00, real=0.00 secs] 
2021-01-22T12:20:00.213-0800: 0.295: [GC pause (G1 Evacuation Pause) (young), 0.0005169 secs]
   [Parallel Time: 0.3 ms, GC Workers: 4]
      [GC Worker Start (ms): Min: 294.7, Avg: 294.7, Max: 294.7, Diff: 0.0]
      [Ext Root Scanning (ms): Min: 0.1, Avg: 0.1, Max: 0.1, Diff: 0.0, Sum: 0.4]
      [Update RS (ms): Min: 0.0, Avg: 0.0, Max: 0.1, Diff: 0.1, Sum: 0.1]
         [Processed Buffers: Min: 0, Avg: 0.5, Max: 1, Diff: 1, Sum: 2]
      [Scan RS (ms): Min: 0.0, Avg: 0.0, Max: 0.0, Diff: 0.0, Sum: 0.0]
      [Code Root Scanning (ms): Min: 0.0, Avg: 0.0, Max: 0.0, Diff: 0.0, Sum: 0.0]
      [Object Copy (ms): Min: 0.0, Avg: 0.0, Max: 0.0, Diff: 0.0, Sum: 0.0]
      [Termination (ms): Min: 0.0, Avg: 0.1, Max: 0.1, Diff: 0.1, Sum: 0.3]
         [Termination Attempts: Min: 1, Avg: 1.0, Max: 1, Diff: 0, Sum: 4]
      [GC Worker Other (ms): Min: 0.0, Avg: 0.0, Max: 0.0, Diff: 0.0, Sum: 0.0]
      [GC Worker Total (ms): Min: 0.2, Avg: 0.2, Max: 0.2, Diff: 0.1, Sum: 0.8]
      [GC Worker End (ms): Min: 294.9, Avg: 294.9, Max: 294.9, Diff: 0.0]
   [Code Root Fixup: 0.0 ms]
   [Code Root Purge: 0.0 ms]
   [Clear CT: 0.1 ms]
   [Other: 0.2 ms]
      [Choose CSet: 0.0 ms]
      [Ref Proc: 0.1 ms]
      [Ref Enq: 0.0 ms]
      [Redirty Cards: 0.1 ms]
      [Humongous Register: 0.0 ms]
      [Humongous Reclaim: 0.0 ms]
      [Free CSet: 0.0 ms]
   [Eden: 0.0B(6144.0K)->0.0B(6144.0K) Survivors: 0.0B->0.0B Heap: 99.8M(128.0M)->99.8M(128.0M)]
 [Times: user=0.00 sys=0.00, real=0.00 secs] 
2021-01-22T12:20:00.214-0800: 0.295: [Full GC (Allocation Failure)  99M->97M(128M), 0.0100458 secs]
   [Eden: 0.0B(6144.0K)->0.0B(6144.0K) Survivors: 0.0B->0.0B Heap: 99.8M(128.0M)->97.4M(128.0M)], [Metaspace: 2734K->2734K(1056768K)]
 [Times: user=0.01 sys=0.00, real=0.01 secs] 
2021-01-22T12:20:00.224-0800: 0.306: [GC cleanup, 0.0000233 secs]
 [Times: user=0.00 sys=0.00, real=0.00 secs] 
2021-01-22T12:20:00.224-0800: 0.306: [GC concurrent-mark-abort]
2021-01-22T12:20:00.225-0800: 0.307: [GC pause (G1 Evacuation Pause) (young) (to-space exhausted), 0.0006564 secs]
   [Parallel Time: 0.4 ms, GC Workers: 4]
      [GC Worker Start (ms): Min: 306.8, Avg: 306.8, Max: 306.8, Diff: 0.0]
      [Ext Root Scanning (ms): Min: 0.1, Avg: 0.1, Max: 0.2, Diff: 0.0, Sum: 0.6]
      [Update RS (ms): Min: 0.0, Avg: 0.0, Max: 0.1, Diff: 0.1, Sum: 0.1]
         [Processed Buffers: Min: 0, Avg: 0.5, Max: 1, Diff: 1, Sum: 2]
      [Scan RS (ms): Min: 0.0, Avg: 0.0, Max: 0.0, Diff: 0.0, Sum: 0.0]
      [Code Root Scanning (ms): Min: 0.0, Avg: 0.0, Max: 0.0, Diff: 0.0, Sum: 0.0]
      [Object Copy (ms): Min: 0.0, Avg: 0.0, Max: 0.0, Diff: 0.0, Sum: 0.1]
      [Termination (ms): Min: 0.0, Avg: 0.0, Max: 0.0, Diff: 0.0, Sum: 0.1]
         [Termination Attempts: Min: 1, Avg: 1.8, Max: 3, Diff: 2, Sum: 7]
      [GC Worker Other (ms): Min: 0.0, Avg: 0.0, Max: 0.0, Diff: 0.0, Sum: 0.0]
      [GC Worker Total (ms): Min: 0.2, Avg: 0.2, Max: 0.2, Diff: 0.0, Sum: 0.9]
      [GC Worker End (ms): Min: 307.0, Avg: 307.0, Max: 307.0, Diff: 0.0]
   [Code Root Fixup: 0.0 ms]
   [Code Root Purge: 0.0 ms]
   [Clear CT: 0.0 ms]
   [Other: 0.2 ms]
      [Evacuation Failure: 0.1 ms]
      [Choose CSet: 0.0 ms]
      [Ref Proc: 0.1 ms]
      [Ref Enq: 0.0 ms]
      [Redirty Cards: 0.0 ms]
      [Humongous Register: 0.0 ms]
      [Humongous Reclaim: 0.0 ms]
      [Free CSet: 0.0 ms]
   [Eden: 4096.0K(6144.0K)->0.0B(6144.0K) Survivors: 0.0B->0.0B Heap: 101.4M(128.0M)->100.4M(128.0M)]
 [Times: user=0.00 sys=0.00, real=0.00 secs] 
2021-01-22T12:20:00.227-0800: 0.308: [GC pause (G1 Evacuation Pause) (young) (initial-mark) (to-space exhausted), 0.0006260 secs]
   [Parallel Time: 0.3 ms, GC Workers: 4]
      [GC Worker Start (ms): Min: 307.9, Avg: 307.9, Max: 308.0, Diff: 0.0]
      [Ext Root Scanning (ms): Min: 0.1, Avg: 0.1, Max: 0.2, Diff: 0.0, Sum: 0.6]
      [Update RS (ms): Min: 0.0, Avg: 0.0, Max: 0.1, Diff: 0.0, Sum: 0.1]
         [Processed Buffers: Min: 1, Avg: 1.5, Max: 3, Diff: 2, Sum: 6]
      [Scan RS (ms): Min: 0.0, Avg: 0.0, Max: 0.0, Diff: 0.0, Sum: 0.0]
      [Code Root Scanning (ms): Min: 0.0, Avg: 0.0, Max: 0.0, Diff: 0.0, Sum: 0.0]
      [Object Copy (ms): Min: 0.0, Avg: 0.0, Max: 0.0, Diff: 0.0, Sum: 0.0]
      [Termination (ms): Min: 0.0, Avg: 0.0, Max: 0.1, Diff: 0.1, Sum: 0.2]
         [Termination Attempts: Min: 1, Avg: 1.0, Max: 1, Diff: 0, Sum: 4]
      [GC Worker Other (ms): Min: 0.0, Avg: 0.0, Max: 0.0, Diff: 0.0, Sum: 0.0]
      [GC Worker Total (ms): Min: 0.2, Avg: 0.2, Max: 0.3, Diff: 0.0, Sum: 1.0]
      [GC Worker End (ms): Min: 308.2, Avg: 308.2, Max: 308.2, Diff: 0.0]
   [Code Root Fixup: 0.0 ms]
   [Code Root Purge: 0.0 ms]
   [Clear CT: 0.0 ms]
   [Other: 0.3 ms]
      [Evacuation Failure: 0.1 ms]
      [Choose CSet: 0.0 ms]
      [Ref Proc: 0.1 ms]
      [Ref Enq: 0.0 ms]
      [Redirty Cards: 0.0 ms]
      [Humongous Register: 0.0 ms]
      [Humongous Reclaim: 0.0 ms]
      [Free CSet: 0.0 ms]
   [Eden: 1024.0K(6144.0K)->0.0B(6144.0K) Survivors: 0.0B->0.0B Heap: 101.4M(128.0M)->101.4M(128.0M)]
 [Times: user=0.00 sys=0.00, real=0.00 secs] 
2021-01-22T12:20:00.227-0800: 0.309: [GC concurrent-root-region-scan-start]
2021-01-22T12:20:00.227-0800: 0.309: [GC concurrent-root-region-scan-end, 0.0000120 secs]
2021-01-22T12:20:00.227-0800: 0.309: [GC concurrent-mark-start]
2021-01-22T12:20:00.227-0800: 0.309: [Full GC (Allocation Failure)  101M->98M(128M), 0.0031752 secs]
   [Eden: 0.0B(6144.0K)->0.0B(6144.0K) Survivors: 0.0B->0.0B Heap: 101.4M(128.0M)->98.1M(128.0M)], [Metaspace: 2734K->2734K(1056768K)]
 [Times: user=0.01 sys=0.00, real=0.01 secs] 
2021-01-22T12:20:00.231-0800: 0.312: [GC concurrent-mark-abort]
2021-01-22T12:20:00.231-0800: 0.313: [GC pause (G1 Evacuation Pause) (young) (to-space exhausted), 0.0006356 secs]
   [Parallel Time: 0.3 ms, GC Workers: 4]
      [GC Worker Start (ms): Min: 312.6, Avg: 312.7, Max: 312.7, Diff: 0.0]
      [Ext Root Scanning (ms): Min: 0.1, Avg: 0.1, Max: 0.2, Diff: 0.0, Sum: 0.6]
      [Update RS (ms): Min: 0.0, Avg: 0.0, Max: 0.1, Diff: 0.1, Sum: 0.1]
         [Processed Buffers: Min: 0, Avg: 0.5, Max: 1, Diff: 1, Sum: 2]
      [Scan RS (ms): Min: 0.0, Avg: 0.0, Max: 0.0, Diff: 0.0, Sum: 0.0]
      [Code Root Scanning (ms): Min: 0.0, Avg: 0.0, Max: 0.0, Diff: 0.0, Sum: 0.0]
      [Object Copy (ms): Min: 0.0, Avg: 0.0, Max: 0.0, Diff: 0.0, Sum: 0.0]
      [Termination (ms): Min: 0.0, Avg: 0.1, Max: 0.1, Diff: 0.1, Sum: 0.2]
         [Termination Attempts: Min: 1, Avg: 2.0, Max: 3, Diff: 2, Sum: 8]
      [GC Worker Other (ms): Min: 0.0, Avg: 0.0, Max: 0.0, Diff: 0.0, Sum: 0.0]
      [GC Worker Total (ms): Min: 0.2, Avg: 0.3, Max: 0.3, Diff: 0.0, Sum: 1.0]
      [GC Worker End (ms): Min: 312.9, Avg: 312.9, Max: 312.9, Diff: 0.0]
   [Code Root Fixup: 0.0 ms]
   [Code Root Purge: 0.0 ms]
   [Clear CT: 0.1 ms]
   [Other: 0.3 ms]
      [Evacuation Failure: 0.1 ms]
      [Choose CSet: 0.0 ms]
      [Ref Proc: 0.1 ms]
      [Ref Enq: 0.0 ms]
      [Redirty Cards: 0.0 ms]
      [Humongous Register: 0.0 ms]
      [Humongous Reclaim: 0.0 ms]
      [Free CSet: 0.0 ms]
   [Eden: 3072.0K(6144.0K)->0.0B(6144.0K) Survivors: 0.0B->0.0B Heap: 101.1M(128.0M)->101.1M(128.0M)]
 [Times: user=0.00 sys=0.00, real=0.00 secs] 
2021-01-22T12:20:00.232-0800: 0.313: [Full GC (Allocation Failure)  101M->98M(128M), 0.0028013 secs]
   [Eden: 0.0B(6144.0K)->0.0B(6144.0K) Survivors: 0.0B->0.0B Heap: 101.1M(128.0M)->99.0M(128.0M)], [Metaspace: 2734K->2734K(1056768K)]
 [Times: user=0.00 sys=0.00, real=0.00 secs] 
2021-01-22T12:20:00.235-0800: 0.317: [GC pause (G1 Evacuation Pause) (young) (to-space exhausted), 0.0005834 secs]
   [Parallel Time: 0.3 ms, GC Workers: 4]
      [GC Worker Start (ms): Min: 316.7, Avg: 316.7, Max: 316.7, Diff: 0.0]
      [Ext Root Scanning (ms): Min: 0.1, Avg: 0.1, Max: 0.2, Diff: 0.0, Sum: 0.5]
      [Update RS (ms): Min: 0.0, Avg: 0.0, Max: 0.1, Diff: 0.1, Sum: 0.1]
         [Processed Buffers: Min: 0, Avg: 0.5, Max: 1, Diff: 1, Sum: 2]
      [Scan RS (ms): Min: 0.0, Avg: 0.0, Max: 0.0, Diff: 0.0, Sum: 0.0]
      [Code Root Scanning (ms): Min: 0.0, Avg: 0.0, Max: 0.0, Diff: 0.0, Sum: 0.0]
      [Object Copy (ms): Min: 0.0, Avg: 0.0, Max: 0.0, Diff: 0.0, Sum: 0.0]
      [Termination (ms): Min: 0.0, Avg: 0.0, Max: 0.1, Diff: 0.1, Sum: 0.2]
         [Termination Attempts: Min: 1, Avg: 2.2, Max: 5, Diff: 4, Sum: 9]
      [GC Worker Other (ms): Min: 0.0, Avg: 0.0, Max: 0.0, Diff: 0.0, Sum: 0.0]
      [GC Worker Total (ms): Min: 0.2, Avg: 0.2, Max: 0.2, Diff: 0.0, Sum: 0.9]
      [GC Worker End (ms): Min: 316.9, Avg: 316.9, Max: 316.9, Diff: 0.0]
   [Code Root Fixup: 0.0 ms]
   [Code Root Purge: 0.0 ms]
   [Clear CT: 0.1 ms]
   [Other: 0.2 ms]
      [Evacuation Failure: 0.0 ms]
      [Choose CSet: 0.0 ms]
      [Ref Proc: 0.1 ms]
      [Ref Enq: 0.0 ms]
      [Redirty Cards: 0.0 ms]
      [Humongous Register: 0.0 ms]
      [Humongous Reclaim: 0.0 ms]
      [Free CSet: 0.0 ms]
   [Eden: 3072.0K(6144.0K)->0.0B(6144.0K) Survivors: 0.0B->0.0B Heap: 102.0M(128.0M)->102.0M(128.0M)]
 [Times: user=0.01 sys=0.00, real=0.00 secs] 
2021-01-22T12:20:00.236-0800: 0.317: [Full GC (Allocation Failure)  101M->99M(128M), 0.0093518 secs]
   [Eden: 0.0B(6144.0K)->0.0B(6144.0K) Survivors: 0.0B->0.0B Heap: 102.0M(128.0M)->99.9M(128.0M)], [Metaspace: 2734K->2734K(1056768K)]
 [Times: user=0.01 sys=0.00, real=0.01 secs] 
2021-01-22T12:20:00.246-0800: 0.327: [GC pause (G1 Evacuation Pause) (young) (to-space exhausted), 0.0005546 secs]
   [Parallel Time: 0.3 ms, GC Workers: 4]
      [GC Worker Start (ms): Min: 327.2, Avg: 327.2, Max: 327.2, Diff: 0.0]
      [Ext Root Scanning (ms): Min: 0.1, Avg: 0.1, Max: 0.2, Diff: 0.0, Sum: 0.6]
      [Update RS (ms): Min: 0.0, Avg: 0.0, Max: 0.1, Diff: 0.1, Sum: 0.1]
         [Processed Buffers: Min: 0, Avg: 0.5, Max: 1, Diff: 1, Sum: 2]
      [Scan RS (ms): Min: 0.0, Avg: 0.0, Max: 0.0, Diff: 0.0, Sum: 0.0]
      [Code Root Scanning (ms): Min: 0.0, Avg: 0.0, Max: 0.0, Diff: 0.0, Sum: 0.0]
      [Object Copy (ms): Min: 0.0, Avg: 0.0, Max: 0.0, Diff: 0.0, Sum: 0.0]
      [Termination (ms): Min: 0.0, Avg: 0.1, Max: 0.1, Diff: 0.1, Sum: 0.3]
         [Termination Attempts: Min: 1, Avg: 1.2, Max: 2, Diff: 1, Sum: 5]
      [GC Worker Other (ms): Min: 0.0, Avg: 0.0, Max: 0.0, Diff: 0.0, Sum: 0.0]
      [GC Worker Total (ms): Min: 0.2, Avg: 0.3, Max: 0.3, Diff: 0.0, Sum: 1.0]
      [GC Worker End (ms): Min: 327.4, Avg: 327.5, Max: 327.5, Diff: 0.0]
   [Code Root Fixup: 0.0 ms]
   [Code Root Purge: 0.0 ms]
   [Clear CT: 0.0 ms]
   [Other: 0.2 ms]
      [Evacuation Failure: 0.0 ms]
      [Choose CSet: 0.0 ms]
      [Ref Proc: 0.1 ms]
      [Ref Enq: 0.0 ms]
      [Redirty Cards: 0.0 ms]
      [Humongous Register: 0.0 ms]
      [Humongous Reclaim: 0.0 ms]
      [Free CSet: 0.0 ms]
   [Eden: 2048.0K(6144.0K)->0.0B(6144.0K) Survivors: 0.0B->0.0B Heap: 101.9M(128.0M)->101.9M(128.0M)]
 [Times: user=0.00 sys=0.00, real=0.00 secs] 
2021-01-22T12:20:00.247-0800: 0.328: [Full GC (Allocation Failure)  101M->100M(128M), 0.0025827 secs]
   [Eden: 0.0B(6144.0K)->0.0B(6144.0K) Survivors: 0.0B->0.0B Heap: 101.9M(128.0M)->100.7M(128.0M)], [Metaspace: 2734K->2734K(1056768K)]
 [Times: user=0.00 sys=0.00, real=0.00 secs] 
2021-01-22T12:20:00.250-0800: 0.331: [GC pause (G1 Evacuation Pause) (young) (to-space exhausted), 0.0006711 secs]
   [Parallel Time: 0.4 ms, GC Workers: 4]
      [GC Worker Start (ms): Min: 331.1, Avg: 331.2, Max: 331.4, Diff: 0.3]
      [Ext Root Scanning (ms): Min: 0.0, Avg: 0.1, Max: 0.2, Diff: 0.2, Sum: 0.5]
      [Update RS (ms): Min: 0.0, Avg: 0.0, Max: 0.1, Diff: 0.1, Sum: 0.1]
         [Processed Buffers: Min: 0, Avg: 0.5, Max: 1, Diff: 1, Sum: 2]
      [Scan RS (ms): Min: 0.0, Avg: 0.0, Max: 0.0, Diff: 0.0, Sum: 0.0]
      [Code Root Scanning (ms): Min: 0.0, Avg: 0.0, Max: 0.0, Diff: 0.0, Sum: 0.0]
      [Object Copy (ms): Min: 0.0, Avg: 0.0, Max: 0.0, Diff: 0.0, Sum: 0.0]
      [Termination (ms): Min: 0.0, Avg: 0.0, Max: 0.1, Diff: 0.1, Sum: 0.2]
         [Termination Attempts: Min: 1, Avg: 1.5, Max: 3, Diff: 2, Sum: 6]
      [GC Worker Other (ms): Min: 0.0, Avg: 0.0, Max: 0.0, Diff: 0.0, Sum: 0.0]
      [GC Worker Total (ms): Min: 0.0, Avg: 0.2, Max: 0.3, Diff: 0.3, Sum: 0.9]
      [GC Worker End (ms): Min: 331.4, Avg: 331.4, Max: 331.4, Diff: 0.0]
   [Code Root Fixup: 0.0 ms]
   [Code Root Purge: 0.0 ms]
   [Clear CT: 0.1 ms]
   [Other: 0.3 ms]
      [Evacuation Failure: 0.0 ms]
      [Choose CSet: 0.0 ms]
      [Ref Proc: 0.1 ms]
      [Ref Enq: 0.0 ms]
      [Redirty Cards: 0.0 ms]
      [Humongous Register: 0.0 ms]
      [Humongous Reclaim: 0.0 ms]
      [Free CSet: 0.0 ms]
   [Eden: 2048.0K(6144.0K)->0.0B(6144.0K) Survivors: 0.0B->0.0B Heap: 102.7M(128.0M)->102.7M(128.0M)]
 [Times: user=0.00 sys=0.00, real=0.00 secs] 
2021-01-22T12:20:00.251-0800: 0.332: [Full GC (Allocation Failure)  102M->100M(128M), 0.0045711 secs]
   [Eden: 0.0B(6144.0K)->0.0B(6144.0K) Survivors: 0.0B->0.0B Heap: 102.7M(128.0M)->100.8M(128.0M)], [Metaspace: 2734K->2734K(1056768K)]
 [Times: user=0.01 sys=0.00, real=0.00 secs] 
2021-01-22T12:20:00.256-0800: 0.337: [GC pause (G1 Evacuation Pause) (young) (to-space exhausted), 0.0005848 secs]
   [Parallel Time: 0.3 ms, GC Workers: 4]
      [GC Worker Start (ms): Min: 336.8, Avg: 336.8, Max: 336.9, Diff: 0.0]
      [Ext Root Scanning (ms): Min: 0.1, Avg: 0.1, Max: 0.2, Diff: 0.0, Sum: 0.6]
      [Update RS (ms): Min: 0.0, Avg: 0.0, Max: 0.1, Diff: 0.1, Sum: 0.1]
         [Processed Buffers: Min: 0, Avg: 0.5, Max: 1, Diff: 1, Sum: 2]
      [Scan RS (ms): Min: 0.0, Avg: 0.0, Max: 0.0, Diff: 0.0, Sum: 0.0]
      [Code Root Scanning (ms): Min: 0.0, Avg: 0.0, Max: 0.0, Diff: 0.0, Sum: 0.0]
      [Object Copy (ms): Min: 0.0, Avg: 0.0, Max: 0.0, Diff: 0.0, Sum: 0.0]
      [Termination (ms): Min: 0.0, Avg: 0.1, Max: 0.1, Diff: 0.1, Sum: 0.2]
         [Termination Attempts: Min: 1, Avg: 1.5, Max: 2, Diff: 1, Sum: 6]
      [GC Worker Other (ms): Min: 0.0, Avg: 0.0, Max: 0.0, Diff: 0.0, Sum: 0.0]
      [GC Worker Total (ms): Min: 0.2, Avg: 0.2, Max: 0.3, Diff: 0.1, Sum: 0.9]
      [GC Worker End (ms): Min: 337.1, Avg: 337.1, Max: 337.1, Diff: 0.0]
   [Code Root Fixup: 0.0 ms]
   [Code Root Purge: 0.0 ms]
   [Clear CT: 0.1 ms]
   [Other: 0.2 ms]
      [Evacuation Failure: 0.1 ms]
      [Choose CSet: 0.0 ms]
      [Ref Proc: 0.1 ms]
      [Ref Enq: 0.0 ms]
      [Redirty Cards: 0.0 ms]
      [Humongous Register: 0.0 ms]
      [Humongous Reclaim: 0.0 ms]
      [Free CSet: 0.0 ms]
   [Eden: 1024.0K(6144.0K)->0.0B(6144.0K) Survivors: 0.0B->0.0B Heap: 101.8M(128.0M)->101.1M(128.0M)]
 [Times: user=0.00 sys=0.00, real=0.00 secs] 
2021-01-22T12:20:00.257-0800: 0.338: [GC pause (G1 Evacuation Pause) (young) (initial-mark) (to-space exhausted), 0.0006440 secs]
   [Parallel Time: 0.4 ms, GC Workers: 4]
      [GC Worker Start (ms): Min: 337.8, Avg: 337.9, Max: 337.9, Diff: 0.0]
      [Ext Root Scanning (ms): Min: 0.1, Avg: 0.2, Max: 0.3, Diff: 0.2, Sum: 0.7]
      [Update RS (ms): Min: 0.0, Avg: 0.0, Max: 0.1, Diff: 0.1, Sum: 0.1]
         [Processed Buffers: Min: 0, Avg: 1.2, Max: 3, Diff: 3, Sum: 5]
      [Scan RS (ms): Min: 0.0, Avg: 0.0, Max: 0.0, Diff: 0.0, Sum: 0.0]
      [Code Root Scanning (ms): Min: 0.0, Avg: 0.0, Max: 0.0, Diff: 0.0, Sum: 0.0]
      [Object Copy (ms): Min: 0.0, Avg: 0.0, Max: 0.1, Diff: 0.0, Sum: 0.1]
      [Termination (ms): Min: 0.0, Avg: 0.1, Max: 0.1, Diff: 0.1, Sum: 0.3]
         [Termination Attempts: Min: 1, Avg: 1.5, Max: 2, Diff: 1, Sum: 6]
      [GC Worker Other (ms): Min: 0.0, Avg: 0.0, Max: 0.0, Diff: 0.0, Sum: 0.0]
      [GC Worker Total (ms): Min: 0.3, Avg: 0.3, Max: 0.4, Diff: 0.0, Sum: 1.3]
      [GC Worker End (ms): Min: 338.2, Avg: 338.2, Max: 338.2, Diff: 0.0]
   [Code Root Fixup: 0.0 ms]
   [Code Root Purge: 0.0 ms]
   [Clear CT: 0.0 ms]
   [Other: 0.2 ms]
      [Evacuation Failure: 0.1 ms]
      [Choose CSet: 0.0 ms]
      [Ref Proc: 0.1 ms]
      [Ref Enq: 0.0 ms]
      [Redirty Cards: 0.0 ms]
      [Humongous Register: 0.0 ms]
      [Humongous Reclaim: 0.0 ms]
      [Free CSet: 0.0 ms]
   [Eden: 1024.0K(6144.0K)->0.0B(6144.0K) Survivors: 0.0B->0.0B Heap: 102.1M(128.0M)->102.1M(128.0M)]
 [Times: user=0.00 sys=0.00, real=0.00 secs] 
2021-01-22T12:20:00.257-0800: 0.339: [GC concurrent-root-region-scan-start]
2021-01-22T12:20:00.257-0800: 0.339: [GC concurrent-root-region-scan-end, 0.0000102 secs]
2021-01-22T12:20:00.257-0800: 0.339: [GC concurrent-mark-start]
2021-01-22T12:20:00.257-0800: 0.339: [Full GC (Allocation Failure)  102M->100M(128M), 0.0064699 secs]
   [Eden: 0.0B(6144.0K)->0.0B(6144.0K) Survivors: 0.0B->0.0B Heap: 102.1M(128.0M)->100.4M(128.0M)], [Metaspace: 2734K->2734K(1056768K)]
 [Times: user=0.01 sys=0.00, real=0.01 secs] 
2021-01-22T12:20:00.264-0800: 0.345: [GC concurrent-mark-abort]
2021-01-22T12:20:00.264-0800: 0.346: [GC pause (G1 Evacuation Pause) (young) (to-space exhausted), 0.0006483 secs]
   [Parallel Time: 0.3 ms, GC Workers: 4]
      [GC Worker Start (ms): Min: 345.6, Avg: 345.6, Max: 345.6, Diff: 0.0]
      [Ext Root Scanning (ms): Min: 0.1, Avg: 0.1, Max: 0.2, Diff: 0.0, Sum: 0.6]
      [Update RS (ms): Min: 0.0, Avg: 0.0, Max: 0.1, Diff: 0.1, Sum: 0.1]
         [Processed Buffers: Min: 0, Avg: 0.5, Max: 1, Diff: 1, Sum: 2]
      [Scan RS (ms): Min: 0.0, Avg: 0.0, Max: 0.0, Diff: 0.0, Sum: 0.0]
      [Code Root Scanning (ms): Min: 0.0, Avg: 0.0, Max: 0.0, Diff: 0.0, Sum: 0.0]
      [Object Copy (ms): Min: 0.0, Avg: 0.0, Max: 0.0, Diff: 0.0, Sum: 0.0]
      [Termination (ms): Min: 0.0, Avg: 0.1, Max: 0.1, Diff: 0.1, Sum: 0.3]
         [Termination Attempts: Min: 1, Avg: 1.5, Max: 3, Diff: 2, Sum: 6]
      [GC Worker Other (ms): Min: 0.0, Avg: 0.0, Max: 0.0, Diff: 0.0, Sum: 0.0]
      [GC Worker Total (ms): Min: 0.2, Avg: 0.3, Max: 0.3, Diff: 0.0, Sum: 1.0]
      [GC Worker End (ms): Min: 345.8, Avg: 345.8, Max: 345.8, Diff: 0.0]
   [Code Root Fixup: 0.0 ms]
   [Code Root Purge: 0.0 ms]
   [Clear CT: 0.0 ms]
   [Other: 0.3 ms]
      [Evacuation Failure: 0.1 ms]
      [Choose CSet: 0.0 ms]
      [Ref Proc: 0.1 ms]
      [Ref Enq: 0.0 ms]
      [Redirty Cards: 0.0 ms]
      [Humongous Register: 0.0 ms]
      [Humongous Reclaim: 0.0 ms]
      [Free CSet: 0.0 ms]
   [Eden: 1024.0K(6144.0K)->0.0B(6144.0K) Survivors: 0.0B->0.0B Heap: 101.4M(128.0M)->101.4M(128.0M)]
 [Times: user=0.00 sys=0.00, real=0.00 secs] 
2021-01-22T12:20:00.265-0800: 0.346: [Full GC (Allocation Failure)  101M->100M(128M), 0.0054031 secs]
   [Eden: 0.0B(6144.0K)->0.0B(6144.0K) Survivors: 0.0B->0.0B Heap: 101.4M(128.0M)->100.4M(128.0M)], [Metaspace: 2734K->2734K(1056768K)]
 [Times: user=0.01 sys=0.01, real=0.01 secs] 
2021-01-22T12:20:00.271-0800: 0.352: [GC pause (G1 Evacuation Pause) (young) (to-space exhausted), 0.0008501 secs]
   [Parallel Time: 0.5 ms, GC Workers: 4]
      [GC Worker Start (ms): Min: 352.3, Avg: 352.5, Max: 352.7, Diff: 0.4]
      [Ext Root Scanning (ms): Min: 0.0, Avg: 0.1, Max: 0.2, Diff: 0.2, Sum: 0.3]
      [Update RS (ms): Min: 0.0, Avg: 0.0, Max: 0.1, Diff: 0.1, Sum: 0.1]
         [Processed Buffers: Min: 0, Avg: 0.5, Max: 1, Diff: 1, Sum: 2]
      [Scan RS (ms): Min: 0.0, Avg: 0.0, Max: 0.0, Diff: 0.0, Sum: 0.0]
      [Code Root Scanning (ms): Min: 0.0, Avg: 0.0, Max: 0.0, Diff: 0.0, Sum: 0.0]
      [Object Copy (ms): Min: 0.0, Avg: 0.0, Max: 0.0, Diff: 0.0, Sum: 0.0]
      [Termination (ms): Min: 0.0, Avg: 0.1, Max: 0.2, Diff: 0.2, Sum: 0.5]
         [Termination Attempts: Min: 1, Avg: 1.0, Max: 1, Diff: 0, Sum: 4]
      [GC Worker Other (ms): Min: 0.0, Avg: 0.0, Max: 0.0, Diff: 0.0, Sum: 0.0]
      [GC Worker Total (ms): Min: 0.0, Avg: 0.2, Max: 0.4, Diff: 0.4, Sum: 1.0]
      [GC Worker End (ms): Min: 352.7, Avg: 352.7, Max: 352.7, Diff: 0.0]
   [Code Root Fixup: 0.0 ms]
   [Code Root Purge: 0.0 ms]
   [Clear CT: 0.0 ms]
   [Other: 0.4 ms]
      [Evacuation Failure: 0.0 ms]
      [Choose CSet: 0.0 ms]
      [Ref Proc: 0.2 ms]
      [Ref Enq: 0.0 ms]
      [Redirty Cards: 0.0 ms]
      [Humongous Register: 0.0 ms]
      [Humongous Reclaim: 0.0 ms]
      [Free CSet: 0.0 ms]
   [Eden: 1024.0K(6144.0K)->0.0B(6144.0K) Survivors: 0.0B->0.0B Heap: 101.4M(128.0M)->101.4M(128.0M)]
 [Times: user=0.00 sys=0.00, real=0.00 secs] 
2021-01-22T12:20:00.272-0800: 0.353: [Full GC (Allocation Failure)  101M->100M(128M), 0.0029250 secs]
   [Eden: 0.0B(6144.0K)->0.0B(6144.0K) Survivors: 0.0B->0.0B Heap: 101.4M(128.0M)->100.4M(128.0M)], [Metaspace: 2734K->2734K(1056768K)]
 [Times: user=0.00 sys=0.00, real=0.00 secs] 
2021-01-22T12:20:00.275-0800: 0.357: [GC pause (G1 Evacuation Pause) (young) (to-space exhausted), 0.0005027 secs]
   [Parallel Time: 0.3 ms, GC Workers: 4]
      [GC Worker Start (ms): Min: 356.6, Avg: 356.6, Max: 356.6, Diff: 0.0]
      [Ext Root Scanning (ms): Min: 0.1, Avg: 0.1, Max: 0.1, Diff: 0.0, Sum: 0.5]
      [Update RS (ms): Min: 0.0, Avg: 0.0, Max: 0.1, Diff: 0.1, Sum: 0.1]
         [Processed Buffers: Min: 0, Avg: 0.5, Max: 1, Diff: 1, Sum: 2]
      [Scan RS (ms): Min: 0.0, Avg: 0.0, Max: 0.0, Diff: 0.0, Sum: 0.0]
      [Code Root Scanning (ms): Min: 0.0, Avg: 0.0, Max: 0.0, Diff: 0.0, Sum: 0.0]
      [Object Copy (ms): Min: 0.0, Avg: 0.0, Max: 0.0, Diff: 0.0, Sum: 0.0]
      [Termination (ms): Min: 0.0, Avg: 0.1, Max: 0.1, Diff: 0.1, Sum: 0.2]
         [Termination Attempts: Min: 1, Avg: 1.8, Max: 4, Diff: 3, Sum: 7]
      [GC Worker Other (ms): Min: 0.0, Avg: 0.0, Max: 0.0, Diff: 0.0, Sum: 0.0]
      [GC Worker Total (ms): Min: 0.2, Avg: 0.2, Max: 0.2, Diff: 0.0, Sum: 0.9]
      [GC Worker End (ms): Min: 356.8, Avg: 356.8, Max: 356.9, Diff: 0.0]
   [Code Root Fixup: 0.0 ms]
   [Code Root Purge: 0.0 ms]
   [Clear CT: 0.0 ms]
   [Other: 0.2 ms]
      [Evacuation Failure: 0.0 ms]
      [Choose CSet: 0.0 ms]
      [Ref Proc: 0.0 ms]
      [Ref Enq: 0.0 ms]
      [Redirty Cards: 0.0 ms]
      [Humongous Register: 0.0 ms]
      [Humongous Reclaim: 0.0 ms]
      [Free CSet: 0.0 ms]
   [Eden: 1024.0K(6144.0K)->0.0B(6144.0K) Survivors: 0.0B->0.0B Heap: 101.4M(128.0M)->101.4M(128.0M)]
 [Times: user=0.00 sys=0.00, real=0.00 secs] 
2021-01-22T12:20:00.276-0800: 0.357: [Full GC (Allocation Failure)  101M->100M(128M), 0.0037555 secs]
   [Eden: 0.0B(6144.0K)->0.0B(6144.0K) Survivors: 0.0B->0.0B Heap: 101.4M(128.0M)->100.5M(128.0M)], [Metaspace: 2734K->2734K(1056768K)]
 [Times: user=0.01 sys=0.00, real=0.01 secs] 
2021-01-22T12:20:00.280-0800: 0.361: [Full GC (Allocation Failure)  100M->100M(128M), 0.0031541 secs]
   [Eden: 0.0B(6144.0K)->0.0B(6144.0K) Survivors: 0.0B->0.0B Heap: 100.5M(128.0M)->100.5M(128.0M)], [Metaspace: 2734K->2734K(1056768K)]
 [Times: user=0.00 sys=0.00, real=0.00 secs] 
2021-01-22T12:20:00.283-0800: 0.364: [GC pause (G1 Evacuation Pause) (young), 0.0005676 secs]
   [Parallel Time: 0.3 ms, GC Workers: 4]
      [GC Worker Start (ms): Min: 364.6, Avg: 364.6, Max: 364.6, Diff: 0.0]
      [Ext Root Scanning (ms): Min: 0.1, Avg: 0.1, Max: 0.2, Diff: 0.0, Sum: 0.5]
      [Update RS (ms): Min: 0.0, Avg: 0.0, Max: 0.1, Diff: 0.1, Sum: 0.1]
         [Processed Buffers: Min: 0, Avg: 0.8, Max: 1, Diff: 1, Sum: 3]
      [Scan RS (ms): Min: 0.0, Avg: 0.0, Max: 0.0, Diff: 0.0, Sum: 0.0]
      [Code Root Scanning (ms): Min: 0.0, Avg: 0.0, Max: 0.0, Diff: 0.0, Sum: 0.0]
      [Object Copy (ms): Min: 0.0, Avg: 0.0, Max: 0.0, Diff: 0.0, Sum: 0.0]
      [Termination (ms): Min: 0.0, Avg: 0.1, Max: 0.1, Diff: 0.1, Sum: 0.3]
         [Termination Attempts: Min: 1, Avg: 1.0, Max: 1, Diff: 0, Sum: 4]
      [GC Worker Other (ms): Min: 0.0, Avg: 0.0, Max: 0.0, Diff: 0.0, Sum: 0.0]
      [GC Worker Total (ms): Min: 0.2, Avg: 0.2, Max: 0.3, Diff: 0.0, Sum: 0.9]
      [GC Worker End (ms): Min: 364.8, Avg: 364.8, Max: 364.8, Diff: 0.0]
   [Code Root Fixup: 0.0 ms]
   [Code Root Purge: 0.0 ms]
   [Clear CT: 0.0 ms]
   [Other: 0.2 ms]
      [Choose CSet: 0.0 ms]
      [Ref Proc: 0.1 ms]
      [Ref Enq: 0.0 ms]
      [Redirty Cards: 0.1 ms]
      [Humongous Register: 0.0 ms]
      [Humongous Reclaim: 0.0 ms]
      [Free CSet: 0.0 ms]
   [Eden: 0.0B(6144.0K)->0.0B(6144.0K) Survivors: 0.0B->0.0B Heap: 100.5M(128.0M)->100.5M(128.0M)]
 [Times: user=0.01 sys=0.00, real=0.00 secs] 
2021-01-22T12:20:00.284-0800: 0.365: [GC pause (G1 Evacuation Pause) (young) (initial-mark), 0.0005273 secs]
   [Parallel Time: 0.3 ms, GC Workers: 4]
      [GC Worker Start (ms): Min: 365.2, Avg: 365.3, Max: 365.3, Diff: 0.0]
      [Ext Root Scanning (ms): Min: 0.1, Avg: 0.1, Max: 0.1, Diff: 0.0, Sum: 0.5]
      [Update RS (ms): Min: 0.0, Avg: 0.0, Max: 0.1, Diff: 0.1, Sum: 0.1]
         [Processed Buffers: Min: 0, Avg: 0.5, Max: 1, Diff: 1, Sum: 2]
      [Scan RS (ms): Min: 0.0, Avg: 0.0, Max: 0.0, Diff: 0.0, Sum: 0.0]
      [Code Root Scanning (ms): Min: 0.0, Avg: 0.0, Max: 0.0, Diff: 0.0, Sum: 0.0]
      [Object Copy (ms): Min: 0.0, Avg: 0.0, Max: 0.0, Diff: 0.0, Sum: 0.0]
      [Termination (ms): Min: 0.0, Avg: 0.1, Max: 0.1, Diff: 0.1, Sum: 0.3]
         [Termination Attempts: Min: 1, Avg: 1.0, Max: 1, Diff: 0, Sum: 4]
      [GC Worker Other (ms): Min: 0.0, Avg: 0.0, Max: 0.0, Diff: 0.0, Sum: 0.0]
      [GC Worker Total (ms): Min: 0.2, Avg: 0.2, Max: 0.2, Diff: 0.0, Sum: 0.9]
      [GC Worker End (ms): Min: 365.5, Avg: 365.5, Max: 365.5, Diff: 0.0]
   [Code Root Fixup: 0.0 ms]
   [Code Root Purge: 0.0 ms]
   [Clear CT: 0.1 ms]
   [Other: 0.2 ms]
      [Choose CSet: 0.0 ms]
      [Ref Proc: 0.1 ms]
      [Ref Enq: 0.0 ms]
      [Redirty Cards: 0.0 ms]
      [Humongous Register: 0.0 ms]
      [Humongous Reclaim: 0.0 ms]
      [Free CSet: 0.0 ms]
   [Eden: 0.0B(6144.0K)->0.0B(6144.0K) Survivors: 0.0B->0.0B Heap: 100.5M(128.0M)->100.5M(128.0M)]
 [Times: user=0.00 sys=0.00, real=0.00 secs] 
2021-01-22T12:20:00.285-0800: 0.366: [GC concurrent-root-region-scan-start]
2021-01-22T12:20:00.285-0800: 0.366: [GC concurrent-root-region-scan-end, 0.0000062 secs]
2021-01-22T12:20:00.285-0800: 0.366: [GC concurrent-mark-start]
2021-01-22T12:20:00.285-0800: 0.366: [Full GC (Allocation Failure)  100M->270K(128M), 0.0022761 secs]
   [Eden: 0.0B(6144.0K)->0.0B(76.0M) Survivors: 0.0B->0.0B Heap: 100.5M(128.0M)->270.9K(128.0M)], [Metaspace: 2735K->2735K(1056768K)]
 [Times: user=0.00 sys=0.00, real=0.00 secs] 
2021-01-22T12:20:00.287-0800: 0.368: [GC concurrent-mark-abort]
Heap
 garbage-first heap   total 131072K, used 270K [0x00000007b8000000, 0x00000007b8100400, 0x00000007c0000000)
  region size 1024K, 1 young (1024K), 0 survivors (0K)
 Metaspace       used 2765K, capacity 4486K, committed 4864K, reserved 1056768K
  class space    used 299K, capacity 386K, committed 512K, reserved 1048576K
