Java HotSpot(TM) 64-Bit Server VM (25.231-b11) for bsd-amd64 JRE (1.8.0_231-b11), built on Oct  5 2019 03:15:25 by "java_re" with gcc 4.2.1 (Based on Apple Inc. build 5658) (LLVM build 2336.11.00)
Memory: 4k page, physical 16777216k(1547628k free)

/proc/meminfo:

CommandLine flags: -XX:InitialHeapSize=4294967296 -XX:MaxHeapSize=4294967296 -XX:+PrintGC -XX:+PrintGCDateStamps -XX:+PrintGCDetails -XX:+PrintGCTimeStamps -XX:+UseCompressedClassPointers -XX:+UseCompressedOops -XX:+UseG1GC 
2021-01-22T12:25:24.123-0800: 0.248: [GC pause (G1 Evacuation Pause) (young), 0.0288920 secs]
   [Parallel Time: 28.4 ms, GC Workers: 4]
      [GC Worker Start (ms): Min: 248.5, Avg: 248.5, Max: 248.5, Diff: 0.0]
      [Ext Root Scanning (ms): Min: 0.2, Avg: 0.2, Max: 0.3, Diff: 0.1, Sum: 1.0]
      [Update RS (ms): Min: 0.0, Avg: 0.0, Max: 0.0, Diff: 0.0, Sum: 0.0]
         [Processed Buffers: Min: 0, Avg: 0.0, Max: 0, Diff: 0, Sum: 0]
      [Scan RS (ms): Min: 0.0, Avg: 0.0, Max: 0.0, Diff: 0.0, Sum: 0.1]
      [Code Root Scanning (ms): Min: 0.0, Avg: 0.0, Max: 0.0, Diff: 0.0, Sum: 0.0]
      [Object Copy (ms): Min: 27.8, Avg: 27.9, Max: 28.0, Diff: 0.1, Sum: 111.6]
      [Termination (ms): Min: 0.0, Avg: 0.1, Max: 0.2, Diff: 0.1, Sum: 0.3]
         [Termination Attempts: Min: 1, Avg: 1.0, Max: 1, Diff: 0, Sum: 4]
      [GC Worker Other (ms): Min: 0.0, Avg: 0.0, Max: 0.0, Diff: 0.0, Sum: 0.1]
      [GC Worker Total (ms): Min: 28.2, Avg: 28.3, Max: 28.3, Diff: 0.1, Sum: 113.2]
      [GC Worker End (ms): Min: 276.8, Avg: 276.8, Max: 276.8, Diff: 0.0]
   [Code Root Fixup: 0.0 ms]
   [Code Root Purge: 0.0 ms]
   [Clear CT: 0.1 ms]
   [Other: 0.4 ms]
      [Choose CSet: 0.0 ms]
      [Ref Proc: 0.1 ms]
      [Ref Enq: 0.0 ms]
      [Redirty Cards: 0.0 ms]
      [Humongous Register: 0.1 ms]
      [Humongous Reclaim: 0.0 ms]
      [Free CSet: 0.0 ms]
   [Eden: 204.0M(204.0M)->0.0B(178.0M) Survivors: 0.0B->26.0M Heap: 204.0M(4096.0M)->68.5M(4096.0M)]
 [Times: user=0.03 sys=0.08, real=0.03 secs] 
2021-01-22T12:25:24.189-0800: 0.314: [GC pause (G1 Evacuation Pause) (young), 0.0278575 secs]
   [Parallel Time: 27.3 ms, GC Workers: 4]
      [GC Worker Start (ms): Min: 314.4, Avg: 314.4, Max: 314.4, Diff: 0.1]
      [Ext Root Scanning (ms): Min: 0.1, Avg: 0.2, Max: 0.3, Diff: 0.1, Sum: 0.8]
      [Update RS (ms): Min: 0.0, Avg: 0.0, Max: 0.0, Diff: 0.0, Sum: 0.0]
         [Processed Buffers: Min: 0, Avg: 1.2, Max: 3, Diff: 3, Sum: 5]
      [Scan RS (ms): Min: 0.0, Avg: 0.0, Max: 0.0, Diff: 0.0, Sum: 0.1]
      [Code Root Scanning (ms): Min: 0.0, Avg: 0.0, Max: 0.1, Diff: 0.1, Sum: 0.1]
      [Object Copy (ms): Min: 26.4, Avg: 26.6, Max: 27.0, Diff: 0.6, Sum: 106.4]
      [Termination (ms): Min: 0.0, Avg: 0.4, Max: 0.6, Diff: 0.6, Sum: 1.6]
         [Termination Attempts: Min: 1, Avg: 1.0, Max: 1, Diff: 0, Sum: 4]
      [GC Worker Other (ms): Min: 0.0, Avg: 0.0, Max: 0.0, Diff: 0.0, Sum: 0.0]
      [GC Worker Total (ms): Min: 27.2, Avg: 27.2, Max: 27.3, Diff: 0.1, Sum: 108.9]
      [GC Worker End (ms): Min: 341.6, Avg: 341.7, Max: 341.7, Diff: 0.0]
   [Code Root Fixup: 0.0 ms]
   [Code Root Purge: 0.0 ms]
   [Clear CT: 0.1 ms]
   [Other: 0.4 ms]
      [Choose CSet: 0.0 ms]
      [Ref Proc: 0.1 ms]
      [Ref Enq: 0.0 ms]
      [Redirty Cards: 0.0 ms]
      [Humongous Register: 0.1 ms]
      [Humongous Reclaim: 0.0 ms]
      [Free CSet: 0.0 ms]
   [Eden: 178.0M(178.0M)->0.0B(178.0M) Survivors: 26.0M->26.0M Heap: 246.5M(4096.0M)->128.9M(4096.0M)]
 [Times: user=0.03 sys=0.07, real=0.03 secs] 
2021-01-22T12:25:24.252-0800: 0.377: [GC pause (G1 Evacuation Pause) (young), 0.0250666 secs]
   [Parallel Time: 24.6 ms, GC Workers: 4]
      [GC Worker Start (ms): Min: 376.7, Avg: 376.7, Max: 376.8, Diff: 0.1]
      [Ext Root Scanning (ms): Min: 0.1, Avg: 0.1, Max: 0.2, Diff: 0.1, Sum: 0.5]
      [Update RS (ms): Min: 0.1, Avg: 0.1, Max: 0.1, Diff: 0.0, Sum: 0.3]
         [Processed Buffers: Min: 1, Avg: 1.2, Max: 2, Diff: 1, Sum: 5]
      [Scan RS (ms): Min: 0.0, Avg: 0.0, Max: 0.0, Diff: 0.0, Sum: 0.1]
      [Code Root Scanning (ms): Min: 0.0, Avg: 0.0, Max: 0.0, Diff: 0.0, Sum: 0.0]
      [Object Copy (ms): Min: 24.0, Avg: 24.1, Max: 24.2, Diff: 0.2, Sum: 96.5]
      [Termination (ms): Min: 0.0, Avg: 0.1, Max: 0.3, Diff: 0.3, Sum: 0.5]
         [Termination Attempts: Min: 1, Avg: 1.0, Max: 1, Diff: 0, Sum: 4]
      [GC Worker Other (ms): Min: 0.0, Avg: 0.0, Max: 0.0, Diff: 0.0, Sum: 0.0]
      [GC Worker Total (ms): Min: 24.4, Avg: 24.5, Max: 24.5, Diff: 0.1, Sum: 98.0]
      [GC Worker End (ms): Min: 401.2, Avg: 401.2, Max: 401.3, Diff: 0.0]
   [Code Root Fixup: 0.0 ms]
   [Code Root Purge: 0.0 ms]
   [Clear CT: 0.1 ms]
   [Other: 0.4 ms]
      [Choose CSet: 0.0 ms]
      [Ref Proc: 0.1 ms]
      [Ref Enq: 0.0 ms]
      [Redirty Cards: 0.0 ms]
      [Humongous Register: 0.1 ms]
      [Humongous Reclaim: 0.0 ms]
      [Free CSet: 0.0 ms]
   [Eden: 178.0M(178.0M)->0.0B(178.0M) Survivors: 26.0M->26.0M Heap: 306.9M(4096.0M)->181.6M(4096.0M)]
 [Times: user=0.03 sys=0.05, real=0.02 secs] 
2021-01-22T12:25:24.310-0800: 0.435: [GC pause (G1 Evacuation Pause) (young), 0.0266896 secs]
   [Parallel Time: 26.2 ms, GC Workers: 4]
      [GC Worker Start (ms): Min: 435.2, Avg: 435.2, Max: 435.2, Diff: 0.0]
      [Ext Root Scanning (ms): Min: 0.1, Avg: 0.1, Max: 0.2, Diff: 0.0, Sum: 0.6]
      [Update RS (ms): Min: 0.1, Avg: 0.1, Max: 0.1, Diff: 0.1, Sum: 0.3]
         [Processed Buffers: Min: 1, Avg: 1.2, Max: 2, Diff: 1, Sum: 5]
      [Scan RS (ms): Min: 0.0, Avg: 0.0, Max: 0.0, Diff: 0.0, Sum: 0.1]
      [Code Root Scanning (ms): Min: 0.0, Avg: 0.0, Max: 0.0, Diff: 0.0, Sum: 0.0]
      [Object Copy (ms): Min: 25.6, Avg: 25.7, Max: 25.8, Diff: 0.2, Sum: 102.8]
      [Termination (ms): Min: 0.0, Avg: 0.2, Max: 0.3, Diff: 0.3, Sum: 0.6]
         [Termination Attempts: Min: 1, Avg: 1.0, Max: 1, Diff: 0, Sum: 4]
      [GC Worker Other (ms): Min: 0.0, Avg: 0.0, Max: 0.0, Diff: 0.0, Sum: 0.1]
      [GC Worker Total (ms): Min: 26.1, Avg: 26.1, Max: 26.2, Diff: 0.0, Sum: 104.5]
      [GC Worker End (ms): Min: 461.3, Avg: 461.3, Max: 461.3, Diff: 0.0]
   [Code Root Fixup: 0.0 ms]
   [Code Root Purge: 0.0 ms]
   [Clear CT: 0.1 ms]
   [Other: 0.4 ms]
      [Choose CSet: 0.0 ms]
      [Ref Proc: 0.1 ms]
      [Ref Enq: 0.0 ms]
      [Redirty Cards: 0.0 ms]
      [Humongous Register: 0.1 ms]
      [Humongous Reclaim: 0.0 ms]
      [Free CSet: 0.0 ms]
   [Eden: 178.0M(178.0M)->0.0B(178.0M) Survivors: 26.0M->26.0M Heap: 359.6M(4096.0M)->236.4M(4096.0M)]
 [Times: user=0.03 sys=0.06, real=0.02 secs] 
2021-01-22T12:25:24.370-0800: 0.495: [GC pause (G1 Evacuation Pause) (young), 0.0239506 secs]
   [Parallel Time: 23.3 ms, GC Workers: 4]
      [GC Worker Start (ms): Min: 495.0, Avg: 495.0, Max: 495.1, Diff: 0.1]
      [Ext Root Scanning (ms): Min: 0.1, Avg: 0.1, Max: 0.2, Diff: 0.1, Sum: 0.6]
      [Update RS (ms): Min: 0.1, Avg: 0.1, Max: 0.1, Diff: 0.0, Sum: 0.3]
         [Processed Buffers: Min: 1, Avg: 1.5, Max: 3, Diff: 2, Sum: 6]
      [Scan RS (ms): Min: 0.0, Avg: 0.0, Max: 0.0, Diff: 0.0, Sum: 0.1]
      [Code Root Scanning (ms): Min: 0.0, Avg: 0.0, Max: 0.0, Diff: 0.0, Sum: 0.0]
      [Object Copy (ms): Min: 22.6, Avg: 22.7, Max: 22.9, Diff: 0.3, Sum: 90.8]
      [Termination (ms): Min: 0.0, Avg: 0.2, Max: 0.3, Diff: 0.3, Sum: 0.7]
         [Termination Attempts: Min: 1, Avg: 1.0, Max: 1, Diff: 0, Sum: 4]
      [GC Worker Other (ms): Min: 0.0, Avg: 0.0, Max: 0.0, Diff: 0.0, Sum: 0.1]
      [GC Worker Total (ms): Min: 23.1, Avg: 23.1, Max: 23.2, Diff: 0.1, Sum: 92.6]
      [GC Worker End (ms): Min: 518.2, Avg: 518.2, Max: 518.2, Diff: 0.0]
   [Code Root Fixup: 0.0 ms]
   [Code Root Purge: 0.0 ms]
   [Clear CT: 0.1 ms]
   [Other: 0.6 ms]
      [Choose CSet: 0.0 ms]
      [Ref Proc: 0.1 ms]
      [Ref Enq: 0.0 ms]
      [Redirty Cards: 0.0 ms]
      [Humongous Register: 0.1 ms]
      [Humongous Reclaim: 0.0 ms]
      [Free CSet: 0.1 ms]
   [Eden: 178.0M(178.0M)->0.0B(178.0M) Survivors: 26.0M->26.0M Heap: 414.4M(4096.0M)->285.1M(4096.0M)]
 [Times: user=0.03 sys=0.06, real=0.02 secs] 
2021-01-22T12:25:24.425-0800: 0.550: [GC pause (G1 Evacuation Pause) (young), 0.0279340 secs]
   [Parallel Time: 27.5 ms, GC Workers: 4]
      [GC Worker Start (ms): Min: 550.0, Avg: 550.0, Max: 550.0, Diff: 0.0]
      [Ext Root Scanning (ms): Min: 0.1, Avg: 0.1, Max: 0.2, Diff: 0.0, Sum: 0.6]
      [Update RS (ms): Min: 0.1, Avg: 0.1, Max: 0.1, Diff: 0.1, Sum: 0.3]
         [Processed Buffers: Min: 1, Avg: 1.2, Max: 2, Diff: 1, Sum: 5]
      [Scan RS (ms): Min: 0.0, Avg: 0.0, Max: 0.0, Diff: 0.0, Sum: 0.1]
      [Code Root Scanning (ms): Min: 0.0, Avg: 0.0, Max: 0.0, Diff: 0.0, Sum: 0.0]
      [Object Copy (ms): Min: 26.8, Avg: 26.9, Max: 27.2, Diff: 0.4, Sum: 107.7]
      [Termination (ms): Min: 0.0, Avg: 0.2, Max: 0.4, Diff: 0.4, Sum: 1.0]
         [Termination Attempts: Min: 1, Avg: 1.0, Max: 1, Diff: 0, Sum: 4]
      [GC Worker Other (ms): Min: 0.0, Avg: 0.0, Max: 0.0, Diff: 0.0, Sum: 0.0]
      [GC Worker Total (ms): Min: 27.4, Avg: 27.4, Max: 27.5, Diff: 0.1, Sum: 109.7]
      [GC Worker End (ms): Min: 577.4, Avg: 577.4, Max: 577.4, Diff: 0.0]
   [Code Root Fixup: 0.0 ms]
   [Code Root Purge: 0.0 ms]
   [Clear CT: 0.1 ms]
   [Other: 0.4 ms]
      [Choose CSet: 0.0 ms]
      [Ref Proc: 0.1 ms]
      [Ref Enq: 0.0 ms]
      [Redirty Cards: 0.0 ms]
      [Humongous Register: 0.1 ms]
      [Humongous Reclaim: 0.0 ms]
      [Free CSet: 0.0 ms]
   [Eden: 178.0M(178.0M)->0.0B(178.0M) Survivors: 26.0M->26.0M Heap: 463.1M(4096.0M)->345.2M(4096.0M)]
 [Times: user=0.04 sys=0.06, real=0.03 secs] 
2021-01-22T12:25:24.485-0800: 0.610: [GC pause (G1 Evacuation Pause) (young), 0.0329839 secs]
   [Parallel Time: 32.4 ms, GC Workers: 4]
      [GC Worker Start (ms): Min: 610.2, Avg: 610.2, Max: 610.2, Diff: 0.0]
      [Ext Root Scanning (ms): Min: 0.1, Avg: 0.1, Max: 0.2, Diff: 0.0, Sum: 0.6]
      [Update RS (ms): Min: 0.1, Avg: 0.2, Max: 0.4, Diff: 0.3, Sum: 0.9]
         [Processed Buffers: Min: 1, Avg: 1.2, Max: 2, Diff: 1, Sum: 5]
      [Scan RS (ms): Min: 0.0, Avg: 0.0, Max: 0.0, Diff: 0.0, Sum: 0.1]
      [Code Root Scanning (ms): Min: 0.0, Avg: 0.0, Max: 0.0, Diff: 0.0, Sum: 0.0]
      [Object Copy (ms): Min: 31.6, Avg: 31.7, Max: 32.0, Diff: 0.5, Sum: 127.0]
      [Termination (ms): Min: 0.0, Avg: 0.2, Max: 0.3, Diff: 0.3, Sum: 0.7]
         [Termination Attempts: Min: 1, Avg: 1.0, Max: 1, Diff: 0, Sum: 4]
      [GC Worker Other (ms): Min: 0.0, Avg: 0.0, Max: 0.0, Diff: 0.0, Sum: 0.0]
      [GC Worker Total (ms): Min: 32.3, Avg: 32.3, Max: 32.3, Diff: 0.1, Sum: 129.3]
      [GC Worker End (ms): Min: 642.5, Avg: 642.5, Max: 642.6, Diff: 0.0]
   [Code Root Fixup: 0.0 ms]
   [Code Root Purge: 0.0 ms]
   [Clear CT: 0.1 ms]
   [Other: 0.5 ms]
      [Choose CSet: 0.0 ms]
      [Ref Proc: 0.2 ms]
      [Ref Enq: 0.0 ms]
      [Redirty Cards: 0.1 ms]
      [Humongous Register: 0.1 ms]
      [Humongous Reclaim: 0.0 ms]
      [Free CSet: 0.0 ms]
   [Eden: 178.0M(178.0M)->0.0B(178.0M) Survivors: 26.0M->26.0M Heap: 523.2M(4096.0M)->408.8M(4096.0M)]
 [Times: user=0.03 sys=0.07, real=0.03 secs] 
2021-01-22T12:25:24.550-0800: 0.675: [GC pause (G1 Evacuation Pause) (young), 0.0265764 secs]
   [Parallel Time: 26.1 ms, GC Workers: 4]
      [GC Worker Start (ms): Min: 675.3, Avg: 676.0, Max: 677.2, Diff: 1.9]
      [Ext Root Scanning (ms): Min: 0.0, Avg: 0.1, Max: 0.2, Diff: 0.2, Sum: 0.2]
      [Update RS (ms): Min: 0.0, Avg: 0.1, Max: 0.3, Diff: 0.3, Sum: 0.3]
         [Processed Buffers: Min: 0, Avg: 1.2, Max: 4, Diff: 4, Sum: 5]
      [Scan RS (ms): Min: 0.0, Avg: 0.0, Max: 0.0, Diff: 0.0, Sum: 0.1]
      [Code Root Scanning (ms): Min: 0.0, Avg: 0.0, Max: 0.0, Diff: 0.0, Sum: 0.0]
      [Object Copy (ms): Min: 23.9, Avg: 25.0, Max: 25.4, Diff: 1.5, Sum: 100.0]
      [Termination (ms): Min: 0.0, Avg: 0.1, Max: 0.2, Diff: 0.2, Sum: 0.4]
         [Termination Attempts: Min: 1, Avg: 1.0, Max: 1, Diff: 0, Sum: 4]
      [GC Worker Other (ms): Min: 0.0, Avg: 0.0, Max: 0.0, Diff: 0.0, Sum: 0.1]
      [GC Worker Total (ms): Min: 24.1, Avg: 25.3, Max: 26.0, Diff: 1.9, Sum: 101.0]
      [GC Worker End (ms): Min: 701.3, Avg: 701.3, Max: 701.3, Diff: 0.0]
   [Code Root Fixup: 0.0 ms]
   [Code Root Purge: 0.0 ms]
   [Clear CT: 0.1 ms]
   [Other: 0.4 ms]
      [Choose CSet: 0.0 ms]
      [Ref Proc: 0.1 ms]
      [Ref Enq: 0.0 ms]
      [Redirty Cards: 0.0 ms]
      [Humongous Register: 0.1 ms]
      [Humongous Reclaim: 0.0 ms]
      [Free CSet: 0.0 ms]
   [Eden: 178.0M(178.0M)->0.0B(178.0M) Survivors: 26.0M->26.0M Heap: 586.8M(4096.0M)->464.4M(4096.0M)]
 [Times: user=0.03 sys=0.05, real=0.02 secs] 
2021-01-22T12:25:24.607-0800: 0.732: [GC pause (G1 Evacuation Pause) (young), 0.0258290 secs]
   [Parallel Time: 25.3 ms, GC Workers: 4]
      [GC Worker Start (ms): Min: 732.5, Avg: 732.5, Max: 732.6, Diff: 0.0]
      [Ext Root Scanning (ms): Min: 0.1, Avg: 0.1, Max: 0.2, Diff: 0.0, Sum: 0.6]
      [Update RS (ms): Min: 0.1, Avg: 0.1, Max: 0.1, Diff: 0.0, Sum: 0.5]
         [Processed Buffers: Min: 1, Avg: 1.5, Max: 3, Diff: 2, Sum: 6]
      [Scan RS (ms): Min: 0.0, Avg: 0.0, Max: 0.0, Diff: 0.0, Sum: 0.1]
      [Code Root Scanning (ms): Min: 0.0, Avg: 0.0, Max: 0.0, Diff: 0.0, Sum: 0.0]
      [Object Copy (ms): Min: 24.6, Avg: 24.7, Max: 25.0, Diff: 0.4, Sum: 98.7]
      [Termination (ms): Min: 0.0, Avg: 0.3, Max: 0.4, Diff: 0.4, Sum: 1.1]
         [Termination Attempts: Min: 1, Avg: 1.0, Max: 1, Diff: 0, Sum: 4]
      [GC Worker Other (ms): Min: 0.0, Avg: 0.0, Max: 0.0, Diff: 0.0, Sum: 0.0]
      [GC Worker Total (ms): Min: 25.2, Avg: 25.2, Max: 25.3, Diff: 0.0, Sum: 101.0]
      [GC Worker End (ms): Min: 757.8, Avg: 757.8, Max: 757.8, Diff: 0.0]
   [Code Root Fixup: 0.0 ms]
   [Code Root Purge: 0.0 ms]
   [Clear CT: 0.1 ms]
   [Other: 0.5 ms]
      [Choose CSet: 0.0 ms]
      [Ref Proc: 0.1 ms]
      [Ref Enq: 0.0 ms]
      [Redirty Cards: 0.1 ms]
      [Humongous Register: 0.1 ms]
      [Humongous Reclaim: 0.0 ms]
      [Free CSet: 0.0 ms]
   [Eden: 178.0M(178.0M)->0.0B(182.0M) Survivors: 26.0M->26.0M Heap: 642.4M(4096.0M)->518.6M(4096.0M)]
 [Times: user=0.03 sys=0.07, real=0.03 secs] 
2021-01-22T12:25:24.665-0800: 0.790: [GC pause (G1 Evacuation Pause) (young), 0.0259767 secs]
   [Parallel Time: 25.5 ms, GC Workers: 4]
      [GC Worker Start (ms): Min: 790.3, Avg: 790.3, Max: 790.4, Diff: 0.1]
      [Ext Root Scanning (ms): Min: 0.1, Avg: 0.1, Max: 0.2, Diff: 0.0, Sum: 0.6]
      [Update RS (ms): Min: 0.1, Avg: 0.1, Max: 0.2, Diff: 0.1, Sum: 0.5]
         [Processed Buffers: Min: 1, Avg: 1.2, Max: 2, Diff: 1, Sum: 5]
      [Scan RS (ms): Min: 0.0, Avg: 0.0, Max: 0.0, Diff: 0.0, Sum: 0.1]
      [Code Root Scanning (ms): Min: 0.0, Avg: 0.0, Max: 0.0, Diff: 0.0, Sum: 0.0]
      [Object Copy (ms): Min: 24.7, Avg: 24.9, Max: 25.1, Diff: 0.4, Sum: 99.7]
      [Termination (ms): Min: 0.0, Avg: 0.2, Max: 0.4, Diff: 0.4, Sum: 0.7]
         [Termination Attempts: Min: 1, Avg: 1.0, Max: 1, Diff: 0, Sum: 4]
      [GC Worker Other (ms): Min: 0.0, Avg: 0.0, Max: 0.0, Diff: 0.0, Sum: 0.1]
      [GC Worker Total (ms): Min: 25.4, Avg: 25.4, Max: 25.4, Diff: 0.0, Sum: 101.5]
      [GC Worker End (ms): Min: 815.7, Avg: 815.7, Max: 815.7, Diff: 0.0]
   [Code Root Fixup: 0.0 ms]
   [Code Root Purge: 0.0 ms]
   [Clear CT: 0.1 ms]
   [Other: 0.4 ms]
      [Choose CSet: 0.0 ms]
      [Ref Proc: 0.1 ms]
      [Ref Enq: 0.0 ms]
      [Redirty Cards: 0.0 ms]
      [Humongous Register: 0.1 ms]
      [Humongous Reclaim: 0.0 ms]
      [Free CSet: 0.0 ms]
   [Eden: 182.0M(182.0M)->0.0B(242.0M) Survivors: 26.0M->26.0M Heap: 700.6M(4096.0M)->573.9M(4096.0M)]
 [Times: user=0.03 sys=0.06, real=0.03 secs] 
2021-01-22T12:25:24.747-0800: 0.872: [GC pause (G1 Evacuation Pause) (young), 0.0386781 secs]
   [Parallel Time: 38.2 ms, GC Workers: 4]
      [GC Worker Start (ms): Min: 871.9, Avg: 871.9, Max: 872.0, Diff: 0.0]
      [Ext Root Scanning (ms): Min: 0.1, Avg: 0.1, Max: 0.2, Diff: 0.0, Sum: 0.6]
      [Update RS (ms): Min: 0.1, Avg: 0.1, Max: 0.1, Diff: 0.1, Sum: 0.4]
         [Processed Buffers: Min: 1, Avg: 1.2, Max: 2, Diff: 1, Sum: 5]
      [Scan RS (ms): Min: 0.0, Avg: 0.0, Max: 0.0, Diff: 0.0, Sum: 0.1]
      [Code Root Scanning (ms): Min: 0.0, Avg: 0.0, Max: 0.0, Diff: 0.0, Sum: 0.0]
      [Object Copy (ms): Min: 37.4, Avg: 37.6, Max: 37.9, Diff: 0.4, Sum: 150.3]
      [Termination (ms): Min: 0.0, Avg: 0.3, Max: 0.4, Diff: 0.4, Sum: 1.0]
         [Termination Attempts: Min: 1, Avg: 1.0, Max: 1, Diff: 0, Sum: 4]
      [GC Worker Other (ms): Min: 0.0, Avg: 0.0, Max: 0.0, Diff: 0.0, Sum: 0.1]
      [GC Worker Total (ms): Min: 38.1, Avg: 38.1, Max: 38.1, Diff: 0.0, Sum: 152.5]
      [GC Worker End (ms): Min: 910.1, Avg: 910.1, Max: 910.1, Diff: 0.0]
   [Code Root Fixup: 0.0 ms]
   [Code Root Purge: 0.0 ms]
   [Clear CT: 0.1 ms]
   [Other: 0.4 ms]
      [Choose CSet: 0.0 ms]
      [Ref Proc: 0.1 ms]
      [Ref Enq: 0.0 ms]
      [Redirty Cards: 0.0 ms]
      [Humongous Register: 0.1 ms]
      [Humongous Reclaim: 0.0 ms]
      [Free CSet: 0.0 ms]
   [Eden: 242.0M(242.0M)->0.0B(246.0M) Survivors: 26.0M->34.0M Heap: 815.9M(4096.0M)->654.6M(4096.0M)]
 [Times: user=0.04 sys=0.10, real=0.04 secs] 
2021-01-22T12:25:24.829-0800: 0.954: [GC pause (G1 Evacuation Pause) (young), 0.0395503 secs]
   [Parallel Time: 39.0 ms, GC Workers: 4]
      [GC Worker Start (ms): Min: 954.4, Avg: 954.4, Max: 954.5, Diff: 0.0]
      [Ext Root Scanning (ms): Min: 0.1, Avg: 0.2, Max: 0.2, Diff: 0.0, Sum: 0.6]
      [Update RS (ms): Min: 0.1, Avg: 0.1, Max: 0.2, Diff: 0.1, Sum: 0.6]
         [Processed Buffers: Min: 1, Avg: 1.2, Max: 2, Diff: 1, Sum: 5]
      [Scan RS (ms): Min: 0.0, Avg: 0.0, Max: 0.0, Diff: 0.0, Sum: 0.1]
      [Code Root Scanning (ms): Min: 0.0, Avg: 0.0, Max: 0.0, Diff: 0.0, Sum: 0.0]
      [Object Copy (ms): Min: 38.3, Avg: 38.4, Max: 38.6, Diff: 0.3, Sum: 153.7]
      [Termination (ms): Min: 0.0, Avg: 0.2, Max: 0.4, Diff: 0.4, Sum: 0.7]
         [Termination Attempts: Min: 1, Avg: 1.0, Max: 1, Diff: 0, Sum: 4]
      [GC Worker Other (ms): Min: 0.0, Avg: 0.0, Max: 0.0, Diff: 0.0, Sum: 0.0]
      [GC Worker Total (ms): Min: 38.9, Avg: 38.9, Max: 39.0, Diff: 0.0, Sum: 155.7]
      [GC Worker End (ms): Min: 993.4, Avg: 993.4, Max: 993.4, Diff: 0.0]
   [Code Root Fixup: 0.0 ms]
   [Code Root Purge: 0.0 ms]
   [Clear CT: 0.1 ms]
   [Other: 0.5 ms]
      [Choose CSet: 0.0 ms]
      [Ref Proc: 0.1 ms]
      [Ref Enq: 0.0 ms]
      [Redirty Cards: 0.1 ms]
      [Humongous Register: 0.1 ms]
      [Humongous Reclaim: 0.0 ms]
      [Free CSet: 0.1 ms]
   [Eden: 246.0M(246.0M)->0.0B(334.0M) Survivors: 34.0M->36.0M Heap: 900.6M(4096.0M)->744.4M(4096.0M)]
 [Times: user=0.05 sys=0.09, real=0.04 secs] 
2021-01-22T12:25:24.949-0800: 1.074: [GC pause (G1 Evacuation Pause) (young), 0.0528471 secs]
   [Parallel Time: 52.3 ms, GC Workers: 4]
      [GC Worker Start (ms): Min: 1074.3, Avg: 1074.3, Max: 1074.3, Diff: 0.1]
      [Ext Root Scanning (ms): Min: 0.1, Avg: 0.1, Max: 0.2, Diff: 0.1, Sum: 0.6]
      [Update RS (ms): Min: 0.1, Avg: 0.2, Max: 0.4, Diff: 0.3, Sum: 0.7]
         [Processed Buffers: Min: 1, Avg: 1.2, Max: 2, Diff: 1, Sum: 5]
      [Scan RS (ms): Min: 0.0, Avg: 0.0, Max: 0.1, Diff: 0.1, Sum: 0.2]
      [Code Root Scanning (ms): Min: 0.0, Avg: 0.0, Max: 0.0, Diff: 0.0, Sum: 0.0]
      [Object Copy (ms): Min: 51.5, Avg: 51.7, Max: 51.9, Diff: 0.4, Sum: 206.7]
      [Termination (ms): Min: 0.0, Avg: 0.2, Max: 0.3, Diff: 0.3, Sum: 0.7]
         [Termination Attempts: Min: 1, Avg: 1.0, Max: 1, Diff: 0, Sum: 4]
      [GC Worker Other (ms): Min: 0.0, Avg: 0.0, Max: 0.0, Diff: 0.0, Sum: 0.1]
      [GC Worker Total (ms): Min: 52.2, Avg: 52.2, Max: 52.3, Diff: 0.0, Sum: 208.9]
      [GC Worker End (ms): Min: 1126.5, Avg: 1126.5, Max: 1126.6, Diff: 0.0]
   [Code Root Fixup: 0.0 ms]
   [Code Root Purge: 0.0 ms]
   [Clear CT: 0.1 ms]
   [Other: 0.4 ms]
      [Choose CSet: 0.0 ms]
      [Ref Proc: 0.1 ms]
      [Ref Enq: 0.0 ms]
      [Redirty Cards: 0.1 ms]
      [Humongous Register: 0.1 ms]
      [Humongous Reclaim: 0.0 ms]
      [Free CSet: 0.1 ms]
   [Eden: 334.0M(334.0M)->0.0B(326.0M) Survivors: 36.0M->48.0M Heap: 1078.4M(4096.0M)->861.3M(4096.0M)]
 [Times: user=0.06 sys=0.14, real=0.06 secs] 
Heap
 garbage-first heap   total 4194304K, used 882019K [0x00000006c0000000, 0x00000006c0204000, 0x00000007c0000000)
  region size 2048K, 25 young (51200K), 24 survivors (49152K)
 Metaspace       used 2741K, capacity 4486K, committed 4864K, reserved 1056768K
  class space    used 296K, capacity 386K, committed 512K, reserved 1048576K
