Java HotSpot(TM) 64-Bit Server VM (25.231-b11) for bsd-amd64 JRE (1.8.0_231-b11), built on Oct  5 2019 03:15:25 by "java_re" with gcc 4.2.1 (Based on Apple Inc. build 5658) (LLVM build 2336.11.00)
Memory: 4k page, physical 16777216k(1258052k free)

/proc/meminfo:

CommandLine flags: -XX:InitialHeapSize=4294967296 -XX:MaxHeapSize=4294967296 -XX:+PrintGC -XX:+PrintGCDateStamps -XX:+PrintGCDetails -XX:+PrintGCTimeStamps -XX:+UseCompressedClassPointers -XX:+UseCompressedOops -XX:+UseParallelGC 
2021-01-22T12:08:49.124-0800: 0.744: [GC (Allocation Failure) [PSYoungGen: 1048576K->174580K(1223168K)] 1048576K->232274K(4019712K), 0.1044353 secs] [Times: user=0.10 sys=0.25, real=0.10 secs] 
2021-01-22T12:08:49.428-0800: 1.047: [GC (Allocation Failure) [PSYoungGen: 1223156K->174583K(1223168K)] 1280850K->349878K(4019712K), 0.1537172 secs] [Times: user=0.13 sys=0.23, real=0.16 secs] 
Heap
 PSYoungGen      total 1223168K, used 216716K [0x000000076ab00000, 0x00000007c0000000, 0x00000007c0000000)
  eden space 1048576K, 4% used [0x000000076ab00000,0x000000076d4254f0,0x00000007aab00000)
  from space 174592K, 99% used [0x00000007b5580000,0x00000007bfffdc78,0x00000007c0000000)
  to   space 174592K, 0% used [0x00000007aab00000,0x00000007aab00000,0x00000007b5580000)
 ParOldGen       total 2796544K, used 175295K [0x00000006c0000000, 0x000000076ab00000, 0x000000076ab00000)
  object space 2796544K, 6% used [0x00000006c0000000,0x00000006cab2ff48,0x000000076ab00000)
 Metaspace       used 2741K, capacity 4486K, committed 4864K, reserved 1056768K
  class space    used 296K, capacity 386K, committed 512K, reserved 1048576K
