Java HotSpot(TM) 64-Bit Server VM (25.231-b11) for bsd-amd64 JRE (1.8.0_231-b11), built on Oct  5 2019 03:15:25 by "java_re" with gcc 4.2.1 (Based on Apple Inc. build 5658) (LLVM build 2336.11.00)
Memory: 4k page, physical 16777216k(1068416k free)

/proc/meminfo:

CommandLine flags: -XX:InitialHeapSize=1073741824 -XX:MaxHeapSize=1073741824 -XX:+PrintGC -XX:+PrintGCDateStamps -XX:+PrintGCDetails -XX:+PrintGCTimeStamps -XX:+UseCompressedClassPointers -XX:+UseCompressedOops -XX:+UseParallelGC 
2021-01-22T12:07:29.184-0800: 0.272: [GC (Allocation Failure) [PSYoungGen: 262144K->43505K(305664K)] 262144K->81596K(1005056K), 0.0370172 secs] [Times: user=0.04 sys=0.10, real=0.04 secs] 
2021-01-22T12:07:29.268-0800: 0.355: [GC (Allocation Failure) [PSYoungGen: 305649K->43501K(305664K)] 343740K->155401K(1005056K), 0.0539683 secs] [Times: user=0.05 sys=0.15, real=0.06 secs] 
2021-01-22T12:07:29.362-0800: 0.449: [GC (Allocation Failure) [PSYoungGen: 305645K->43514K(305664K)] 417545K->227779K(1005056K), 0.0398963 secs] [Times: user=0.06 sys=0.09, real=0.04 secs] 
2021-01-22T12:07:29.443-0800: 0.530: [GC (Allocation Failure) [PSYoungGen: 305658K->43518K(305664K)] 489923K->305862K(1005056K), 0.0421606 secs] [Times: user=0.06 sys=0.09, real=0.04 secs] 
2021-01-22T12:07:29.526-0800: 0.613: [GC (Allocation Failure) [PSYoungGen: 305662K->43518K(305664K)] 568006K->382564K(1005056K), 0.0437808 secs] [Times: user=0.06 sys=0.08, real=0.05 secs] 
2021-01-22T12:07:29.611-0800: 0.698: [GC (Allocation Failure) [PSYoungGen: 305662K->43512K(160256K)] 644708K->453091K(859648K), 0.0404544 secs] [Times: user=0.06 sys=0.07, real=0.04 secs] 
2021-01-22T12:07:29.671-0800: 0.758: [GC (Allocation Failure) [PSYoungGen: 159885K->71526K(232960K)] 569464K->489899K(932352K), 0.0154606 secs] [Times: user=0.05 sys=0.01, real=0.01 secs] 
2021-01-22T12:07:29.706-0800: 0.794: [GC (Allocation Failure) [PSYoungGen: 188262K->93399K(232960K)] 606635K->521873K(932352K), 0.0192704 secs] [Times: user=0.05 sys=0.01, real=0.02 secs] 
2021-01-22T12:07:29.746-0800: 0.833: [GC (Allocation Failure) [PSYoungGen: 210135K->103953K(232960K)] 638609K->547793K(932352K), 0.0228268 secs] [Times: user=0.06 sys=0.02, real=0.02 secs] 
2021-01-22T12:07:29.788-0800: 0.876: [GC (Allocation Failure) [PSYoungGen: 220683K->74318K(232960K)] 664523K->579771K(932352K), 0.0367083 secs] [Times: user=0.05 sys=0.07, real=0.04 secs] 
2021-01-22T12:07:29.844-0800: 0.931: [GC (Allocation Failure) [PSYoungGen: 190852K->37666K(232960K)] 696305K->607765K(932352K), 0.0334677 secs] [Times: user=0.05 sys=0.08, real=0.03 secs] 
2021-01-22T12:07:29.898-0800: 0.985: [GC (Allocation Failure) [PSYoungGen: 154402K->42940K(232960K)] 724501K->646282K(932352K), 0.0212037 secs] [Times: user=0.03 sys=0.04, real=0.02 secs] 
2021-01-22T12:07:29.920-0800: 1.007: [Full GC (Ergonomics) [PSYoungGen: 42940K->0K(232960K)] [ParOldGen: 603342K->322398K(699392K)] 646282K->322398K(932352K), [Metaspace: 2734K->2734K(1056768K)], 0.0633743 secs] [Times: user=0.20 sys=0.02, real=0.06 secs] 
Heap
 PSYoungGen      total 232960K, used 81545K [0x00000007aab00000, 0x00000007c0000000, 0x00000007c0000000)
  eden space 116736K, 69% used [0x00000007aab00000,0x00000007afaa27c8,0x00000007b1d00000)
  from space 116224K, 0% used [0x00000007b8e80000,0x00000007b8e80000,0x00000007c0000000)
  to   space 116224K, 0% used [0x00000007b1d00000,0x00000007b1d00000,0x00000007b8e80000)
 ParOldGen       total 699392K, used 322398K [0x0000000780000000, 0x00000007aab00000, 0x00000007aab00000)
  object space 699392K, 46% used [0x0000000780000000,0x0000000793ad7bc0,0x00000007aab00000)
 Metaspace       used 2741K, capacity 4486K, committed 4864K, reserved 1056768K
  class space    used 296K, capacity 386K, committed 512K, reserved 1048576K
