Java HotSpot(TM) 64-Bit Server VM (25.231-b11) for bsd-amd64 JRE (1.8.0_231-b11), built on Oct  5 2019 03:15:25 by "java_re" with gcc 4.2.1 (Based on Apple Inc. build 5658) (LLVM build 2336.11.00)
Memory: 4k page, physical 16777216k(1066476k free)

/proc/meminfo:

CommandLine flags: -XX:InitialHeapSize=2147483648 -XX:MaxHeapSize=2147483648 -XX:+PrintGC -XX:+PrintGCDateStamps -XX:+PrintGCDetails -XX:+PrintGCTimeStamps -XX:+UseCompressedClassPointers -XX:+UseCompressedOops -XX:+UseParallelGC 
2021-01-22T12:08:20.794-0800: 0.428: [GC (Allocation Failure) [PSYoungGen: 524800K->87038K(611840K)] 524800K->141483K(2010112K), 0.0630313 secs] [Times: user=0.06 sys=0.16, real=0.06 secs] 
2021-01-22T12:08:20.953-0800: 0.588: [GC (Allocation Failure) [PSYoungGen: 611838K->87027K(611840K)] 666283K->251251K(2010112K), 0.0914367 secs] [Times: user=0.09 sys=0.21, real=0.09 secs] 
2021-01-22T12:08:21.127-0800: 0.762: [GC (Allocation Failure) [PSYoungGen: 611827K->87030K(611840K)] 776051K->370739K(2010112K), 0.0686908 secs] [Times: user=0.10 sys=0.13, real=0.07 secs] 
2021-01-22T12:08:21.281-0800: 0.915: [GC (Allocation Failure) [PSYoungGen: 611830K->87032K(611840K)] 895539K->485005K(2010112K), 0.0721181 secs] [Times: user=0.09 sys=0.11, real=0.07 secs] 
2021-01-22T12:08:21.436-0800: 1.070: [GC (Allocation Failure) [PSYoungGen: 611832K->87025K(611840K)] 1009805K->603592K(2010112K), 0.0732929 secs] [Times: user=0.10 sys=0.15, real=0.07 secs] 
Heap
 PSYoungGen      total 611840K, used 108716K [0x0000000795580000, 0x00000007c0000000, 0x00000007c0000000)
  eden space 524800K, 4% used [0x0000000795580000,0x0000000796aaed78,0x00000007b5600000)
  from space 87040K, 99% used [0x00000007b5600000,0x00000007baafc5d0,0x00000007bab00000)
  to   space 87040K, 0% used [0x00000007bab00000,0x00000007bab00000,0x00000007c0000000)
 ParOldGen       total 1398272K, used 516567K [0x0000000740000000, 0x0000000795580000, 0x0000000795580000)
  object space 1398272K, 36% used [0x0000000740000000,0x000000075f875de0,0x0000000795580000)
 Metaspace       used 2741K, capacity 4486K, committed 4864K, reserved 1056768K
  class space    used 296K, capacity 386K, committed 512K, reserved 1048576K
