Java HotSpot(TM) 64-Bit Server VM (25.231-b11) for bsd-amd64 JRE (1.8.0_231-b11), built on Oct  5 2019 03:15:25 by "java_re" with gcc 4.2.1 (Based on Apple Inc. build 5658) (LLVM build 2336.11.00)
Memory: 4k page, physical 16777216k(503372k free)

/proc/meminfo:

CommandLine flags: -XX:InitialHeapSize=1073741824 -XX:MaxHeapSize=1073741824 -XX:+PrintGC -XX:+PrintGCDateStamps -XX:+PrintGCDetails -XX:+PrintGCTimeStamps -XX:+UseCompressedClassPointers -XX:+UseCompressedOops -XX:+UseSerialGC 
2021-01-22T12:03:46.395-0800: 0.276: [GC (Allocation Failure) 2021-01-22T12:03:46.395-0800: 0.277: [DefNew: 279616K->34944K(314560K), 0.0635123 secs] 279616K->87962K(1013632K), 0.0636264 secs] [Times: user=0.03 sys=0.03, real=0.06 secs] 
2021-01-22T12:03:46.515-0800: 0.396: [GC (Allocation Failure) 2021-01-22T12:03:46.515-0800: 0.396: [DefNew: 314560K->34943K(314560K), 0.0830022 secs] 367578K->172805K(1013632K), 0.0830924 secs] [Times: user=0.04 sys=0.04, real=0.08 secs] 
2021-01-22T12:03:46.645-0800: 0.526: [GC (Allocation Failure) 2021-01-22T12:03:46.645-0800: 0.526: [DefNew: 314470K->34943K(314560K), 0.0601749 secs] 452332K->253395K(1013632K), 0.0602743 secs] [Times: user=0.04 sys=0.03, real=0.06 secs] 
2021-01-22T12:03:46.753-0800: 0.634: [GC (Allocation Failure) 2021-01-22T12:03:46.753-0800: 0.634: [DefNew: 314559K->34943K(314560K), 0.0587507 secs] 533011K->336529K(1013632K), 0.0588444 secs] [Times: user=0.03 sys=0.03, real=0.06 secs] 
2021-01-22T12:03:46.858-0800: 0.739: [GC (Allocation Failure) 2021-01-22T12:03:46.858-0800: 0.739: [DefNew: 314511K->34944K(314560K), 0.0511231 secs] 616098K->404305K(1013632K), 0.0512156 secs] [Times: user=0.03 sys=0.02, real=0.05 secs] 
2021-01-22T12:03:46.953-0800: 0.835: [GC (Allocation Failure) 2021-01-22T12:03:46.953-0800: 0.835: [DefNew: 314560K->34944K(314560K), 0.0555894 secs] 683921K->479873K(1013632K), 0.0556803 secs] [Times: user=0.03 sys=0.02, real=0.05 secs] 
2021-01-22T12:03:47.051-0800: 0.932: [GC (Allocation Failure) 2021-01-22T12:03:47.051-0800: 0.932: [DefNew: 314560K->34943K(314560K), 0.0581122 secs] 759489K->564074K(1013632K), 0.0582048 secs] [Times: user=0.04 sys=0.03, real=0.05 secs] 
2021-01-22T12:03:47.151-0800: 1.032: [GC (Allocation Failure) 2021-01-22T12:03:47.151-0800: 1.032: [DefNew: 314559K->34943K(314560K), 0.0589811 secs] 843690K->647021K(1013632K), 0.0591031 secs] [Times: user=0.03 sys=0.03, real=0.06 secs] 
Heap
 def new generation   total 314560K, used 46470K [0x0000000780000000, 0x0000000795550000, 0x0000000795550000)
  eden space 279616K,   4% used [0x0000000780000000, 0x0000000780b41a98, 0x0000000791110000)
  from space 34944K,  99% used [0x0000000791110000, 0x000000079332fe00, 0x0000000793330000)
  to   space 34944K,   0% used [0x0000000793330000, 0x0000000793330000, 0x0000000795550000)
 tenured generation   total 699072K, used 612077K [0x0000000795550000, 0x00000007c0000000, 0x00000007c0000000)
   the space 699072K,  87% used [0x0000000795550000, 0x00000007bab0b730, 0x00000007bab0b800, 0x00000007c0000000)
 Metaspace       used 2741K, capacity 4486K, committed 4864K, reserved 1056768K
  class space    used 296K, capacity 386K, committed 512K, reserved 1048576K
