Java HotSpot(TM) 64-Bit Server VM (25.231-b11) for bsd-amd64 JRE (1.8.0_231-b11), built on Oct  5 2019 03:15:25 by "java_re" with gcc 4.2.1 (Based on Apple Inc. build 5658) (LLVM build 2336.11.00)
Memory: 4k page, physical 16777216k(979452k free)

/proc/meminfo:

CommandLine flags: -XX:InitialHeapSize=2147483648 -XX:MaxHeapSize=2147483648 -XX:+PrintGC -XX:+PrintGCDateStamps -XX:+PrintGCDetails -XX:+PrintGCTimeStamps -XX:+UseCompressedClassPointers -XX:+UseCompressedOops -XX:+UseSerialGC 
2021-01-22T11:00:38.969-0800: 0.436: [GC (Allocation Failure) 2021-01-22T11:00:38.969-0800: 0.436: [DefNew: 559232K->69887K(629120K), 0.1056812 secs] 559232K->168900K(2027264K), 0.1058115 secs] [Times: user=0.05 sys=0.05, real=0.11 secs] 
2021-01-22T11:00:39.183-0800: 0.649: [GC (Allocation Failure) 2021-01-22T11:00:39.183-0800: 0.649: [DefNew: 629119K->69887K(629120K), 0.1215503 secs] 728132K->283718K(2027264K), 0.1216680 secs] [Times: user=0.06 sys=0.06, real=0.12 secs] 
2021-01-22T11:00:39.407-0800: 0.873: [GC (Allocation Failure) 2021-01-22T11:00:39.407-0800: 0.873: [DefNew: 629119K->69887K(629120K), 0.1189760 secs] 842950K->416198K(2027264K), 0.1190830 secs] [Times: user=0.07 sys=0.04, real=0.12 secs] 
Heap
 def new generation   total 629120K, used 629119K [0x0000000740000000, 0x000000076aaa0000, 0x000000076aaa0000)
  eden space 559232K, 100% used [0x0000000740000000, 0x0000000762220000, 0x0000000762220000)
  from space 69888K,  99% used [0x0000000766660000, 0x000000076aa9fef0, 0x000000076aaa0000)
  to   space 69888K,   0% used [0x0000000762220000, 0x0000000762220000, 0x0000000766660000)
 tenured generation   total 1398144K, used 346310K [0x000000076aaa0000, 0x00000007c0000000, 0x00000007c0000000)
   the space 1398144K,  24% used [0x000000076aaa0000, 0x000000077fcd19c0, 0x000000077fcd1a00, 0x00000007c0000000)
 Metaspace       used 2741K, capacity 4486K, committed 4864K, reserved 1056768K
  class space    used 296K, capacity 386K, committed 512K, reserved 1048576K
