Java HotSpot(TM) 64-Bit Server VM (25.231-b11) for bsd-amd64 JRE (1.8.0_231-b11), built on Oct  5 2019 03:15:25 by "java_re" with gcc 4.2.1 (Based on Apple Inc. build 5658) (LLVM build 2336.11.00)
Memory: 4k page, physical 16777216k(336408k free)

/proc/meminfo:

CommandLine flags: -XX:InitialHeapSize=270532608 -XX:MaxHeapSize=270532608 -XX:+PrintGC -XX:+PrintGCDateStamps -XX:+PrintGCDetails -XX:+PrintGCTimeStamps -XX:+UseCompressedClassPointers -XX:+UseCompressedOops -XX:+UseSerialGC 
2021-01-22T10:48:18.641-0800: 0.161: [GC (Allocation Failure) 2021-01-22T10:48:18.641-0800: 0.161: [DefNew: 70528K->8768K(79296K), 0.0176015 secs] 70528K->25016K(255424K), 0.0177255 secs] [Times: user=0.02 sys=0.00, real=0.01 secs] 
2021-01-22T10:48:18.673-0800: 0.193: [GC (Allocation Failure) 2021-01-22T10:48:18.673-0800: 0.193: [DefNew: 79243K->8764K(79296K), 0.0216681 secs] 95492K->48692K(255424K), 0.0217642 secs] [Times: user=0.01 sys=0.01, real=0.02 secs] 
2021-01-22T10:48:18.708-0800: 0.228: [GC (Allocation Failure) 2021-01-22T10:48:18.708-0800: 0.228: [DefNew: 79292K->8763K(79296K), 0.0174681 secs] 119220K->72837K(255424K), 0.0175767 secs] [Times: user=0.01 sys=0.00, real=0.02 secs] 
2021-01-22T10:48:18.738-0800: 0.258: [GC (Allocation Failure) 2021-01-22T10:48:18.738-0800: 0.258: [DefNew: 79226K->8767K(79296K), 0.0218306 secs] 143300K->100148K(255424K), 0.0219348 secs] [Times: user=0.01 sys=0.01, real=0.03 secs] 
2021-01-22T10:48:18.773-0800: 0.293: [GC (Allocation Failure) 2021-01-22T10:48:18.773-0800: 0.293: [DefNew: 79295K->8767K(79296K), 0.0161109 secs] 170676K->122764K(255424K), 0.0162131 secs] [Times: user=0.01 sys=0.01, real=0.01 secs] 
2021-01-22T10:48:18.801-0800: 0.321: [GC (Allocation Failure) 2021-01-22T10:48:18.801-0800: 0.321: [DefNew: 79243K->8764K(79296K), 0.0191608 secs] 193239K->146915K(255424K), 0.0192871 secs] [Times: user=0.01 sys=0.01, real=0.02 secs] 
2021-01-22T10:48:18.834-0800: 0.354: [GC (Allocation Failure) 2021-01-22T10:48:18.834-0800: 0.354: [DefNew: 78960K->8765K(79296K), 0.0168666 secs] 217110K->168114K(255424K), 0.0169685 secs] [Times: user=0.01 sys=0.01, real=0.02 secs] 
2021-01-22T10:48:18.864-0800: 0.384: [GC (Allocation Failure) 2021-01-22T10:48:18.864-0800: 0.384: [DefNew: 79274K->79274K(79296K), 0.0000267 secs]2021-01-22T10:48:18.864-0800: 0.384: [Tenured: 159348K->163476K(176128K), 0.0376617 secs] 238623K->163476K(255424K), [Metaspace: 2734K->2734K(1056768K)], 0.0378116 secs] [Times: user=0.03 sys=0.00, real=0.04 secs] 
2021-01-22T10:48:18.914-0800: 0.434: [GC (Allocation Failure) 2021-01-22T10:48:18.914-0800: 0.434: [DefNew: 69939K->69939K(79296K), 0.0000449 secs]2021-01-22T10:48:18.914-0800: 0.434: [Tenured: 163476K->176111K(176128K), 0.0373267 secs] 233416K->180427K(255424K), [Metaspace: 2734K->2734K(1056768K)], 0.0375251 secs] [Times: user=0.03 sys=0.00, real=0.04 secs] 
2021-01-22T10:48:18.965-0800: 0.485: [Full GC (Allocation Failure) 2021-01-22T10:48:18.965-0800: 0.485: [Tenured: 176111K->176066K(176128K), 0.0336706 secs] 255383K->193980K(255424K), [Metaspace: 2734K->2734K(1056768K)], 0.0337829 secs] [Times: user=0.04 sys=0.00, real=0.03 secs] 
2021-01-22T10:48:19.011-0800: 0.531: [Full GC (Allocation Failure) 2021-01-22T10:48:19.011-0800: 0.531: [Tenured: 176102K->175916K(176128K), 0.0367764 secs] 255398K->194257K(255424K), [Metaspace: 2734K->2734K(1056768K)], 0.0368800 secs] [Times: user=0.03 sys=0.00, real=0.03 secs] 
2021-01-22T10:48:19.059-0800: 0.579: [Full GC (Allocation Failure) 2021-01-22T10:48:19.059-0800: 0.579: [Tenured: 176009K->175572K(176128K), 0.0105303 secs] 255219K->212583K(255424K), [Metaspace: 2734K->2734K(1056768K)], 0.0106442 secs] [Times: user=0.01 sys=0.01, real=0.02 secs] 
2021-01-22T10:48:19.077-0800: 0.597: [Full GC (Allocation Failure) 2021-01-22T10:48:19.078-0800: 0.597: [Tenured: 175770K->176126K(176128K), 0.0244366 secs] 255058K->216490K(255424K), [Metaspace: 2734K->2734K(1056768K)], 0.0245437 secs] [Times: user=0.02 sys=0.00, real=0.03 secs] 
2021-01-22T10:48:19.109-0800: 0.629: [Full GC (Allocation Failure) 2021-01-22T10:48:19.109-0800: 0.629: [Tenured: 176126K->175978K(176128K), 0.0348735 secs] 255331K->224610K(255424K), [Metaspace: 2734K->2734K(1056768K)], 0.0350077 secs] [Times: user=0.03 sys=0.00, real=0.04 secs] 
2021-01-22T10:48:19.149-0800: 0.669: [Full GC (Allocation Failure) 2021-01-22T10:48:19.149-0800: 0.669: [Tenured: 176088K->175649K(176128K), 0.0406337 secs] 255378K->222276K(255424K), [Metaspace: 2734K->2734K(1056768K)], 0.0407456 secs] [Times: user=0.04 sys=0.00, real=0.05 secs] 
2021-01-22T10:48:19.197-0800: 0.717: [Full GC (Allocation Failure) 2021-01-22T10:48:19.197-0800: 0.717: [Tenured: 175971K->175971K(176128K), 0.0089660 secs] 255265K->233543K(255424K), [Metaspace: 2734K->2734K(1056768K)], 0.0090569 secs] [Times: user=0.01 sys=0.00, real=0.01 secs] 
2021-01-22T10:48:19.210-0800: 0.730: [Full GC (Allocation Failure) 2021-01-22T10:48:19.210-0800: 0.730: [Tenured: 175971K->175546K(176128K), 0.0139659 secs] 255001K->236372K(255424K), [Metaspace: 2734K->2734K(1056768K)], 0.0140488 secs] [Times: user=0.01 sys=0.00, real=0.01 secs] 
2021-01-22T10:48:19.228-0800: 0.748: [Full GC (Allocation Failure) 2021-01-22T10:48:19.228-0800: 0.748: [Tenured: 175978K->176092K(176128K), 0.0234548 secs] 255242K->234357K(255424K), [Metaspace: 2734K->2734K(1056768K)], 0.0236094 secs] [Times: user=0.03 sys=0.00, real=0.03 secs] 
2021-01-22T10:48:19.256-0800: 0.775: [Full GC (Allocation Failure) 2021-01-22T10:48:19.256-0800: 0.776: [Tenured: 176092K->176063K(176128K), 0.0406587 secs] 255281K->229588K(255424K), [Metaspace: 2734K->2734K(1056768K)], 0.0407673 secs] [Times: user=0.04 sys=0.00, real=0.04 secs] 
2021-01-22T10:48:19.301-0800: 0.821: [Full GC (Allocation Failure) 2021-01-22T10:48:19.301-0800: 0.821: [Tenured: 176063K->176063K(176128K), 0.0108831 secs] 255302K->239869K(255424K), [Metaspace: 2734K->2734K(1056768K)], 0.0109788 secs] [Times: user=0.01 sys=0.00, real=0.01 secs] 
2021-01-22T10:48:19.315-0800: 0.835: [Full GC (Allocation Failure) 2021-01-22T10:48:19.315-0800: 0.835: [Tenured: 176063K->176063K(176128K), 0.0108514 secs] 254961K->242606K(255424K), [Metaspace: 2734K->2734K(1056768K)], 0.0109509 secs] [Times: user=0.01 sys=0.00, real=0.01 secs] 
2021-01-22T10:48:19.329-0800: 0.849: [Full GC (Allocation Failure) 2021-01-22T10:48:19.329-0800: 0.849: [Tenured: 176063K->175953K(176128K), 0.0125972 secs] 255183K->245861K(255424K), [Metaspace: 2734K->2734K(1056768K)], 0.0127170 secs] [Times: user=0.01 sys=0.00, real=0.02 secs] 
2021-01-22T10:48:19.343-0800: 0.863: [Full GC (Allocation Failure) 2021-01-22T10:48:19.343-0800: 0.863: [Tenured: 175953K->175926K(176128K), 0.0405421 secs] 254903K->238441K(255424K), [Metaspace: 2734K->2734K(1056768K)], 0.0406398 secs] [Times: user=0.04 sys=0.00, real=0.04 secs] 
2021-01-22T10:48:19.387-0800: 0.907: [Full GC (Allocation Failure) 2021-01-22T10:48:19.387-0800: 0.907: [Tenured: 175926K->175926K(176128K), 0.0121079 secs] 254937K->244840K(255424K), [Metaspace: 2734K->2734K(1056768K)], 0.0122177 secs] [Times: user=0.01 sys=0.00, real=0.01 secs] 
2021-01-22T10:48:19.401-0800: 0.921: [Full GC (Allocation Failure) 2021-01-22T10:48:19.401-0800: 0.921: [Tenured: 175926K->175926K(176128K), 0.0106589 secs] 255179K->248983K(255424K), [Metaspace: 2734K->2734K(1056768K)], 0.0107558 secs] [Times: user=0.01 sys=0.00, real=0.01 secs] 
2021-01-22T10:48:19.413-0800: 0.933: [Full GC (Allocation Failure) 2021-01-22T10:48:19.413-0800: 0.933: [Tenured: 175926K->175926K(176128K), 0.0092297 secs] 254873K->250739K(255424K), [Metaspace: 2734K->2734K(1056768K)], 0.0093238 secs] [Times: user=0.01 sys=0.00, real=0.01 secs] 
2021-01-22T10:48:19.424-0800: 0.944: [Full GC (Allocation Failure) 2021-01-22T10:48:19.424-0800: 0.944: [Tenured: 175980K->176111K(176128K), 0.0400382 secs] 255268K->248859K(255424K), [Metaspace: 2734K->2734K(1056768K)], 0.0401317 secs] [Times: user=0.04 sys=0.00, real=0.04 secs] 
2021-01-22T10:48:19.465-0800: 0.985: [Full GC (Allocation Failure) 2021-01-22T10:48:19.465-0800: 0.985: [Tenured: 176111K->176111K(176128K), 0.0025490 secs] 255266K->250587K(255424K), [Metaspace: 2734K->2734K(1056768K)], 0.0026331 secs] [Times: user=0.00 sys=0.00, real=0.00 secs] 
2021-01-22T10:48:19.469-0800: 0.989: [Full GC (Allocation Failure) 2021-01-22T10:48:19.469-0800: 0.989: [Tenured: 176111K->176111K(176128K), 0.0087285 secs] 255328K->252512K(255424K), [Metaspace: 2734K->2734K(1056768K)], 0.0088211 secs] [Times: user=0.01 sys=0.00, real=0.01 secs] 
2021-01-22T10:48:19.479-0800: 0.999: [Full GC (Allocation Failure) 2021-01-22T10:48:19.479-0800: 0.999: [Tenured: 176111K->176111K(176128K), 0.0114305 secs] 255390K->253061K(255424K), [Metaspace: 2734K->2734K(1056768K)], 0.0115206 secs] [Times: user=0.01 sys=0.00, real=0.02 secs] 
2021-01-22T10:48:19.491-0800: 1.011: [Full GC (Allocation Failure) 2021-01-22T10:48:19.491-0800: 1.011: [Tenured: 176111K->175995K(176128K), 0.0331629 secs] 255380K->251070K(255424K), [Metaspace: 2734K->2734K(1056768K)], 0.0332535 secs] [Times: user=0.03 sys=0.00, real=0.03 secs] 
2021-01-22T10:48:19.525-0800: 1.045: [Full GC (Allocation Failure) 2021-01-22T10:48:19.525-0800: 1.045: [Tenured: 175995K->175995K(176128K), 0.0023525 secs] 255173K->252237K(255424K), [Metaspace: 2734K->2734K(1056768K)], 0.0024427 secs] [Times: user=0.00 sys=0.00, real=0.00 secs] 
2021-01-22T10:48:19.528-0800: 1.048: [Full GC (Allocation Failure) 2021-01-22T10:48:19.528-0800: 1.048: [Tenured: 176067K->176067K(176128K), 0.0108916 secs] 255347K->252942K(255424K), [Metaspace: 2734K->2734K(1056768K)], 0.0109833 secs] [Times: user=0.01 sys=0.00, real=0.01 secs] 
2021-01-22T10:48:19.540-0800: 1.060: [Full GC (Allocation Failure) 2021-01-22T10:48:19.540-0800: 1.060: [Tenured: 176067K->176067K(176128K), 0.0090258 secs] 255318K->253244K(255424K), [Metaspace: 2734K->2734K(1056768K)], 0.0091122 secs] [Times: user=0.01 sys=0.00, real=0.00 secs] 
2021-01-22T10:48:19.549-0800: 1.069: [Full GC (Allocation Failure) 2021-01-22T10:48:19.550-0800: 1.069: [Tenured: 176067K->176112K(176128K), 0.0365751 secs] 255295K->250942K(255424K), [Metaspace: 2734K->2734K(1056768K)], 0.0366620 secs] [Times: user=0.04 sys=0.00, real=0.04 secs] 
Heap
 def new generation   total 79296K, used 75566K [0x00000007afe00000, 0x00000007b5400000, 0x00000007b5400000)
  eden space 70528K, 100% used [0x00000007afe00000, 0x00000007b42e0000, 0x00000007b42e0000)
  from space 8768K,  57% used [0x00000007b4b70000, 0x00000007b505b860, 0x00000007b5400000)
  to   space 8768K,   0% used [0x00000007b42e0000, 0x00000007b42e0000, 0x00000007b4b70000)
 tenured generation   total 176128K, used 176112K [0x00000007b5400000, 0x00000007c0000000, 0x00000007c0000000)
   the space 176128K,  99% used [0x00000007b5400000, 0x00000007bfffc130, 0x00000007bfffc200, 0x00000007c0000000)
 Metaspace       used 2741K, capacity 4486K, committed 4864K, reserved 1056768K
  class space    used 296K, capacity 386K, committed 512K, reserved 1048576K
