Java HotSpot(TM) 64-Bit Server VM (25.231-b11) for bsd-amd64 JRE (1.8.0_231-b11), built on Oct  5 2019 03:15:25 by "java_re" with gcc 4.2.1 (Based on Apple Inc. build 5658) (LLVM build 2336.11.00)
Memory: 4k page, physical 16777216k(507688k free)

/proc/meminfo:

CommandLine flags: -XX:InitialHeapSize=134217728 -XX:MaxHeapSize=134217728 -XX:+PrintGC -XX:+PrintGCDateStamps -XX:+PrintGCDetails -XX:+PrintGCTimeStamps -XX:+UseCompressedClassPointers -XX:+UseCompressedOops -XX:+UseSerialGC 
2021-01-22T12:03:36.277-0800: 0.129: [GC (Allocation Failure) 2021-01-22T12:03:36.277-0800: 0.129: [DefNew: 34853K->4351K(39296K), 0.0074246 secs] 34853K->9746K(126720K), 0.0075306 secs] [Times: user=0.01 sys=0.00, real=0.01 secs] 
2021-01-22T12:03:36.295-0800: 0.147: [GC (Allocation Failure) 2021-01-22T12:03:36.295-0800: 0.147: [DefNew: 39295K->4347K(39296K), 0.0098396 secs] 44690K->21004K(126720K), 0.0099288 secs] [Times: user=0.01 sys=0.01, real=0.01 secs] 
2021-01-22T12:03:36.314-0800: 0.166: [GC (Allocation Failure) 2021-01-22T12:03:36.314-0800: 0.166: [DefNew: 39291K->4350K(39296K), 0.0076043 secs] 55948K->31567K(126720K), 0.0076938 secs] [Times: user=0.01 sys=0.00, real=0.01 secs] 
2021-01-22T12:03:36.328-0800: 0.180: [GC (Allocation Failure) 2021-01-22T12:03:36.328-0800: 0.180: [DefNew: 39242K->4346K(39296K), 0.0082175 secs] 66459K->42925K(126720K), 0.0083169 secs] [Times: user=0.01 sys=0.00, real=0.01 secs] 
2021-01-22T12:03:36.343-0800: 0.195: [GC (Allocation Failure) 2021-01-22T12:03:36.343-0800: 0.196: [DefNew: 39290K->4350K(39296K), 0.0086482 secs] 77869K->54143K(126720K), 0.0087292 secs] [Times: user=0.00 sys=0.01, real=0.01 secs] 
2021-01-22T12:03:36.359-0800: 0.211: [GC (Allocation Failure) 2021-01-22T12:03:36.359-0800: 0.211: [DefNew: 39294K->4347K(39296K), 0.0077036 secs] 89087K->64703K(126720K), 0.0077895 secs] [Times: user=0.00 sys=0.00, real=0.01 secs] 
2021-01-22T12:03:36.374-0800: 0.226: [GC (Allocation Failure) 2021-01-22T12:03:36.374-0800: 0.226: [DefNew: 39291K->4345K(39296K), 0.0089507 secs] 99647K->77057K(126720K), 0.0090367 secs] [Times: user=0.00 sys=0.01, real=0.01 secs] 
2021-01-22T12:03:36.389-0800: 0.242: [GC (Allocation Failure) 2021-01-22T12:03:36.389-0800: 0.242: [DefNew: 39224K->4351K(39296K), 0.0090964 secs] 111936K->90004K(126720K), 0.0091839 secs] [Times: user=0.00 sys=0.00, real=0.01 secs] 
2021-01-22T12:03:36.404-0800: 0.257: [GC (Allocation Failure) 2021-01-22T12:03:36.405-0800: 0.257: [DefNew: 39183K->39183K(39296K), 0.0000193 secs]2021-01-22T12:03:36.405-0800: 0.257: [Tenured: 85652K->87070K(87424K), 0.0175528 secs] 124835K->96085K(126720K), [Metaspace: 2734K->2734K(1056768K)], 0.0176920 secs] [Times: user=0.02 sys=0.00, real=0.02 secs] 
2021-01-22T12:03:36.428-0800: 0.280: [Full GC (Allocation Failure) 2021-01-22T12:03:36.428-0800: 0.280: [Tenured: 87322K->87383K(87424K), 0.0152792 secs] 126549K->105599K(126720K), [Metaspace: 2734K->2734K(1056768K)], 0.0153686 secs] [Times: user=0.02 sys=0.00, real=0.02 secs] 
2021-01-22T12:03:36.447-0800: 0.299: [Full GC (Allocation Failure) 2021-01-22T12:03:36.447-0800: 0.299: [Tenured: 87383K->87403K(87424K), 0.0147912 secs] 126493K->110183K(126720K), [Metaspace: 2734K->2734K(1056768K)], 0.0148886 secs] [Times: user=0.02 sys=0.00, real=0.02 secs] 
2021-01-22T12:03:36.465-0800: 0.317: [Full GC (Allocation Failure) 2021-01-22T12:03:36.465-0800: 0.317: [Tenured: 87403K->87015K(87424K), 0.0200485 secs] 126527K->109879K(126720K), [Metaspace: 2734K->2734K(1056768K)], 0.0201453 secs] [Times: user=0.02 sys=0.00, real=0.02 secs] 
2021-01-22T12:03:36.488-0800: 0.340: [Full GC (Allocation Failure) 2021-01-22T12:03:36.488-0800: 0.340: [Tenured: 87231K->87231K(87424K), 0.0053486 secs] 126513K->115240K(126720K), [Metaspace: 2734K->2734K(1056768K)], 0.0054422 secs] [Times: user=0.01 sys=0.00, real=0.01 secs] 
2021-01-22T12:03:36.496-0800: 0.348: [Full GC (Allocation Failure) 2021-01-22T12:03:36.496-0800: 0.348: [Tenured: 87231K->87231K(87424K), 0.0026012 secs] 126374K->120038K(126720K), [Metaspace: 2734K->2734K(1056768K)], 0.0026932 secs] [Times: user=0.00 sys=0.00, real=0.00 secs] 
2021-01-22T12:03:36.500-0800: 0.352: [Full GC (Allocation Failure) 2021-01-22T12:03:36.500-0800: 0.352: [Tenured: 87303K->87303K(87424K), 0.0032898 secs] 126547K->122783K(126720K), [Metaspace: 2734K->2734K(1056768K)], 0.0033853 secs] [Times: user=0.01 sys=0.00, real=0.00 secs] 
2021-01-22T12:03:36.504-0800: 0.357: [Full GC (Allocation Failure) 2021-01-22T12:03:36.504-0800: 0.357: [Tenured: 87303K->87065K(87424K), 0.0188240 secs] 126534K->120454K(126720K), [Metaspace: 2734K->2734K(1056768K)], 0.0189188 secs] [Times: user=0.02 sys=0.00, real=0.02 secs] 
2021-01-22T12:03:36.525-0800: 0.377: [Full GC (Allocation Failure) 2021-01-22T12:03:36.525-0800: 0.377: [Tenured: 87407K->87407K(87424K), 0.0048397 secs] 126699K->122421K(126720K), [Metaspace: 2734K->2734K(1056768K)], 0.0049369 secs] [Times: user=0.00 sys=0.00, real=0.01 secs] 
2021-01-22T12:03:36.531-0800: 0.383: [Full GC (Allocation Failure) 2021-01-22T12:03:36.531-0800: 0.383: [Tenured: 87407K->87407K(87424K), 0.0039533 secs] 126201K->124383K(126720K), [Metaspace: 2734K->2734K(1056768K)], 0.0040468 secs] [Times: user=0.01 sys=0.00, real=0.00 secs] 
2021-01-22T12:03:36.535-0800: 0.388: [Full GC (Allocation Failure) 2021-01-22T12:03:36.535-0800: 0.388: [Tenured: 87407K->87407K(87424K), 0.0023759 secs] 126636K->124993K(126720K), [Metaspace: 2734K->2734K(1056768K)], 0.0024602 secs] [Times: user=0.00 sys=0.00, real=0.00 secs] 
2021-01-22T12:03:36.538-0800: 0.390: [Full GC (Allocation Failure) 2021-01-22T12:03:36.538-0800: 0.391: [Tenured: 87407K->87244K(87424K), 0.0189509 secs] 126404K->123236K(126720K), [Metaspace: 2734K->2734K(1056768K)], 0.0190471 secs] [Times: user=0.02 sys=0.00, real=0.02 secs] 
2021-01-22T12:03:36.558-0800: 0.411: [Full GC (Allocation Failure) 2021-01-22T12:03:36.558-0800: 0.411: [Tenured: 87370K->87370K(87424K), 0.0017612 secs] 126662K->124351K(126720K), [Metaspace: 2734K->2734K(1056768K)], 0.0018375 secs] [Times: user=0.00 sys=0.00, real=0.01 secs] 
2021-01-22T12:03:36.561-0800: 0.413: [Full GC (Allocation Failure) 2021-01-22T12:03:36.561-0800: 0.413: [Tenured: 87370K->87370K(87424K), 0.0063959 secs] 126650K->124728K(126720K), [Metaspace: 2734K->2734K(1056768K)], 0.0064687 secs] [Times: user=0.01 sys=0.00, real=0.00 secs] 
2021-01-22T12:03:36.568-0800: 0.420: [Full GC (Allocation Failure) 2021-01-22T12:03:36.568-0800: 0.420: [Tenured: 87370K->87370K(87424K), 0.0017475 secs] 126572K->125400K(126720K), [Metaspace: 2734K->2734K(1056768K)], 0.0018168 secs] [Times: user=0.00 sys=0.00, real=0.00 secs] 
2021-01-22T12:03:36.570-0800: 0.422: [Full GC (Allocation Failure) 2021-01-22T12:03:36.570-0800: 0.422: [Tenured: 87370K->87243K(87424K), 0.0166473 secs] 126628K->124781K(126720K), [Metaspace: 2734K->2734K(1056768K)], 0.0167216 secs] [Times: user=0.02 sys=0.00, real=0.01 secs] 
2021-01-22T12:03:36.587-0800: 0.439: [Full GC (Allocation Failure) 2021-01-22T12:03:36.587-0800: 0.439: [Tenured: 87243K->87243K(87424K), 0.0031036 secs] 126265K->125169K(126720K), [Metaspace: 2734K->2734K(1056768K)], 0.0031877 secs] [Times: user=0.00 sys=0.00, real=0.01 secs] 
2021-01-22T12:03:36.591-0800: 0.443: [Full GC (Allocation Failure) 2021-01-22T12:03:36.591-0800: 0.443: [Tenured: 87406K->87406K(87424K), 0.0016918 secs] 126696K->125815K(126720K), [Metaspace: 2734K->2734K(1056768K)], 0.0017512 secs] [Times: user=0.00 sys=0.00, real=0.00 secs] 
2021-01-22T12:03:36.593-0800: 0.445: [Full GC (Allocation Failure) 2021-01-22T12:03:36.593-0800: 0.445: [Tenured: 87406K->87406K(87424K), 0.0015542 secs] 126661K->125896K(126720K), [Metaspace: 2734K->2734K(1056768K)], 0.0016192 secs] [Times: user=0.01 sys=0.00, real=0.00 secs] 
2021-01-22T12:03:36.594-0800: 0.447: [Full GC (Allocation Failure) 2021-01-22T12:03:36.594-0800: 0.447: [Tenured: 87406K->87385K(87424K), 0.0087054 secs] 126522K->125126K(126720K), [Metaspace: 2734K->2734K(1056768K)], 0.0087571 secs] [Times: user=0.01 sys=0.00, real=0.01 secs] 
2021-01-22T12:03:36.604-0800: 0.456: [Full GC (Allocation Failure) 2021-01-22T12:03:36.604-0800: 0.456: [Tenured: 87385K->87385K(87424K), 0.0016364 secs] 126445K->125323K(126720K), [Metaspace: 2734K->2734K(1056768K)], 0.0016921 secs] [Times: user=0.00 sys=0.00, real=0.00 secs] 
2021-01-22T12:03:36.606-0800: 0.458: [Full GC (Allocation Failure) 2021-01-22T12:03:36.606-0800: 0.458: [Tenured: 87385K->87385K(87424K), 0.0037567 secs] 126664K->126527K(126720K), [Metaspace: 2734K->2734K(1056768K)], 0.0038628 secs] [Times: user=0.00 sys=0.00, real=0.00 secs] 
2021-01-22T12:03:36.610-0800: 0.462: [Full GC (Allocation Failure) 2021-01-22T12:03:36.610-0800: 0.462: [Tenured: 87385K->87385K(87424K), 0.0016883 secs] 126599K->126563K(126720K), [Metaspace: 2734K->2734K(1056768K)], 0.0017471 secs] [Times: user=0.00 sys=0.00, real=0.00 secs] 
2021-01-22T12:03:36.611-0800: 0.464: [Full GC (Allocation Failure) 2021-01-22T12:03:36.611-0800: 0.464: [Tenured: 87385K->87381K(87424K), 0.0182057 secs] 126563K->126306K(126720K), [Metaspace: 2734K->2734K(1056768K)], 0.0182837 secs] [Times: user=0.02 sys=0.00, real=0.02 secs] 
2021-01-22T12:03:36.630-0800: 0.482: [Full GC (Allocation Failure) 2021-01-22T12:03:36.630-0800: 0.482: [Tenured: 87381K->87381K(87424K), 0.0017642 secs] 126602K->126234K(126720K), [Metaspace: 2734K->2734K(1056768K)], 0.0018417 secs] [Times: user=0.00 sys=0.00, real=0.00 secs] 
2021-01-22T12:03:36.632-0800: 0.484: [Full GC (Allocation Failure) 2021-01-22T12:03:36.632-0800: 0.484: [Tenured: 87381K->87381K(87424K), 0.0016616 secs] 126605K->126523K(126720K), [Metaspace: 2734K->2734K(1056768K)], 0.0017226 secs] [Times: user=0.00 sys=0.00, real=0.00 secs] 
2021-01-22T12:03:36.634-0800: 0.486: [Full GC (Allocation Failure) 2021-01-22T12:03:36.634-0800: 0.486: [Tenured: 87381K->87423K(87424K), 0.0123518 secs] 126523K->126447K(126720K), [Metaspace: 2734K->2734K(1056768K)], 0.0124223 secs] [Times: user=0.02 sys=0.00, real=0.01 secs] 
2021-01-22T12:03:36.647-0800: 0.499: [Full GC (Allocation Failure) 2021-01-22T12:03:36.647-0800: 0.499: [Tenured: 87423K->87423K(87424K), 0.0019455 secs] 126602K->126519K(126720K), [Metaspace: 2734K->2734K(1056768K)], 0.0020086 secs] [Times: user=0.00 sys=0.00, real=0.00 secs] 
2021-01-22T12:03:36.649-0800: 0.501: [Full GC (Allocation Failure) 2021-01-22T12:03:36.649-0800: 0.501: [Tenured: 87423K->87423K(87424K), 0.0015568 secs] 126519K->126519K(126720K), [Metaspace: 2734K->2734K(1056768K)], 0.0016125 secs] [Times: user=0.00 sys=0.00, real=0.01 secs] 
Heap
 def new generation   total 39296K, used 39205K [0x00000007b8000000, 0x00000007baaa0000, 0x00000007baaa0000)
  eden space 34944K, 100% used [0x00000007b8000000, 0x00000007ba220000, 0x00000007ba220000)
  from space 4352K,  97% used [0x00000007ba220000, 0x00000007ba649568, 0x00000007ba660000)
  to   space 4352K,   0% used [0x00000007ba660000, 0x00000007ba660000, 0x00000007baaa0000)
 tenured generation   total 87424K, used 87423K [0x00000007baaa0000, 0x00000007c0000000, 0x00000007c0000000)
   the space 87424K,  99% used [0x00000007baaa0000, 0x00000007bffffc50, 0x00000007bffffe00, 0x00000007c0000000)
 Metaspace       used 2765K, capacity 4486K, committed 4864K, reserved 1056768K
  class space    used 299K, capacity 386K, committed 512K, reserved 1048576K
