Java HotSpot(TM) 64-Bit Server VM (25.231-b11) for bsd-amd64 JRE (1.8.0_231-b11), built on Oct  5 2019 03:15:25 by "java_re" with gcc 4.2.1 (Based on Apple Inc. build 5658) (LLVM build 2336.11.00)
Memory: 4k page, physical 16777216k(927200k free)

/proc/meminfo:

CommandLine flags: -XX:InitialHeapSize=536870912 -XX:MaxHeapSize=536870912 -XX:+PrintGC -XX:+PrintGCDateStamps -XX:+PrintGCDetails -XX:+PrintGCTimeStamps -XX:+UseCompressedClassPointers -XX:+UseCompressedOops -XX:+UseSerialGC 
2021-01-22T10:50:29.471-0800: 0.196: [GC (Allocation Failure) 2021-01-22T10:50:29.471-0800: 0.196: [DefNew: 139776K->17472K(157248K), 0.0315161 secs] 139776K->48107K(506816K), 0.0316458 secs] [Times: user=0.02 sys=0.02, real=0.03 secs] 
2021-01-22T10:50:29.529-0800: 0.254: [GC (Allocation Failure) 2021-01-22T10:50:29.529-0800: 0.254: [DefNew: 157248K->17471K(157248K), 0.0372759 secs] 187883K->90214K(506816K), 0.0373759 secs] [Times: user=0.02 sys=0.02, real=0.04 secs] 
2021-01-22T10:50:29.591-0800: 0.316: [GC (Allocation Failure) 2021-01-22T10:50:29.591-0800: 0.316: [DefNew: 156724K->17471K(157248K), 0.0352125 secs] 229468K->137649K(506816K), 0.0353220 secs] [Times: user=0.02 sys=0.01, real=0.03 secs] 
2021-01-22T10:50:29.652-0800: 0.377: [GC (Allocation Failure) 2021-01-22T10:50:29.652-0800: 0.377: [DefNew: 157247K->17469K(157248K), 0.0317765 secs] 277425K->183757K(506816K), 0.0318825 secs] [Times: user=0.02 sys=0.01, real=0.03 secs] 
2021-01-22T10:50:29.711-0800: 0.436: [GC (Allocation Failure) 2021-01-22T10:50:29.711-0800: 0.436: [DefNew: 157245K->17471K(157248K), 0.0313731 secs] 323533K->226826K(506816K), 0.0314640 secs] [Times: user=0.02 sys=0.01, real=0.03 secs] 
2021-01-22T10:50:29.769-0800: 0.494: [GC (Allocation Failure) 2021-01-22T10:50:29.769-0800: 0.494: [DefNew: 156895K->17470K(157248K), 0.0361085 secs] 366250K->276158K(506816K), 0.0362005 secs] [Times: user=0.02 sys=0.02, real=0.04 secs] 
2021-01-22T10:50:29.831-0800: 0.556: [GC (Allocation Failure) 2021-01-22T10:50:29.831-0800: 0.556: [DefNew: 157246K->17468K(157248K), 0.0254476 secs] 415934K->310904K(506816K), 0.0255381 secs] [Times: user=0.01 sys=0.01, real=0.02 secs] 
2021-01-22T10:50:29.880-0800: 0.605: [GC (Allocation Failure) 2021-01-22T10:50:29.880-0800: 0.605: [DefNew: 157244K->17470K(157248K), 0.0356450 secs] 450680K->356762K(506816K), 0.0357315 secs] [Times: user=0.02 sys=0.01, real=0.03 secs] 
2021-01-22T10:50:29.946-0800: 0.671: [GC (Allocation Failure) 2021-01-22T10:50:29.946-0800: 0.671: [DefNew: 156878K->156878K(157248K), 0.0000242 secs]2021-01-22T10:50:29.946-0800: 0.671: [Tenured: 339292K->273238K(349568K), 0.0547574 secs] 496170K->273238K(506816K), [Metaspace: 2734K->2734K(1056768K)], 0.0549097 secs] [Times: user=0.05 sys=0.00, real=0.06 secs] 
2021-01-22T10:50:30.026-0800: 0.750: [GC (Allocation Failure) 2021-01-22T10:50:30.026-0800: 0.750: [DefNew: 139776K->17472K(157248K), 0.0099294 secs] 413014K->322948K(506816K), 0.0100276 secs] [Times: user=0.01 sys=0.00, real=0.01 secs] 
2021-01-22T10:50:30.060-0800: 0.785: [GC (Allocation Failure) 2021-01-22T10:50:30.060-0800: 0.785: [DefNew: 157248K->157248K(157248K), 0.0000234 secs]2021-01-22T10:50:30.060-0800: 0.785: [Tenured: 305476K->301143K(349568K), 0.0529358 secs] 462724K->301143K(506816K), [Metaspace: 2734K->2734K(1056768K)], 0.0530661 secs] [Times: user=0.05 sys=0.00, real=0.05 secs] 
2021-01-22T10:50:30.136-0800: 0.860: [GC (Allocation Failure) 2021-01-22T10:50:30.136-0800: 0.860: [DefNew: 139558K->17471K(157248K), 0.0091701 secs] 440701K->349421K(506816K), 0.0092867 secs] [Times: user=0.01 sys=0.00, real=0.01 secs] 
2021-01-22T10:50:30.167-0800: 0.892: [GC (Allocation Failure) 2021-01-22T10:50:30.167-0800: 0.892: [DefNew: 157247K->157247K(157248K), 0.0000450 secs]2021-01-22T10:50:30.167-0800: 0.892: [Tenured: 331949K->316812K(349568K), 0.0532657 secs] 489197K->316812K(506816K), [Metaspace: 2734K->2734K(1056768K)], 0.0534576 secs] [Times: user=0.05 sys=0.00, real=0.06 secs] 
2021-01-22T10:50:30.244-0800: 0.968: [GC (Allocation Failure) 2021-01-22T10:50:30.244-0800: 0.968: [DefNew: 139415K->139415K(157248K), 0.0000287 secs]2021-01-22T10:50:30.244-0800: 0.968: [Tenured: 316812K->310541K(349568K), 0.0554250 secs] 456228K->310541K(506816K), [Metaspace: 2734K->2734K(1056768K)], 0.0555974 secs] [Times: user=0.06 sys=0.00, real=0.05 secs] 
2021-01-22T10:50:30.322-0800: 1.047: [GC (Allocation Failure) 2021-01-22T10:50:30.322-0800: 1.047: [DefNew: 139776K->139776K(157248K), 0.0000237 secs]2021-01-22T10:50:30.322-0800: 1.047: [Tenured: 310541K->335395K(349568K), 0.0350984 secs] 450317K->335395K(506816K), [Metaspace: 2734K->2734K(1056768K)], 0.0352907 secs] [Times: user=0.03 sys=0.00, real=0.03 secs] 
Heap
 def new generation   total 157248K, used 5844K [0x00000007a0000000, 0x00000007aaaa0000, 0x00000007aaaa0000)
  eden space 139776K,   4% used [0x00000007a0000000, 0x00000007a05b50c0, 0x00000007a8880000)
  from space 17472K,   0% used [0x00000007a8880000, 0x00000007a8880000, 0x00000007a9990000)
  to   space 17472K,   0% used [0x00000007a9990000, 0x00000007a9990000, 0x00000007aaaa0000)
 tenured generation   total 349568K, used 335395K [0x00000007aaaa0000, 0x00000007c0000000, 0x00000007c0000000)
   the space 349568K,  95% used [0x00000007aaaa0000, 0x00000007bf228da0, 0x00000007bf228e00, 0x00000007c0000000)
 Metaspace       used 2741K, capacity 4486K, committed 4864K, reserved 1056768K
  class space    used 296K, capacity 386K, committed 512K, reserved 1048576K
