Java HotSpot(TM) 64-Bit Server VM (25.231-b11) for bsd-amd64 JRE (1.8.0_231-b11), built on Oct  5 2019 03:15:25 by "java_re" with gcc 4.2.1 (Based on Apple Inc. build 5658) (LLVM build 2336.11.00)
Memory: 4k page, physical 16777216k(339716k free)

/proc/meminfo:

CommandLine flags: -XX:InitialHeapSize=268435456 -XX:MaxHeapSize=268435456 -XX:+PrintGC -XX:+PrintGCDateStamps -XX:+PrintGCDetails -XX:+PrintGCTimeStamps -XX:+UseCompressedClassPointers -XX:+UseCompressedOops -XX:+UseSerialGC 
2021-01-22T10:50:05.602-0800: 0.164: [GC (Allocation Failure) 2021-01-22T10:50:05.602-0800: 0.164: [DefNew: 69952K->8704K(78656K), 0.0153050 secs] 69952K->21523K(253440K), 0.0154382 secs] [Times: user=0.01 sys=0.00, real=0.01 secs] 
2021-01-22T10:50:05.632-0800: 0.194: [GC (Allocation Failure) 2021-01-22T10:50:05.632-0800: 0.194: [DefNew: 78587K->8703K(78656K), 0.0206622 secs] 91407K->43972K(253440K), 0.0207645 secs] [Times: user=0.01 sys=0.01, real=0.02 secs] 
2021-01-22T10:50:05.666-0800: 0.229: [GC (Allocation Failure) 2021-01-22T10:50:05.666-0800: 0.229: [DefNew: 78588K->8700K(78656K), 0.0177079 secs] 113856K->68246K(253440K), 0.0178084 secs] [Times: user=0.01 sys=0.01, real=0.02 secs] 
2021-01-22T10:50:05.697-0800: 0.259: [GC (Allocation Failure) 2021-01-22T10:50:05.697-0800: 0.259: [DefNew: 78077K->8703K(78656K), 0.0159813 secs] 137623K->90480K(253440K), 0.0160784 secs] [Times: user=0.01 sys=0.01, real=0.02 secs] 
2021-01-22T10:50:05.725-0800: 0.287: [GC (Allocation Failure) 2021-01-22T10:50:05.725-0800: 0.288: [DefNew: 78602K->8702K(78656K), 0.0159938 secs] 160379K->112055K(253440K), 0.0160977 secs] [Times: user=0.01 sys=0.01, real=0.02 secs] 
2021-01-22T10:50:05.754-0800: 0.316: [GC (Allocation Failure) 2021-01-22T10:50:05.754-0800: 0.316: [DefNew: 78654K->8696K(78656K), 0.0165219 secs] 182007K->134201K(253440K), 0.0166288 secs] [Times: user=0.01 sys=0.00, real=0.02 secs] 
2021-01-22T10:50:05.784-0800: 0.346: [GC (Allocation Failure) 2021-01-22T10:50:05.784-0800: 0.346: [DefNew: 78648K->8700K(78656K), 0.0188203 secs] 204153K->157880K(253440K), 0.0189174 secs] [Times: user=0.01 sys=0.00, real=0.02 secs] 
2021-01-22T10:50:05.816-0800: 0.379: [GC (Allocation Failure) 2021-01-22T10:50:05.816-0800: 0.379: [DefNew: 78267K->78267K(78656K), 0.0000335 secs]2021-01-22T10:50:05.816-0800: 0.379: [Tenured: 149180K->157235K(174784K), 0.0366798 secs] 227447K->157235K(253440K), [Metaspace: 2734K->2734K(1056768K)], 0.0368250 secs] [Times: user=0.03 sys=0.01, real=0.04 secs] 
2021-01-22T10:50:05.865-0800: 0.427: [GC (Allocation Failure) 2021-01-22T10:50:05.865-0800: 0.427: [DefNew: 69488K->69488K(78656K), 0.0000290 secs]2021-01-22T10:50:05.865-0800: 0.427: [Tenured: 157235K->169626K(174784K), 0.0355074 secs] 226723K->169626K(253440K), [Metaspace: 2734K->2734K(1056768K)], 0.0356516 secs] [Times: user=0.03 sys=0.00, real=0.04 secs] 
2021-01-22T10:50:05.914-0800: 0.476: [GC (Allocation Failure) 2021-01-22T10:50:05.914-0800: 0.476: [DefNew: 69952K->69952K(78656K), 0.0000259 secs]2021-01-22T10:50:05.914-0800: 0.476: [Tenured: 169626K->174747K(174784K), 0.0319478 secs] 239578K->182147K(253440K), [Metaspace: 2734K->2734K(1056768K)], 0.0320996 secs] [Times: user=0.03 sys=0.00, real=0.03 secs] 
2021-01-22T10:50:05.959-0800: 0.522: [Full GC (Allocation Failure) 2021-01-22T10:50:05.959-0800: 0.522: [Tenured: 174747K->174733K(174784K), 0.0413220 secs] 253252K->192179K(253440K), [Metaspace: 2734K->2734K(1056768K)], 0.0414359 secs] [Times: user=0.04 sys=0.01, real=0.05 secs] 
2021-01-22T10:50:06.013-0800: 0.576: [Full GC (Allocation Failure) 2021-01-22T10:50:06.013-0800: 0.576: [Tenured: 174733K->174733K(174784K), 0.0085507 secs] 253182K->211902K(253440K), [Metaspace: 2734K->2734K(1056768K)], 0.0086521 secs] [Times: user=0.01 sys=0.00, real=0.01 secs] 
2021-01-22T10:50:06.029-0800: 0.592: [Full GC (Allocation Failure) 2021-01-22T10:50:06.029-0800: 0.592: [Tenured: 174733K->174508K(174784K), 0.0245242 secs] 253348K->219944K(253440K), [Metaspace: 2734K->2734K(1056768K)], 0.0246359 secs] [Times: user=0.02 sys=0.00, real=0.03 secs] 
2021-01-22T10:50:06.062-0800: 0.625: [Full GC (Allocation Failure) 2021-01-22T10:50:06.062-0800: 0.625: [Tenured: 174779K->174649K(174784K), 0.0314527 secs] 253432K->225654K(253440K), [Metaspace: 2734K->2734K(1056768K)], 0.0315563 secs] [Times: user=0.03 sys=0.00, real=0.03 secs] 
2021-01-22T10:50:06.100-0800: 0.662: [Full GC (Allocation Failure) 2021-01-22T10:50:06.100-0800: 0.662: [Tenured: 174649K->174763K(174784K), 0.0436752 secs] 253168K->220383K(253440K), [Metaspace: 2734K->2734K(1056768K)], 0.0437739 secs] [Times: user=0.04 sys=0.00, real=0.04 secs] 
2021-01-22T10:50:06.150-0800: 0.713: [Full GC (Allocation Failure) 2021-01-22T10:50:06.150-0800: 0.713: [Tenured: 174763K->174753K(174784K), 0.0154895 secs] 253363K->232754K(253440K), [Metaspace: 2734K->2734K(1056768K)], 0.0155792 secs] [Times: user=0.02 sys=0.00, real=0.01 secs] 
2021-01-22T10:50:06.170-0800: 0.732: [Full GC (Allocation Failure) 2021-01-22T10:50:06.170-0800: 0.732: [Tenured: 174753K->174433K(174784K), 0.0220538 secs] 253389K->236490K(253440K), [Metaspace: 2734K->2734K(1056768K)], 0.0221435 secs] [Times: user=0.02 sys=0.00, real=0.02 secs] 
2021-01-22T10:50:06.195-0800: 0.758: [Full GC (Allocation Failure) 2021-01-22T10:50:06.195-0800: 0.758: [Tenured: 174721K->174409K(174784K), 0.0266582 secs] 253343K->236932K(253440K), [Metaspace: 2734K->2734K(1056768K)], 0.0267395 secs] [Times: user=0.02 sys=0.00, real=0.03 secs] 
2021-01-22T10:50:06.226-0800: 0.788: [Full GC (Allocation Failure) 2021-01-22T10:50:06.226-0800: 0.788: [Tenured: 174409K->174748K(174784K), 0.0471906 secs] 252608K->228864K(253440K), [Metaspace: 2734K->2734K(1056768K)], 0.0472872 secs] [Times: user=0.04 sys=0.00, real=0.05 secs] 
2021-01-22T10:50:06.280-0800: 0.843: [Full GC (Allocation Failure) 2021-01-22T10:50:06.280-0800: 0.843: [Tenured: 174748K->174748K(174784K), 0.0137487 secs] 253029K->234942K(253440K), [Metaspace: 2734K->2734K(1056768K)], 0.0138318 secs] [Times: user=0.01 sys=0.00, real=0.01 secs] 
2021-01-22T10:50:06.299-0800: 0.861: [Full GC (Allocation Failure) 2021-01-22T10:50:06.299-0800: 0.861: [Tenured: 174766K->174766K(174784K), 0.0135254 secs] 253407K->240102K(253440K), [Metaspace: 2734K->2734K(1056768K)], 0.0136065 secs] [Times: user=0.01 sys=0.00, real=0.02 secs] 
2021-01-22T10:50:06.317-0800: 0.880: [Full GC (Allocation Failure) 2021-01-22T10:50:06.317-0800: 0.880: [Tenured: 174766K->174262K(174784K), 0.0178098 secs] 253376K->242368K(253440K), [Metaspace: 2734K->2734K(1056768K)], 0.0178886 secs] [Times: user=0.02 sys=0.00, real=0.02 secs] 
2021-01-22T10:50:06.338-0800: 0.900: [Full GC (Allocation Failure) 2021-01-22T10:50:06.338-0800: 0.900: [Tenured: 174754K->174408K(174784K), 0.0457337 secs] 253409K->236109K(253440K), [Metaspace: 2734K->2734K(1056768K)], 0.0458307 secs] [Times: user=0.05 sys=0.00, real=0.05 secs] 
2021-01-22T10:50:06.387-0800: 0.949: [Full GC (Allocation Failure) 2021-01-22T10:50:06.387-0800: 0.949: [Tenured: 174574K->174574K(174784K), 0.0089386 secs] 253132K->244299K(253440K), [Metaspace: 2734K->2734K(1056768K)], 0.0090214 secs] [Times: user=0.01 sys=0.00, real=0.01 secs] 
2021-01-22T10:50:06.398-0800: 0.960: [Full GC (Allocation Failure) 2021-01-22T10:50:06.398-0800: 0.960: [Tenured: 174574K->174574K(174784K), 0.0129445 secs] 252961K->244982K(253440K), [Metaspace: 2734K->2734K(1056768K)], 0.0130333 secs] [Times: user=0.01 sys=0.00, real=0.02 secs] 
2021-01-22T10:50:06.413-0800: 0.975: [Full GC (Allocation Failure) 2021-01-22T10:50:06.413-0800: 0.975: [Tenured: 174574K->174574K(174784K), 0.0115121 secs] 253144K->247254K(253440K), [Metaspace: 2734K->2734K(1056768K)], 0.0116164 secs] [Times: user=0.01 sys=0.00, real=0.01 secs] 
2021-01-22T10:50:06.426-0800: 0.988: [Full GC (Allocation Failure) 2021-01-22T10:50:06.426-0800: 0.988: [Tenured: 174751K->174753K(174784K), 0.0459318 secs] 253394K->243787K(253440K), [Metaspace: 2734K->2734K(1056768K)], 0.0460300 secs] [Times: user=0.04 sys=0.00, real=0.05 secs] 
2021-01-22T10:50:06.474-0800: 1.036: [Full GC (Allocation Failure) 2021-01-22T10:50:06.474-0800: 1.037: [Tenured: 174753K->174753K(174784K), 0.0104046 secs] 253376K->246347K(253440K), [Metaspace: 2734K->2734K(1056768K)], 0.0105563 secs] [Times: user=0.01 sys=0.00, real=0.01 secs] 
2021-01-22T10:50:06.486-0800: 1.049: [Full GC (Allocation Failure) 2021-01-22T10:50:06.486-0800: 1.049: [Tenured: 174753K->174753K(174784K), 0.0096000 secs] 253322K->248419K(253440K), [Metaspace: 2734K->2734K(1056768K)], 0.0096925 secs] [Times: user=0.01 sys=0.00, real=0.01 secs] 
2021-01-22T10:50:06.497-0800: 1.059: [Full GC (Allocation Failure) 2021-01-22T10:50:06.497-0800: 1.059: [Tenured: 174753K->174753K(174784K), 0.0108911 secs] 253391K->248575K(253440K), [Metaspace: 2734K->2734K(1056768K)], 0.0109890 secs] [Times: user=0.01 sys=0.00, real=0.01 secs] 
2021-01-22T10:50:06.509-0800: 1.071: [Full GC (Allocation Failure) 2021-01-22T10:50:06.509-0800: 1.071: [Tenured: 174753K->174630K(174784K), 0.0405192 secs] 253164K->246153K(253440K), [Metaspace: 2734K->2734K(1056768K)], 0.0406114 secs] [Times: user=0.04 sys=0.00, real=0.05 secs] 
Heap
 def new generation   total 78656K, used 71961K [0x00000007b0000000, 0x00000007b5550000, 0x00000007b5550000)
  eden space 69952K, 100% used [0x00000007b0000000, 0x00000007b4450000, 0x00000007b4450000)
  from space 8704K,  23% used [0x00000007b4cd0000, 0x00000007b4ec6540, 0x00000007b5550000)
  to   space 8704K,   0% used [0x00000007b4450000, 0x00000007b4450000, 0x00000007b4cd0000)
 tenured generation   total 174784K, used 174630K [0x00000007b5550000, 0x00000007c0000000, 0x00000007c0000000)
   the space 174784K,  99% used [0x00000007b5550000, 0x00000007bffd9a20, 0x00000007bffd9c00, 0x00000007c0000000)
 Metaspace       used 2741K, capacity 4486K, committed 4864K, reserved 1056768K
  class space    used 296K, capacity 386K, committed 512K, reserved 1048576K
